Archive member included to satisfy reference by file (symbol)

c:/st/stm32cubeide_1.4.0/stm32cubeide/plugins/com.st.stm32cube.ide.mcu.externaltools.gnu-tools-for-stm32.7-2018-q2-update.win32_1.4.0.202007081208/tools/bin/../lib/gcc/arm-none-eabi/7.3.1/../../../../arm-none-eabi/lib/thumb/v7-m\libc_nano.a(lib_a-errno.o)
                              Src/syscalls.o (__errno)
c:/st/stm32cubeide_1.4.0/stm32cubeide/plugins/com.st.stm32cube.ide.mcu.externaltools.gnu-tools-for-stm32.7-2018-q2-update.win32_1.4.0.202007081208/tools/bin/../lib/gcc/arm-none-eabi/7.3.1/../../../../arm-none-eabi/lib/thumb/v7-m\libc_nano.a(lib_a-exit.o)
                              c:/st/stm32cubeide_1.4.0/stm32cubeide/plugins/com.st.stm32cube.ide.mcu.externaltools.gnu-tools-for-stm32.7-2018-q2-update.win32_1.4.0.202007081208/tools/bin/../lib/gcc/arm-none-eabi/7.3.1/../../../../arm-none-eabi/lib/thumb/v7-m/crt0.o (exit)
c:/st/stm32cubeide_1.4.0/stm32cubeide/plugins/com.st.stm32cube.ide.mcu.externaltools.gnu-tools-for-stm32.7-2018-q2-update.win32_1.4.0.202007081208/tools/bin/../lib/gcc/arm-none-eabi/7.3.1/../../../../arm-none-eabi/lib/thumb/v7-m\libc_nano.a(lib_a-impure.o)
                              c:/st/stm32cubeide_1.4.0/stm32cubeide/plugins/com.st.stm32cube.ide.mcu.externaltools.gnu-tools-for-stm32.7-2018-q2-update.win32_1.4.0.202007081208/tools/bin/../lib/gcc/arm-none-eabi/7.3.1/../../../../arm-none-eabi/lib/thumb/v7-m\libc_nano.a(lib_a-exit.o) (_global_impure_ptr)
c:/st/stm32cubeide_1.4.0/stm32cubeide/plugins/com.st.stm32cube.ide.mcu.externaltools.gnu-tools-for-stm32.7-2018-q2-update.win32_1.4.0.202007081208/tools/bin/../lib/gcc/arm-none-eabi/7.3.1/../../../../arm-none-eabi/lib/thumb/v7-m\libc_nano.a(lib_a-init.o)
                              c:/st/stm32cubeide_1.4.0/stm32cubeide/plugins/com.st.stm32cube.ide.mcu.externaltools.gnu-tools-for-stm32.7-2018-q2-update.win32_1.4.0.202007081208/tools/bin/../lib/gcc/arm-none-eabi/7.3.1/../../../../arm-none-eabi/lib/thumb/v7-m/crt0.o (__libc_init_array)
c:/st/stm32cubeide_1.4.0/stm32cubeide/plugins/com.st.stm32cube.ide.mcu.externaltools.gnu-tools-for-stm32.7-2018-q2-update.win32_1.4.0.202007081208/tools/bin/../lib/gcc/arm-none-eabi/7.3.1/../../../../arm-none-eabi/lib/thumb/v7-m\libc_nano.a(lib_a-memset.o)
                              c:/st/stm32cubeide_1.4.0/stm32cubeide/plugins/com.st.stm32cube.ide.mcu.externaltools.gnu-tools-for-stm32.7-2018-q2-update.win32_1.4.0.202007081208/tools/bin/../lib/gcc/arm-none-eabi/7.3.1/../../../../arm-none-eabi/lib/thumb/v7-m/crt0.o (memset)

Allocating common symbols
Common symbol       size              file

Pinconfig           0x4               HAL/keypad/keypad.o
Gp_IRQ_Callback     0x3c              STM32F103C6_Drivers/STM32F103C6_EXTI_driver.o

Discarded input sections

 .text          0x0000000000000000        0x0 c:/st/stm32cubeide_1.4.0/stm32cubeide/plugins/com.st.stm32cube.ide.mcu.externaltools.gnu-tools-for-stm32.7-2018-q2-update.win32_1.4.0.202007081208/tools/bin/../lib/gcc/arm-none-eabi/7.3.1/thumb/v7-m/crti.o
 .data          0x0000000000000000        0x0 c:/st/stm32cubeide_1.4.0/stm32cubeide/plugins/com.st.stm32cube.ide.mcu.externaltools.gnu-tools-for-stm32.7-2018-q2-update.win32_1.4.0.202007081208/tools/bin/../lib/gcc/arm-none-eabi/7.3.1/thumb/v7-m/crti.o
 .bss           0x0000000000000000        0x0 c:/st/stm32cubeide_1.4.0/stm32cubeide/plugins/com.st.stm32cube.ide.mcu.externaltools.gnu-tools-for-stm32.7-2018-q2-update.win32_1.4.0.202007081208/tools/bin/../lib/gcc/arm-none-eabi/7.3.1/thumb/v7-m/crti.o
 .data          0x0000000000000000        0x4 c:/st/stm32cubeide_1.4.0/stm32cubeide/plugins/com.st.stm32cube.ide.mcu.externaltools.gnu-tools-for-stm32.7-2018-q2-update.win32_1.4.0.202007081208/tools/bin/../lib/gcc/arm-none-eabi/7.3.1/thumb/v7-m/crtbegin.o
 .text          0x0000000000000000       0x74 c:/st/stm32cubeide_1.4.0/stm32cubeide/plugins/com.st.stm32cube.ide.mcu.externaltools.gnu-tools-for-stm32.7-2018-q2-update.win32_1.4.0.202007081208/tools/bin/../lib/gcc/arm-none-eabi/7.3.1/../../../../arm-none-eabi/lib/thumb/v7-m/crt0.o
 .data          0x0000000000000000        0x0 c:/st/stm32cubeide_1.4.0/stm32cubeide/plugins/com.st.stm32cube.ide.mcu.externaltools.gnu-tools-for-stm32.7-2018-q2-update.win32_1.4.0.202007081208/tools/bin/../lib/gcc/arm-none-eabi/7.3.1/../../../../arm-none-eabi/lib/thumb/v7-m/crt0.o
 .bss           0x0000000000000000        0x0 c:/st/stm32cubeide_1.4.0/stm32cubeide/plugins/com.st.stm32cube.ide.mcu.externaltools.gnu-tools-for-stm32.7-2018-q2-update.win32_1.4.0.202007081208/tools/bin/../lib/gcc/arm-none-eabi/7.3.1/../../../../arm-none-eabi/lib/thumb/v7-m/crt0.o
 .ARM.extab     0x0000000000000000        0x0 c:/st/stm32cubeide_1.4.0/stm32cubeide/plugins/com.st.stm32cube.ide.mcu.externaltools.gnu-tools-for-stm32.7-2018-q2-update.win32_1.4.0.202007081208/tools/bin/../lib/gcc/arm-none-eabi/7.3.1/../../../../arm-none-eabi/lib/thumb/v7-m/crt0.o
[...]
Memory Configuration

Name             Origin             Length             Attributes
RAM              0x0000000020000000 0x0000000000002800 xrw
ROM              0x0000000008000000 0x0000000000008000 xr
*default*        0x0000000000000000 0xffffffffffffffff

Linker script and memory map

LOAD c:/st/stm32cubeide_1.4.0/stm32cubeide/plugins/com.st.stm32cube.ide.mcu.externaltools.gnu-tools-for-stm32.7-2018-q2-update.win32_1.4.0.202007081208/tools/bin/../lib/gcc/arm-none-eabi/7.3.1/thumb/v7-m/crti.o
LOAD c:/st/stm32cubeide_1.4.0/stm32cubeide/plugins/com.st.stm32cube.ide.mcu.externaltools.gnu-tools-for-stm32.7-2018-q2-update.win32_1.4.0.202007081208/tools/bin/../lib/gcc/arm-none-eabi/7.3.1/thumb/v7-m/crtbegin.o
LOAD c:/st/stm32cubeide_1.4.0/stm32cubeide/plugins/com.st.stm32cube.ide.mcu.externaltools.gnu-tools-for-stm32.7-2018-q2-update.win32_1.4.0.202007081208/tools/bin/../lib/gcc/arm-none-eabi/7.3.1/../../../../arm-none-eabi/lib/thumb/v7-m/crt0.o
LOAD HAL/EEPROM/I2C_Slave_EEPROM.o
LOAD HAL/keypad/keypad.o
LOAD HAL/lcd/lcd.o
LOAD STM32F103C6_Drivers/STM32F103C6_EXTI_driver.o
LOAD STM32F103C6_Drivers/STM32F103C6_GPIO_driver.o
LOAD STM32F103C6_Drivers/STM32F103C6_I2C_driver.o
LOAD STM32F103C6_Drivers/STM32F103C6_RCC_driver.o
LOAD STM32F103C6_Drivers/STM32F103C6_SPI_driver.o
LOAD STM32F103C6_Drivers/STM32F103C6_USART_driver.o
LOAD Src/main.o
LOAD Src/syscalls.o
LOAD Src/sysmem.o
LOAD Startup/startup_stm32f103c6tx.o
START GROUP
LOAD c:/st/stm32cubeide_1.4.0/stm32cubeide/plugins/com.st.stm32cube.ide.mcu.externaltools.gnu-tools-for-stm32.7-2018-q2-update.win32_1.4.0.202007081208/tools/bin/../lib/gcc/arm-none-eabi/7.3.1/../../../../arm-none-eabi/lib/thumb/v7-m\libc_nano.a
LOAD c:/st/stm32cubeide_1.4.0/stm32cubeide/plugins/com.st.stm32cube.ide.mcu.externaltools.gnu-tools-for-stm32.7-2018-q2-update.win32_1.4.0.202007081208/tools/bin/../lib/gcc/arm-none-eabi/7.3.1/../../../../arm-none-eabi/lib/thumb/v7-m\libm.a
END GROUP
START GROUP
LOAD c:/st/stm32cubeide_1.4.0/stm32cubeide/plugins/com.st.stm32cube.ide.mcu.externaltools.gnu-tools-for-stm32.7-2018-q2-update.win32_1.4.0.202007081208/tools/bin/../lib/gcc/arm-none-eabi/7.3.1/thumb/v7-m\libgcc.a
LOAD c:/st/stm32cubeide_1.4.0/stm32cubeide/plugins/com.st.stm32cube.ide.mcu.externaltools.gnu-tools-for-stm32.7-2018-q2-update.win32_1.4.0.202007081208/tools/bin/../lib/gcc/arm-none-eabi/7.3.1/../../../../arm-none-eabi/lib/thumb/v7-m\libc_nano.a
END GROUP
START GROUP
LOAD c:/st/stm32cubeide_1.4.0/stm32cubeide/plugins/com.st.stm32cube.ide.mcu.externaltools.gnu-tools-for-stm32.7-2018-q2-update.win32_1.4.0.202007081208/tools/bin/../lib/gcc/arm-none-eabi/7.3.1/thumb/v7-m\libgcc.a
LOAD c:/st/stm32cubeide_1.4.0/stm32cubeide/plugins/com.st.stm32cube.ide.mcu.externaltools.gnu-tools-for-stm32.7-2018-q2-update.win32_1.4.0.202007081208/tools/bin/../lib/gcc/arm-none-eabi/7.3.1/../../../../arm-none-eabi/lib/thumb/v7-m\libc_nano.a
LOAD c:/st/stm32cubeide_1.4.0/stm32cubeide/plugins/com.st.stm32cube.ide.mcu.externaltools.gnu-tools-for-stm32.7-2018-q2-update.win32_1.4.0.202007081208/tools/bin/../lib/gcc/arm-none-eabi/7.3.1/../../../../arm-none-eabi/lib/thumb/v7-m\libnosys.a
END GROUP
START GROUP
LOAD c:/st/stm32cubeide_1.4.0/stm32cubeide/plugins/com.st.stm32cube.ide.mcu.externaltools.gnu-tools-for-stm32.7-2018-q2-update.win32_1.4.0.202007081208/tools/bin/../lib/gcc/arm-none-eabi/7.3.1/thumb/v7-m\libgcc.a
LOAD c:/st/stm32cubeide_1.4.0/stm32cubeide/plugins/com.st.stm32cube.ide.mcu.externaltools.gnu-tools-for-stm32.7-2018-q2-update.win32_1.4.0.202007081208/tools/bin/../lib/gcc/arm-none-eabi/7.3.1/../../../../arm-none-eabi/lib/thumb/v7-m\libc_nano.a
LOAD c:/st/stm32cubeide_1.4.0/stm32cubeide/plugins/com.st.stm32cube.ide.mcu.externaltools.gnu-tools-for-stm32.7-2018-q2-update.win32_1.4.0.202007081208/tools/bin/../lib/gcc/arm-none-eabi/7.3.1/../../../../arm-none-eabi/lib/thumb/v7-m\libnosys.a
END GROUP
LOAD c:/st/stm32cubeide_1.4.0/stm32cubeide/plugins/com.st.stm32cube.ide.mcu.externaltools.gnu-tools-for-stm32.7-2018-q2-update.win32_1.4.0.202007081208/tools/bin/../lib/gcc/arm-none-eabi/7.3.1/thumb/v7-m/crtend.o
LOAD c:/st/stm32cubeide_1.4.0/stm32cubeide/plugins/com.st.stm32cube.ide.mcu.externaltools.gnu-tools-for-stm32.7-2018-q2-update.win32_1.4.0.202007081208/tools/bin/../lib/gcc/arm-none-eabi/7.3.1/thumb/v7-m/crtn.o
                0x0000000020002800                _estack = (ORIGIN (RAM) + LENGTH (RAM))
                0x0000000000000200                _Min_Heap_Size = 0x200
                0x0000000000000400                _Min_Stack_Size = 0x400

.isr_vector     0x0000000008000000      0x130
                0x0000000008000000                . = ALIGN (0x4)
 *(.isr_vector)
 .isr_vector    0x0000000008000000      0x130 Startup/startup_stm32f103c6tx.o
                0x0000000008000000                g_pfnVectors
                0x0000000008000130                . = ALIGN (0x4)

.text           0x0000000008000130      0xe3c
                0x0000000008000130                . = ALIGN (0x4)
 *(.text)
 .text          0x0000000008000130       0x40 c:/st/stm32cubeide_1.4.0/stm32cubeide/plugins/com.st.stm32cube.ide.mcu.externaltools.gnu-tools-for-stm32.7-2018-q2-update.win32_1.4.0.202007081208/tools/bin/../lib/gcc/arm-none-eabi/7.3.1/thumb/v7-m/crtbegin.o
 *(.text*)
 .text.EEPROM_INIT
                0x0000000008000170       0x3c HAL/EEPROM/I2C_Slave_EEPROM.o
                0x0000000008000170                EEPROM_INIT
 .text.EEPROM_WRITE_DATA
                0x00000000080001ac       0xa4 HAL/EEPROM/I2C_Slave_EEPROM.o
                0x00000000080001ac                EEPROM_WRITE_DATA
 .text.EEPROM_READ_DATA
                0x0000000008000250       0x58 HAL/EEPROM/I2C_Slave_EEPROM.o
                0x0000000008000250                EEPROM_READ_DATA
 .text.EXTI0_IRQHandler
                0x00000000080002a8       0x24 STM32F103C6_Drivers/STM32F103C6_EXTI_driver.o
                0x00000000080002a8                EXTI0_IRQHandler
 .text.EXTI1_IRQHandler
                0x00000000080002cc       0x24 STM32F103C6_Drivers/STM32F103C6_EXTI_driver.o
                0x00000000080002cc                EXTI1_IRQHandler
 .text.EXTI2_IRQHandler
                0x00000000080002f0       0x24 STM32F103C6_Drivers/STM32F103C6_EXTI_driver.o
                0x00000000080002f0                EXTI2_IRQHandler
 .text.EXTI3_IRQHandler
                0x0000000008000314       0x24 STM32F103C6_Drivers/STM32F103C6_EXTI_driver.o
                0x0000000008000314                EXTI3_IRQHandler
 .text.EXTI4_IRQHandler
                0x0000000008000338       0x24 STM32F103C6_Drivers/STM32F103C6_EXTI_driver.o
                0x0000000008000338                EXTI4_IRQHandler
 .text.EXTI9_5_IRQHandler
                0x000000000800035c       0xa8 STM32F103C6_Drivers/STM32F103C6_EXTI_driver.o
                0x000000000800035c                EXTI9_5_IRQHandler
 .text.EXTI15_10_IRQHandler
                0x0000000008000404       0xc4 STM32F103C6_Drivers/STM32F103C6_EXTI_driver.o
                0x0000000008000404                EXTI15_10_IRQHandler
 .text.GET_CRLH_Position
                0x00000000080004c8       0xc6 STM32F103C6_Drivers/STM32F103C6_GPIO_driver.o
 .text.MCAL_GPIO_Init
                0x000000000800058e       0xfe STM32F103C6_Drivers/STM32F103C6_GPIO_driver.o
                0x000000000800058e                MCAL_GPIO_Init
 .text.MCAL_I2C_Init
                0x000000000800068c      0x20c STM32F103C6_Drivers/STM32F103C6_I2C_driver.o
                0x000000000800068c                MCAL_I2C_Init
 .text.MCAL_I2C_GPIO_Set_Pins
                0x0000000008000898       0x88 STM32F103C6_Drivers/STM32F103C6_I2C_driver.o
                0x0000000008000898                MCAL_I2C_GPIO_Set_Pins
 .text.MCAL_I2C_MASTER_TX
                0x0000000008000920       0xac STM32F103C6_Drivers/STM32F103C6_I2C_driver.o
                0x0000000008000920                MCAL_I2C_MASTER_TX
 .text.MCAL_I2C_MASTER_RX
                0x00000000080009cc       0xe8 STM32F103C6_Drivers/STM32F103C6_I2C_driver.o
                0x00000000080009cc                MCAL_I2C_MASTER_RX
 .text.I2C_GENERATE_START
                0x0000000008000ab4       0x4e STM32F103C6_Drivers/STM32F103C6_I2C_driver.o
                0x0000000008000ab4                I2C_GENERATE_START
 *fill*         0x0000000008000b02        0x2 
 .text.I2C_GET_FLAG_STATUS
                0x0000000008000b04      0x120 STM32F103C6_Drivers/STM32F103C6_I2C_driver.o
                0x0000000008000b04                I2C_GET_FLAG_STATUS
 .text.I2C_SEND_ADDRESS
                0x0000000008000c24       0x3e STM32F103C6_Drivers/STM32F103C6_I2C_driver.o
                0x0000000008000c24                I2C_SEND_ADDRESS
 .text.I2C_GENERATE_STOP
                0x0000000008000c62       0x36 STM32F103C6_Drivers/STM32F103C6_I2C_driver.o
                0x0000000008000c62                I2C_GENERATE_STOP
 .text.MCAL_RCC_GetSYSCLKFreq
                0x0000000008000c98       0x3c STM32F103C6_Drivers/STM32F103C6_RCC_driver.o
                0x0000000008000c98                MCAL_RCC_GetSYSCLKFreq
 .text.MCAL_RCC_GetHCLKFreq
                0x0000000008000cd4       0x28 STM32F103C6_Drivers/STM32F103C6_RCC_driver.o
                0x0000000008000cd4                MCAL_RCC_GetHCLKFreq
 .text.MCAL_RCC_GetPCLK1Freq
                0x0000000008000cfc       0x28 STM32F103C6_Drivers/STM32F103C6_RCC_driver.o
                0x0000000008000cfc                MCAL_RCC_GetPCLK1Freq
 .text.SPI1_IRQHandler
                0x0000000008000d24       0x5c STM32F103C6_Drivers/STM32F103C6_SPI_driver.o
                0x0000000008000d24                SPI1_IRQHandler
 .text.SPI2_IRQHandler
                0x0000000008000d80       0x5c STM32F103C6_Drivers/STM32F103C6_SPI_driver.o
                0x0000000008000d80                SPI2_IRQHandler
 .text.USART1_IRQHandler
                0x0000000008000ddc       0x14 STM32F103C6_Drivers/STM32F103C6_USART_driver.o
                0x0000000008000ddc                USART1_IRQHandler
 .text.USART2_IRQHandler
                0x0000000008000df0       0x14 STM32F103C6_Drivers/STM32F103C6_USART_driver.o
                0x0000000008000df0                USART2_IRQHandler
 .text.USART3_IRQHandler
                0x0000000008000e04       0x14 STM32F103C6_Drivers/STM32F103C6_USART_driver.o
                0x0000000008000e04                USART3_IRQHandler
 .text.main     0x0000000008000e18       0xa0 Src/main.o
                0x0000000008000e18                main
 .text.Reset_Handler
                0x0000000008000eb8       0x50 Startup/startup_stm32f103c6tx.o
                0x0000000008000eb8                Reset_Handler
 .text.Default_Handler
                0x0000000008000f08        0x2 Startup/startup_stm32f103c6tx.o
                0x0000000008000f08                TIM8_TRG_COM_IRQHandler
                0x0000000008000f08                TIM8_CC_IRQHandler
                0x0000000008000f08                DebugMon_Handler
                0x0000000008000f08                TIM1_CC_IRQHandler
                0x0000000008000f08                HardFault_Handler
                0x0000000008000f08                TIM6_IRQHandler
                0x0000000008000f08                SysTick_Handler
                0x0000000008000f08                PVD_IRQHandler
                0x0000000008000f08                SDIO_IRQHandler
                0x0000000008000f08                PendSV_Handler
                0x0000000008000f08                NMI_Handler
                0x0000000008000f08                USB_HP_CAN_TX_IRQHandler
                0x0000000008000f08                I2C2_EV_IRQHandler
                0x0000000008000f08                UsageFault_Handler
                0x0000000008000f08                ADC1_2_IRQHandler
                0x0000000008000f08                CAN_SCE_IRQHandler
                0x0000000008000f08                TAMPER_IRQHandler
                0x0000000008000f08                TIM8_UP_IRQHandler
                0x0000000008000f08                DMA2_Channel2_IRQHandler
                0x0000000008000f08                DMA1_Channel4_IRQHandler
                0x0000000008000f08                RTC_IRQHandler
                0x0000000008000f08                DMA1_Channel7_IRQHandler
                0x0000000008000f08                UART5_IRQHandler
                0x0000000008000f08                ADC3_IRQHandler
                0x0000000008000f08                TIM4_IRQHandler
                0x0000000008000f08                CAN_RX1_IRQHandler
                0x0000000008000f08                DMA2_Channel1_IRQHandler
                0x0000000008000f08                I2C1_EV_IRQHandler
                0x0000000008000f08                DMA1_Channel6_IRQHandler
                0x0000000008000f08                UART4_IRQHandler
                0x0000000008000f08                TIM3_IRQHandler
                0x0000000008000f08                RCC_IRQHandler
                0x0000000008000f08                TIM1_TRG_COM_IRQHandler
                0x0000000008000f08                DMA1_Channel1_IRQHandler
                0x0000000008000f08                Default_Handler
                0x0000000008000f08                TIM7_IRQHandler
                0x0000000008000f08                TIM5_IRQHandler
                0x0000000008000f08                USB_LP_CAN_RX0_IRQHandler
                0x0000000008000f08                MemManage_Handler
                0x0000000008000f08                SVC_Handler
                0x0000000008000f08                DMA1_Channel5_IRQHandler
                0x0000000008000f08                DMA1_Channel3_IRQHandler
                0x0000000008000f08                FSMC_IRQHandler
                0x0000000008000f08                TIM1_UP_IRQHandler
                0x0000000008000f08                WWDG_IRQHandler
                0x0000000008000f08                TIM2_IRQHandler
                0x0000000008000f08                TIM1_BRK_IRQHandler
                0x0000000008000f08                RTCAlarm_IRQHandler
                0x0000000008000f08                DMA2_Channel4_5_IRQHandler
                0x0000000008000f08                I2C2_ER_IRQHandler
                0x0000000008000f08                DMA1_Channel2_IRQHandler
                0x0000000008000f08                TIM8_BRK_IRQHandler
                0x0000000008000f08                FLASH_IRQHandler
                0x0000000008000f08                BusFault_Handler
                0x0000000008000f08                SPI3_IRQHandler
                0x0000000008000f08                I2C1_ER_IRQHandler
                0x0000000008000f08                DMA2_Channel3_IRQHandler
 *fill*         0x0000000008000f0a        0x2 
 .text.__libc_init_array
                0x0000000008000f0c       0x48 c:/st/stm32cubeide_1.4.0/stm32cubeide/plugins/com.st.stm32cube.ide.mcu.externaltools.gnu-tools-for-stm32.7-2018-q2-update.win32_1.4.0.202007081208/tools/bin/../lib/gcc/arm-none-eabi/7.3.1/../../../../arm-none-eabi/lib/thumb/v7-m\libc_nano.a(lib_a-init.o)
                0x0000000008000f0c                __libc_init_array
 *(.glue_7)
 .glue_7        0x0000000008000f54        0x0 linker stubs
 *(.glue_7t)
 .glue_7t       0x0000000008000f54        0x0 linker stubs
 *(.eh_frame)
 .eh_frame      0x0000000008000f54        0x0 c:/st/stm32cubeide_1.4.0/stm32cubeide/plugins/com.st.stm32cube.ide.mcu.externaltools.gnu-tools-for-stm32.7-2018-q2-update.win32_1.4.0.202007081208/tools/bin/../lib/gcc/arm-none-eabi/7.3.1/thumb/v7-m/crtbegin.o
 *(.init)
 .init          0x0000000008000f54        0x4 c:/st/stm32cubeide_1.4.0/stm32cubeide/plugins/com.st.stm32cube.ide.mcu.externaltools.gnu-tools-for-stm32.7-2018-q2-update.win32_1.4.0.202007081208/tools/bin/../lib/gcc/arm-none-eabi/7.3.1/thumb/v7-m/crti.o
                0x0000000008000f54                _init
 .init          0x0000000008000f58        0x8 c:/st/stm32cubeide_1.4.0/stm32cubeide/plugins/com.st.stm32cube.ide.mcu.externaltools.gnu-tools-for-stm32.7-2018-q2-update.win32_1.4.0.202007081208/tools/bin/../lib/gcc/arm-none-eabi/7.3.1/thumb/v7-m/crtn.o
 *(.fini)
 .fini          0x0000000008000f60        0x4 c:/st/stm32cubeide_1.4.0/stm32cubeide/plugins/com.st.stm32cube.ide.mcu.externaltools.gnu-tools-for-stm32.7-2018-q2-update.win32_1.4.0.202007081208/tools/bin/../lib/gcc/arm-none-eabi/7.3.1/thumb/v7-m/crti.o
                0x0000000008000f60                _fini
 .fini          0x0000000008000f64        0x8 c:/st/stm32cubeide_1.4.0/stm32cubeide/plugins/com.st.stm32cube.ide.mcu.externaltools.gnu-tools-for-stm32.7-2018-q2-update.win32_1.4.0.202007081208/tools/bin/../lib/gcc/arm-none-eabi/7.3.1/thumb/v7-m/crtn.o
                0x0000000008000f6c                . = ALIGN (0x4)
                0x0000000008000f6c                _etext = .

.vfp11_veneer   0x0000000008000f6c        0x0
 .vfp11_veneer  0x0000000008000f6c        0x0 linker stubs

.v4_bx          0x0000000008000f6c        0x0
 .v4_bx         0x0000000008000f6c        0x0 linker stubs

.iplt           0x0000000008000f6c        0x0
 .iplt          0x0000000008000f6c        0x0 c:/st/stm32cubeide_1.4.0/stm32cubeide/plugins/com.st.stm32cube.ide.mcu.externaltools.gnu-tools-for-stm32.7-2018-q2-update.win32_1.4.0.202007081208/tools/bin/../lib/gcc/arm-none-eabi/7.3.1/thumb/v7-m/crtbegin.o

.rodata         0x0000000008000f6c       0x20
                0x0000000008000f6c                . = ALIGN (0x4)
 *(.rodata)
 .rodata        0x0000000008000f6c        0x7 Src/main.o
 *(.rodata*)
 *fill*         0x0000000008000f73        0x1 
 .rodata.APB_Prescaler_Table
                0x0000000008000f74        0x8 STM32F103C6_Drivers/STM32F103C6_RCC_driver.o
                0x0000000008000f74                APB_Prescaler_Table
 .rodata.AHB_Prescaler_Table
                0x0000000008000f7c       0x10 STM32F103C6_Drivers/STM32F103C6_RCC_driver.o
                0x0000000008000f7c                AHB_Prescaler_Table
                0x0000000008000f8c                . = ALIGN (0x4)

.rel.dyn        0x0000000008000f8c        0x0
 .rel.iplt      0x0000000008000f8c        0x0 c:/st/stm32cubeide_1.4.0/stm32cubeide/plugins/com.st.stm32cube.ide.mcu.externaltools.gnu-tools-for-stm32.7-2018-q2-update.win32_1.4.0.202007081208/tools/bin/../lib/gcc/arm-none-eabi/7.3.1/thumb/v7-m/crtbegin.o

.ARM.extab      0x0000000008000f8c        0x0
                0x0000000008000f8c                . = ALIGN (0x4)
 *(.ARM.extab* .gnu.linkonce.armextab.*)
                0x0000000008000f8c                . = ALIGN (0x4)

.ARM            0x0000000008000f8c        0x0
                0x0000000008000f8c                . = ALIGN (0x4)
                0x0000000008000f8c                __exidx_start = .
 *(.ARM.exidx*)
                0x0000000008000f8c                __exidx_end = .
                0x0000000008000f8c                . = ALIGN (0x4)

.preinit_array  0x0000000008000f8c        0x0
                0x0000000008000f8c                . = ALIGN (0x4)
                0x0000000008000f8c                PROVIDE (__preinit_array_start = .)
 *(.preinit_array*)
                0x0000000008000f8c                PROVIDE (__preinit_array_end = .)
                0x0000000008000f8c                . = ALIGN (0x4)

.init_array     0x0000000008000f8c        0x4
                0x0000000008000f8c                . = ALIGN (0x4)
                0x0000000008000f8c                PROVIDE (__init_array_start = .)
 *(SORT_BY_NAME(.init_array.*))
 *(.init_array*)
 .init_array    0x0000000008000f8c        0x4 c:/st/stm32cubeide_1.4.0/stm32cubeide/plugins/com.st.stm32cube.ide.mcu.externaltools.gnu-tools-for-stm32.7-2018-q2-update.win32_1.4.0.202007081208/tools/bin/../lib/gcc/arm-none-eabi/7.3.1/thumb/v7-m/crtbegin.o
                0x0000000008000f90                PROVIDE (__init_array_end = .)
                0x0000000008000f90                . = ALIGN (0x4)

.fini_array     0x0000000008000f90        0x4
                0x0000000008000f90                . = ALIGN (0x4)
                [!provide]                        PROVIDE (__fini_array_start = .)
 *(SORT_BY_NAME(.fini_array.*))
 *(.fini_array*)
 .fini_array    0x0000000008000f90        0x4 c:/st/stm32cubeide_1.4.0/stm32cubeide/plugins/com.st.stm32cube.ide.mcu.externaltools.gnu-tools-for-stm32.7-2018-q2-update.win32_1.4.0.202007081208/tools/bin/../lib/gcc/arm-none-eabi/7.3.1/thumb/v7-m/crtbegin.o
                [!provide]                        PROVIDE (__fini_array_end = .)
                0x0000000008000f94                . = ALIGN (0x4)
                0x0000000008000f94                _sidata = LOADADDR (.data)

.data           0x0000000020000000        0x0 load address 0x0000000008000f94
                0x0000000020000000                . = ALIGN (0x4)
                0x0000000020000000                _sdata = .
 *(.data)
 *(.data*)
                0x0000000020000000                . = ALIGN (0x4)
                0x0000000020000000                _edata = .

.igot.plt       0x0000000020000000        0x0 load address 0x0000000008000f94
 .igot.plt      0x0000000020000000        0x0 c:/st/stm32cubeide_1.4.0/stm32cubeide/plugins/com.st.stm32cube.ide.mcu.externaltools.gnu-tools-for-stm32.7-2018-q2-update.win32_1.4.0.202007081208/tools/bin/../lib/gcc/arm-none-eabi/7.3.1/thumb/v7-m/crtbegin.o
                0x0000000020000000                . = ALIGN (0x4)

.bss            0x0000000020000000       0xac load address 0x0000000008000f94
                0x0000000020000000                _sbss = .
                0x0000000020000000                __bss_start__ = _sbss
 *(.bss)
 .bss           0x0000000020000000       0x1c c:/st/stm32cubeide_1.4.0/stm32cubeide/plugins/com.st.stm32cube.ide.mcu.externaltools.gnu-tools-for-stm32.7-2018-q2-update.win32_1.4.0.202007081208/tools/bin/../lib/gcc/arm-none-eabi/7.3.1/thumb/v7-m/crtbegin.o
 *(.bss*)
 .bss.Global_I2C_Config
                0x000000002000001c       0x40 STM32F103C6_Drivers/STM32F103C6_I2C_driver.o
                0x000000002000001c                Global_I2C_Config
 .bss.Global_SPI_Config
                0x000000002000005c        0x8 STM32F103C6_Drivers/STM32F103C6_SPI_driver.o
                0x000000002000005c                Global_SPI_Config
 .bss.Global_USART_Config
                0x0000000020000064        0xc STM32F103C6_Drivers/STM32F103C6_USART_driver.o
                0x0000000020000064                Global_USART_Config
 *(COMMON)
 COMMON         0x0000000020000070       0x3c STM32F103C6_Drivers/STM32F103C6_EXTI_driver.o
                0x0000000020000070                Gp_IRQ_Callback
                0x00000000200000ac                . = ALIGN (0x4)
                0x00000000200000ac                _ebss = .
                0x00000000200000ac                __bss_end__ = _ebss

._user_heap_stack
                0x00000000200000ac      0x604 load address 0x0000000008000f94
                0x00000000200000b0                . = ALIGN (0x8)
 *fill*         0x00000000200000ac        0x4 
                [!provide]                        PROVIDE (end = .)
                0x00000000200000b0                PROVIDE (_end = .)
                0x00000000200002b0                . = (. + _Min_Heap_Size)
 *fill*         0x00000000200000b0      0x200 
                0x00000000200006b0                . = (. + _Min_Stack_Size)
 *fill*         0x00000000200002b0      0x400 
                0x00000000200006b0                . = ALIGN (0x8)

/DISCARD/
 libc.a(*)
 libm.a(*)
 libgcc.a(*)

.ARM.attributes
                0x0000000000000000       0x29
 *(.ARM.attributes)
 .ARM.attributes
                0x0000000000000000       0x1d c:/st/stm32cubeide_1.4.0/stm32cubeide/plugins/com.st.stm32cube.ide.mcu.externaltools.gnu-tools-for-stm32.7-2018-q2-update.win32_1.4.0.202007081208/tools/bin/../lib/gcc/arm-none-eabi/7.3.1/thumb/v7-m/crti.o
 .ARM.attributes
                0x000000000000001d       0x2d c:/st/stm32cubeide_1.4.0/stm32cubeide/plugins/com.st.stm32cube.ide.mcu.externaltools.gnu-tools-for-stm32.7-2018-q2-update.win32_1.4.0.202007081208/tools/bin/../lib/gcc/arm-none-eabi/7.3.1/thumb/v7-m/crtbegin.o
 .ARM.attributes
                0x000000000000004a       0x33 HAL/EEPROM/I2C_Slave_EEPROM.o
 .ARM.attributes
                0x000000000000007d       0x33 STM32F103C6_Drivers/STM32F103C6_EXTI_driver.o
 .ARM.attributes
                0x00000000000000b0       0x33 STM32F103C6_Drivers/STM32F103C6_GPIO_driver.o
 .ARM.attributes
                0x00000000000000e3       0x33 STM32F103C6_Drivers/STM32F103C6_I2C_driver.o
 .ARM.attributes
                0x0000000000000116       0x33 STM32F103C6_Drivers/STM32F103C6_RCC_driver.o
 .ARM.attributes
                0x0000000000000149       0x33 STM32F103C6_Drivers/STM32F103C6_SPI_driver.o
 .ARM.attributes
                0x000000000000017c       0x33 STM32F103C6_Drivers/STM32F103C6_USART_driver.o
 .ARM.attributes
                0x00000000000001af       0x33 Src/main.o
 .ARM.attributes
                0x00000000000001e2       0x21 Startup/startup_stm32f103c6tx.o
 .ARM.attributes
                0x0000000000000203       0x2d c:/st/stm32cubeide_1.4.0/stm32cubeide/plugins/com.st.stm32cube.ide.mcu.externaltools.gnu-tools-for-stm32.7-2018-q2-update.win32_1.4.0.202007081208/tools/bin/../lib/gcc/arm-none-eabi/7.3.1/../../../../arm-none-eabi/lib/thumb/v7-m\libc_nano.a(lib_a-init.o)
 .ARM.attributes
                0x0000000000000230       0x1d c:/st/stm32cubeide_1.4.0/stm32cubeide/plugins/com.st.stm32cube.ide.mcu.externaltools.gnu-tools-for-stm32.7-2018-q2-update.win32_1.4.0.202007081208/tools/bin/../lib/gcc/arm-none-eabi/7.3.1/thumb/v7-m/crtn.o
OUTPUT(unit8_lesson7_drivers_I2C.elf elf32-littlearm)

.debug_info     0x0000000000000000     0x6196
 .debug_info    0x0000000000000000      0xb69 HAL/EEPROM/I2C_Slave_EEPROM.o
 .debug_info    0x0000000000000b69      0xc84 STM32F103C6_Drivers/STM32F103C6_EXTI_driver.o
 .debug_info    0x00000000000017ed      0xc1a STM32F103C6_Drivers/STM32F103C6_GPIO_driver.o
 .debug_info    0x0000000000002407      0xf9c STM32F103C6_Drivers/STM32F103C6_I2C_driver.o
 .debug_info    0x00000000000033a3      0x9f5 STM32F103C6_Drivers/STM32F103C6_RCC_driver.o
 .debug_info    0x0000000000003d98      0xd75 STM32F103C6_Drivers/STM32F103C6_SPI_driver.o
 .debug_info    0x0000000000004b0d      0xcd5 STM32F103C6_Drivers/STM32F103C6_USART_driver.o
 .debug_info    0x00000000000057e2      0x992 Src/main.o
 .debug_info    0x0000000000006174       0x22 Startup/startup_stm32f103c6tx.o

.debug_abbrev   0x0000000000000000     0x1093
 .debug_abbrev  0x0000000000000000      0x1de HAL/EEPROM/I2C_Slave_EEPROM.o
 .debug_abbrev  0x00000000000001de      0x245 STM32F103C6_Drivers/STM32F103C6_EXTI_driver.o
 .debug_abbrev  0x0000000000000423      0x23d STM32F103C6_Drivers/STM32F103C6_GPIO_driver.o
 .debug_abbrev  0x0000000000000660      0x278 STM32F103C6_Drivers/STM32F103C6_I2C_driver.o
 .debug_abbrev  0x00000000000008d8      0x1a8 STM32F103C6_Drivers/STM32F103C6_RCC_driver.o
 .debug_abbrev  0x0000000000000a80      0x24d STM32F103C6_Drivers/STM32F103C6_SPI_driver.o
 .debug_abbrev  0x0000000000000ccd      0x21f STM32F103C6_Drivers/STM32F103C6_USART_driver.o
 .debug_abbrev  0x0000000000000eec      0x195 Src/main.o
 .debug_abbrev  0x0000000000001081       0x12 Startup/startup_stm32f103c6tx.o

.debug_aranges  0x0000000000000000      0x2a8
 .debug_aranges
                0x0000000000000000       0x30 HAL/EEPROM/I2C_Slave_EEPROM.o
 .debug_aranges
                0x0000000000000030       0x80 STM32F103C6_Drivers/STM32F103C6_EXTI_driver.o
 .debug_aranges
                0x00000000000000b0       0x60 STM32F103C6_Drivers/STM32F103C6_GPIO_driver.o
 .debug_aranges
                0x0000000000000110       0x60 STM32F103C6_Drivers/STM32F103C6_I2C_driver.o
 .debug_aranges
                0x0000000000000170       0x38 STM32F103C6_Drivers/STM32F103C6_RCC_driver.o
 .debug_aranges
                0x00000000000001a8       0x58 STM32F103C6_Drivers/STM32F103C6_SPI_driver.o
 .debug_aranges
                0x0000000000000200       0x60 STM32F103C6_Drivers/STM32F103C6_USART_driver.o
 .debug_aranges
                0x0000000000000260       0x20 Src/main.o
 .debug_aranges
                0x0000000000000280       0x28 Startup/startup_stm32f103c6tx.o

.debug_ranges   0x0000000000000000      0x220
 .debug_ranges  0x0000000000000000       0x20 HAL/EEPROM/I2C_Slave_EEPROM.o
 .debug_ranges  0x0000000000000020       0x70 STM32F103C6_Drivers/STM32F103C6_EXTI_driver.o
 .debug_ranges  0x0000000000000090       0x50 STM32F103C6_Drivers/STM32F103C6_GPIO_driver.o
 .debug_ranges  0x00000000000000e0       0x50 STM32F103C6_Drivers/STM32F103C6_I2C_driver.o
 .debug_ranges  0x0000000000000130       0x28 STM32F103C6_Drivers/STM32F103C6_RCC_driver.o
 .debug_ranges  0x0000000000000158       0x48 STM32F103C6_Drivers/STM32F103C6_SPI_driver.o
 .debug_ranges  0x00000000000001a0       0x50 STM32F103C6_Drivers/STM32F103C6_USART_driver.o
 .debug_ranges  0x00000000000001f0       0x10 Src/main.o
 .debug_ranges  0x0000000000000200       0x20 Startup/startup_stm32f103c6tx.o

.debug_macro    0x0000000000000000     0x2ed4
 .debug_macro   0x0000000000000000      0x161 HAL/EEPROM/I2C_Slave_EEPROM.o
 .debug_macro   0x0000000000000161      0xa60 HAL/EEPROM/I2C_Slave_EEPROM.o
 .debug_macro   0x0000000000000bc1       0x18 HAL/EEPROM/I2C_Slave_EEPROM.o
 .debug_macro   0x0000000000000bd9       0x22 HAL/EEPROM/I2C_Slave_EEPROM.o
 .debug_macro   0x0000000000000bfb       0x40 HAL/EEPROM/I2C_Slave_EEPROM.o
 .debug_macro   0x0000000000000c3b       0x94 HAL/EEPROM/I2C_Slave_EEPROM.o
 .debug_macro   0x0000000000000ccf       0x3c HAL/EEPROM/I2C_Slave_EEPROM.o
 .debug_macro   0x0000000000000d0b       0x34 HAL/EEPROM/I2C_Slave_EEPROM.o
 .debug_macro   0x0000000000000d3f       0x16 HAL/EEPROM/I2C_Slave_EEPROM.o
 .debug_macro   0x0000000000000d55      0x10e HAL/EEPROM/I2C_Slave_EEPROM.o
 .debug_macro   0x0000000000000e63       0x8d HAL/EEPROM/I2C_Slave_EEPROM.o
 .debug_macro   0x0000000000000ef0       0x57 HAL/EEPROM/I2C_Slave_EEPROM.o
 .debug_macro   0x0000000000000f47       0x52 HAL/EEPROM/I2C_Slave_EEPROM.o
 .debug_macro   0x0000000000000f99       0x1f HAL/EEPROM/I2C_Slave_EEPROM.o
 .debug_macro   0x0000000000000fb8       0x43 HAL/EEPROM/I2C_Slave_EEPROM.o
 .debug_macro   0x0000000000000ffb       0x20 HAL/EEPROM/I2C_Slave_EEPROM.o
 .debug_macro   0x000000000000101b      0x1a3 HAL/EEPROM/I2C_Slave_EEPROM.o
 .debug_macro   0x00000000000011be      0x330 HAL/EEPROM/I2C_Slave_EEPROM.o
 .debug_macro   0x00000000000014ee       0x16 HAL/EEPROM/I2C_Slave_EEPROM.o
 .debug_macro   0x0000000000001504       0x29 HAL/EEPROM/I2C_Slave_EEPROM.o
 .debug_macro   0x000000000000152d       0xef HAL/EEPROM/I2C_Slave_EEPROM.o
 .debug_macro   0x000000000000161c       0x6a HAL/EEPROM/I2C_Slave_EEPROM.o
 .debug_macro   0x0000000000001686      0x1df HAL/EEPROM/I2C_Slave_EEPROM.o
 .debug_macro   0x0000000000001865      0x6be HAL/EEPROM/I2C_Slave_EEPROM.o
 .debug_macro   0x0000000000001f23       0xd6 HAL/EEPROM/I2C_Slave_EEPROM.o
 .debug_macro   0x0000000000001ff9       0x16 HAL/EEPROM/I2C_Slave_EEPROM.o
 .debug_macro   0x000000000000200f       0x4c HAL/EEPROM/I2C_Slave_EEPROM.o
 .debug_macro   0x000000000000205b      0x152 STM32F103C6_Drivers/STM32F103C6_EXTI_driver.o
 .debug_macro   0x00000000000021ad      0x21b STM32F103C6_Drivers/STM32F103C6_EXTI_driver.o
 .debug_macro   0x00000000000023c8      0x13f STM32F103C6_Drivers/STM32F103C6_GPIO_driver.o
 .debug_macro   0x0000000000002507      0x161 STM32F103C6_Drivers/STM32F103C6_I2C_driver.o
 .debug_macro   0x0000000000002668      0x13f STM32F103C6_Drivers/STM32F103C6_RCC_driver.o
 .debug_macro   0x00000000000027a7       0x10 STM32F103C6_Drivers/STM32F103C6_RCC_driver.o
 .debug_macro   0x00000000000027b7      0x173 STM32F103C6_Drivers/STM32F103C6_SPI_driver.o
 .debug_macro   0x000000000000292a       0xbe STM32F103C6_Drivers/STM32F103C6_SPI_driver.o
 .debug_macro   0x00000000000029e8      0x15b STM32F103C6_Drivers/STM32F103C6_USART_driver.o
 .debug_macro   0x0000000000002b43       0xe2 STM32F103C6_Drivers/STM32F103C6_USART_driver.o
 .debug_macro   0x0000000000002c25      0x189 Src/main.o
 .debug_macro   0x0000000000002dae       0xc4 Src/main.o
 .debug_macro   0x0000000000002e72       0x52 Src/main.o
 .debug_macro   0x0000000000002ec4       0x10 Src/main.o

.debug_line     0x0000000000000000     0x3515
 .debug_line    0x0000000000000000      0x627 HAL/EEPROM/I2C_Slave_EEPROM.o
 .debug_line    0x0000000000000627      0x73a STM32F103C6_Drivers/STM32F103C6_EXTI_driver.o
 .debug_line    0x0000000000000d61      0x690 STM32F103C6_Drivers/STM32F103C6_GPIO_driver.o
 .debug_line    0x00000000000013f1      0x72f STM32F103C6_Drivers/STM32F103C6_I2C_driver.o
 .debug_line    0x0000000000001b20      0x5a5 STM32F103C6_Drivers/STM32F103C6_RCC_driver.o
 .debug_line    0x00000000000020c5      0x6c6 STM32F103C6_Drivers/STM32F103C6_SPI_driver.o
 .debug_line    0x000000000000278b      0x6ca STM32F103C6_Drivers/STM32F103C6_USART_driver.o
 .debug_line    0x0000000000002e55      0x63c Src/main.o
 .debug_line    0x0000000000003491       0x84 Startup/startup_stm32f103c6tx.o

.debug_str      0x0000000000000000     0xc138
 .debug_str     0x0000000000000000     0x976e HAL/EEPROM/I2C_Slave_EEPROM.o
                                       0x99e2 (size before relaxing)
 .debug_str     0x000000000000976e     0x1588 STM32F103C6_Drivers/STM32F103C6_EXTI_driver.o
                                       0xab8b (size before relaxing)
 .debug_str     0x000000000000acf6      0x15d STM32F103C6_Drivers/STM32F103C6_GPIO_driver.o
                                       0x97b2 (size before relaxing)
 .debug_str     0x000000000000ae53      0x201 STM32F103C6_Drivers/STM32F103C6_I2C_driver.o
                                       0x9bfd (size before relaxing)
 .debug_str     0x000000000000b054       0xb0 STM32F103C6_Drivers/STM32F103C6_RCC_driver.o
                                       0x9324 (size before relaxing)
 .debug_str     0x000000000000b104      0x7db STM32F103C6_Drivers/STM32F103C6_SPI_driver.o
                                       0x9ec2 (size before relaxing)
 .debug_str     0x000000000000b8df      0x809 STM32F103C6_Drivers/STM32F103C6_USART_driver.o
                                       0x9f14 (size before relaxing)
 .debug_str     0x000000000000c0e8       0x1f Src/main.o
                                       0xb6f3 (size before relaxing)
 .debug_str     0x000000000000c107       0x31 Startup/startup_stm32f103c6tx.o
                                         0x6b (size before relaxing)

.comment        0x0000000000000000       0x7b
 .comment       0x0000000000000000       0x7b HAL/EEPROM/I2C_Slave_EEPROM.o
                                         0x7c (size before relaxing)
 .comment       0x000000000000007b       0x7c STM32F103C6_Drivers/STM32F103C6_EXTI_driver.o
 .comment       0x000000000000007b       0x7c STM32F103C6_Drivers/STM32F103C6_GPIO_driver.o
 .comment       0x000000000000007b       0x7c STM32F103C6_Drivers/STM32F103C6_I2C_driver.o
 .comment       0x000000000000007b       0x7c STM32F103C6_Drivers/STM32F103C6_RCC_driver.o
 .comment       0x000000000000007b       0x7c STM32F103C6_Drivers/STM32F103C6_SPI_driver.o
 .comment       0x000000000000007b       0x7c STM32F103C6_Drivers/STM32F103C6_USART_driver.o
 .comment       0x000000000000007b       0x7c Src/main.o

.debug_frame    0x0000000000000000      0x87c
 .debug_frame   0x0000000000000000       0x80 HAL/EEPROM/I2C_Slave_EEPROM.o
 .debug_frame   0x0000000000000080      0x1b0 STM32F103C6_Drivers/STM32F103C6_EXTI_driver.o
 .debug_frame   0x0000000000000230      0x174 STM32F103C6_Drivers/STM32F103C6_GPIO_driver.o
 .debug_frame   0x00000000000003a4      0x168 STM32F103C6_Drivers/STM32F103C6_I2C_driver.o
 .debug_frame   0x000000000000050c       0x84 STM32F103C6_Drivers/STM32F103C6_RCC_driver.o
 .debug_frame   0x0000000000000590      0x144 STM32F103C6_Drivers/STM32F103C6_SPI_driver.o
 .debug_frame   0x00000000000006d4      0x14c STM32F103C6_Drivers/STM32F103C6_USART_driver.o
 .debug_frame   0x0000000000000820       0x30 Src/main.o
 .debug_frame   0x0000000000000850       0x2c c:/st/stm32cubeide_1.4.0/stm32cubeide/plugins/com.st.stm32cube.ide.mcu.externaltools.gnu-tools-for-stm32.7-2018-q2-update.win32_1.4.0.202007081208/tools/bin/../lib/gcc/arm-none-eabi/7.3.1/../../../../arm-none-eabi/lib/thumb/v7-m\libc_nano.a(lib_a-init.o)
