Archive member included to satisfy reference by file (symbol)

c:/st/stm32cubeide_1.4.0/stm32cubeide/plugins/com.st.stm32cube.ide.mcu.externaltools.gnu-tools-for-stm32.7-2018-q2-update.win32_1.4.0.202007081208/tools/bin/../lib/gcc/arm-none-eabi/7.3.1/../../../../arm-none-eabi/lib/thumb/v7-m\libc_nano.a(lib_a-errno.o)
                              Src/syscalls.o (__errno)
c:/st/stm32cubeide_1.4.0/stm32cubeide/plugins/com.st.stm32cube.ide.mcu.externaltools.gnu-tools-for-stm32.7-2018-q2-update.win32_1.4.0.202007081208/tools/bin/../lib/gcc/arm-none-eabi/7.3.1/../../../../arm-none-eabi/lib/thumb/v7-m\libc_nano.a(lib_a-exit.o)
                              c:/st/stm32cubeide_1.4.0/stm32cubeide/plugins/com.st.stm32cube.ide.mcu.externaltools.gnu-tools-for-stm32.7-2018-q2-update.win32_1.4.0.202007081208/tools/bin/../lib/gcc/arm-none-eabi/7.3.1/../../../../arm-none-eabi/lib/thumb/v7-m/crt0.o (exit)
c:/st/stm32cubeide_1.4.0/stm32cubeide/plugins/com.st.stm32cube.ide.mcu.externaltools.gnu-tools-for-stm32.7-2018-q2-update.win32_1.4.0.202007081208/tools/bin/../lib/gcc/arm-none-eabi/7.3.1/../../../../arm-none-eabi/lib/thumb/v7-m\libc_nano.a(lib_a-impure.o)
                              c:/st/stm32cubeide_1.4.0/stm32cubeide/plugins/com.st.stm32cube.ide.mcu.externaltools.gnu-tools-for-stm32.7-2018-q2-update.win32_1.4.0.202007081208/tools/bin/../lib/gcc/arm-none-eabi/7.3.1/../../../../arm-none-eabi/lib/thumb/v7-m\libc_nano.a(lib_a-exit.o) (_global_impure_ptr)
c:/st/stm32cubeide_1.4.0/stm32cubeide/plugins/com.st.stm32cube.ide.mcu.externaltools.gnu-tools-for-stm32.7-2018-q2-update.win32_1.4.0.202007081208/tools/bin/../lib/gcc/arm-none-eabi/7.3.1/../../../../arm-none-eabi/lib/thumb/v7-m\libc_nano.a(lib_a-init.o)
                              c:/st/stm32cubeide_1.4.0/stm32cubeide/plugins/com.st.stm32cube.ide.mcu.externaltools.gnu-tools-for-stm32.7-2018-q2-update.win32_1.4.0.202007081208/tools/bin/../lib/gcc/arm-none-eabi/7.3.1/../../../../arm-none-eabi/lib/thumb/v7-m/crt0.o (__libc_init_array)
c:/st/stm32cubeide_1.4.0/stm32cubeide/plugins/com.st.stm32cube.ide.mcu.externaltools.gnu-tools-for-stm32.7-2018-q2-update.win32_1.4.0.202007081208/tools/bin/../lib/gcc/arm-none-eabi/7.3.1/../../../../arm-none-eabi/lib/thumb/v7-m\libc_nano.a(lib_a-memset.o)
                              c:/st/stm32cubeide_1.4.0/stm32cubeide/plugins/com.st.stm32cube.ide.mcu.externaltools.gnu-tools-for-stm32.7-2018-q2-update.win32_1.4.0.202007081208/tools/bin/../lib/gcc/arm-none-eabi/7.3.1/../../../../arm-none-eabi/lib/thumb/v7-m/crt0.o (memset)

Allocating common symbols
Common symbol       size              file

Pinconfig           0x4               KEYPAD/keypad.o

Discarded input sections

 .text          0x0000000000000000        0x0 c:/st/stm32cubeide_1.4.0/stm32cubeide/plugins/com.st.stm32cube.ide.mcu.externaltools.gnu-tools-for-stm32.7-2018-q2-update.win32_1.4.0.202007081208/tools/bin/../lib/gcc/arm-none-eabi/7.3.1/thumb/v7-m/crti.o
 .data          0x0000000000000000        0x0 c:/st/stm32cubeide_1.4.0/stm32cubeide/plugins/com.st.stm32cube.ide.mcu.externaltools.gnu-tools-for-stm32.7-2018-q2-update.win32_1.4.0.202007081208/tools/bin/../lib/gcc/arm-none-eabi/7.3.1/thumb/v7-m/crti.o
 .bss           0x0000000000000000        0x0 c:/st/stm32cubeide_1.4.0/stm32cubeide/plugins/com.st.stm32cube.ide.mcu.externaltools.gnu-tools-for-stm32.7-2018-q2-update.win32_1.4.0.202007081208/tools/bin/../lib/gcc/arm-none-eabi/7.3.1/thumb/v7-m/crti.o
 .data          0x0000000000000000        0x4 c:/st/stm32cubeide_1.4.0/stm32cubeide/plugins/com.st.stm32cube.ide.mcu.externaltools.gnu-tools-for-stm32.7-2018-q2-update.win32_1.4.0.202007081208/tools/bin/../lib/gcc/arm-none-eabi/7.3.1/thumb/v7-m/crtbegin.o
 .text          0x0000000000000000       0x74 c:/st/stm32cubeide_1.4.0/stm32cubeide/plugins/com.st.stm32cube.ide.mcu.externaltools.gnu-tools-for-stm32.7-2018-q2-update.win32_1.4.0.202007081208/tools/bin/../lib/gcc/arm-none-eabi/7.3.1/../../../../arm-none-eabi/lib/thumb/v7-m/crt0.o
 .data          0x0000000000000000        0x0 c:/st/stm32cubeide_1.4.0/stm32cubeide/plugins/com.st.stm32cube.ide.mcu.externaltools.gnu-tools-for-stm32.7-2018-q2-update.win32_1.4.0.202007081208/tools/bin/../lib/gcc/arm-none-eabi/7.3.1/../../../../arm-none-eabi/lib/thumb/v7-m/crt0.o
 .bss           0x0000000000000000        0x0 c:/st/stm32cubeide_1.4.0/stm32cubeide/plugins/com.st.stm32cube.ide.mcu.externaltools.gnu-tools-for-stm32.7-2018-q2-update.win32_1.4.0.202007081208/tools/bin/../lib/gcc/arm-none-eabi/7.3.1/../../../../arm-none-eabi/lib/thumb/v7-m/crt0.o
 .ARM.extab     0x0000000000000000        0x0 c:/st/stm32cubeide_1.4.0/stm32cubeide/plugins/com.st.stm32cube.ide.mcu.externaltools.gnu-tools-for-stm32.7-2018-q2-update.win32_1.4.0.202007081208/tools/bin/../lib/gcc/arm-none-eabi/7.3.1/../../../../arm-none-eabi/lib/thumb/v7-m/crt0.o
 .ARM.exidx     0x0000000000000000        0x8 c:/st/stm32cubeide_1.4.0/stm32cubeide/plugins/com.st.stm32cube.ide.mcu.externaltools.gnu-tools-for-stm32.7-2018-q2-update.win32_1.4.0.202007081208/tools/bin/../lib/gcc/arm-none-eabi/7.3.1/../../../../arm-none-eabi/lib/thumb/v7-m/crt0.o
 .ARM.attributes
                0x0000000000000000       0x1b c:/st/stm32cubeide_1.4.0/stm32cubeide/plugins/com.st.stm32cube.ide.mcu.externaltools.gnu-tools-for-stm32.7-2018-q2-update.win32_1.4.0.202007081208/tools/bin/../lib/gcc/arm-none-eabi/7.3.1/../../../../arm-none-eabi/lib/thumb/v7-m/crt0.o
 .group         0x0000000000000000        0xc 7-SEG/7-seg.o
 .group         0x0000000000000000        0xc 7-SEG/7-seg.o
 .group         0x0000000000000000        0xc 7-SEG/7-seg.o
 .group         0x0000000000000000        0xc 7-SEG/7-seg.o
 .group         0x0000000000000000        0xc 7-SEG/7-seg.o
 .group         0x0000000000000000        0xc 7-SEG/7-seg.o
 .group         0x0000000000000000        0xc 7-SEG/7-seg.o
 .group         0x0000000000000000        0xc 7-SEG/7-seg.o
 .group         0x0000000000000000        0xc 7-SEG/7-seg.o
 .group         0x0000000000000000        0xc 7-SEG/7-seg.o
 .group         0x0000000000000000        0xc 7-SEG/7-seg.o
 .group         0x0000000000000000        0xc 7-SEG/7-seg.o
 .group         0x0000000000000000        0xc 7-SEG/7-seg.o
 .group         0x0000000000000000        0xc 7-SEG/7-seg.o
 .group         0x0000000000000000        0xc 7-SEG/7-seg.o
 .group         0x0000000000000000        0xc 7-SEG/7-seg.o
 .group         0x0000000000000000        0xc 7-SEG/7-seg.o
 .group         0x0000000000000000        0xc 7-SEG/7-seg.o
 .group         0x0000000000000000        0xc 7-SEG/7-seg.o
 .group         0x0000000000000000        0xc 7-SEG/7-seg.o
 .group         0x0000000000000000        0xc 7-SEG/7-seg.o
 .group         0x0000000000000000        0xc 7-SEG/7-seg.o
 .group         0x0000000000000000        0xc 7-SEG/7-seg.o
 .group         0x0000000000000000        0xc 7-SEG/7-seg.o
 .group         0x0000000000000000        0xc 7-SEG/7-seg.o
 .text          0x0000000000000000        0x0 7-SEG/7-seg.o
 .data          0x0000000000000000        0x0 7-SEG/7-seg.o
 .bss           0x0000000000000000        0x0 7-SEG/7-seg.o
 .group         0x0000000000000000        0xc KEYPAD/keypad.o
 .group         0x0000000000000000        0xc KEYPAD/keypad.o
 .group         0x0000000000000000        0xc KEYPAD/keypad.o
 .group         0x0000000000000000        0xc KEYPAD/keypad.o
 .group         0x0000000000000000        0xc KEYPAD/keypad.o
 .group         0x0000000000000000        0xc KEYPAD/keypad.o
 .group         0x0000000000000000        0xc KEYPAD/keypad.o
 .group         0x0000000000000000        0xc KEYPAD/keypad.o
 .group         0x0000000000000000        0xc KEYPAD/keypad.o
 .group         0x0000000000000000        0xc KEYPAD/keypad.o
 .group         0x0000000000000000        0xc KEYPAD/keypad.o
 .group         0x0000000000000000        0xc KEYPAD/keypad.o
 .group         0x0000000000000000        0xc KEYPAD/keypad.o
 .group         0x0000000000000000        0xc KEYPAD/keypad.o
 .group         0x0000000000000000        0xc KEYPAD/keypad.o
 .group         0x0000000000000000        0xc KEYPAD/keypad.o
 .group         0x0000000000000000        0xc KEYPAD/keypad.o
 .group         0x0000000000000000        0xc KEYPAD/keypad.o
 .group         0x0000000000000000        0xc KEYPAD/keypad.o
 .group         0x0000000000000000        0xc KEYPAD/keypad.o
 .group         0x0000000000000000        0xc KEYPAD/keypad.o
 .group         0x0000000000000000        0xc KEYPAD/keypad.o
 .group         0x0000000000000000        0xc KEYPAD/keypad.o
 .group         0x0000000000000000        0xc KEYPAD/keypad.o
 .group         0x0000000000000000        0xc KEYPAD/keypad.o
 .group         0x0000000000000000        0xc KEYPAD/keypad.o
 .text          0x0000000000000000        0x0 KEYPAD/keypad.o
 .data          0x0000000000000000        0x0 KEYPAD/keypad.o
 .bss           0x0000000000000000        0x0 KEYPAD/keypad.o
 .debug_macro   0x0000000000000000      0xa60 KEYPAD/keypad.o
 .debug_macro   0x0000000000000000       0x18 KEYPAD/keypad.o
 .debug_macro   0x0000000000000000       0x22 KEYPAD/keypad.o
 .debug_macro   0x0000000000000000       0x40 KEYPAD/keypad.o
 .debug_macro   0x0000000000000000       0x94 KEYPAD/keypad.o
 .debug_macro   0x0000000000000000       0x3c KEYPAD/keypad.o
 .debug_macro   0x0000000000000000       0x34 KEYPAD/keypad.o
 .debug_macro   0x0000000000000000       0x16 KEYPAD/keypad.o
 .debug_macro   0x0000000000000000      0x10e KEYPAD/keypad.o
 .debug_macro   0x0000000000000000       0x8d KEYPAD/keypad.o
 .debug_macro   0x0000000000000000       0x57 KEYPAD/keypad.o
 .debug_macro   0x0000000000000000       0x52 KEYPAD/keypad.o
 .debug_macro   0x0000000000000000       0x1f KEYPAD/keypad.o
 .debug_macro   0x0000000000000000       0x43 KEYPAD/keypad.o
 .debug_macro   0x0000000000000000       0x20 KEYPAD/keypad.o
 .debug_macro   0x0000000000000000      0x1a3 KEYPAD/keypad.o
 .debug_macro   0x0000000000000000      0x330 KEYPAD/keypad.o
 .debug_macro   0x0000000000000000       0x16 KEYPAD/keypad.o
 .debug_macro   0x0000000000000000       0x29 KEYPAD/keypad.o
 .debug_macro   0x0000000000000000       0xef KEYPAD/keypad.o
 .debug_macro   0x0000000000000000       0x6a KEYPAD/keypad.o
 .debug_macro   0x0000000000000000      0x1df KEYPAD/keypad.o
 .debug_macro   0x0000000000000000       0xb4 KEYPAD/keypad.o
 .debug_macro   0x0000000000000000       0xd0 KEYPAD/keypad.o
 .group         0x0000000000000000        0xc LCD/lcd.o
 .group         0x0000000000000000        0xc LCD/lcd.o
 .group         0x0000000000000000        0xc LCD/lcd.o
 .group         0x0000000000000000        0xc LCD/lcd.o
 .group         0x0000000000000000        0xc LCD/lcd.o
 .group         0x0000000000000000        0xc LCD/lcd.o
 .group         0x0000000000000000        0xc LCD/lcd.o
 .group         0x0000000000000000        0xc LCD/lcd.o
 .group         0x0000000000000000        0xc LCD/lcd.o
 .group         0x0000000000000000        0xc LCD/lcd.o
 .group         0x0000000000000000        0xc LCD/lcd.o
 .group         0x0000000000000000        0xc LCD/lcd.o
 .group         0x0000000000000000        0xc LCD/lcd.o
 .group         0x0000000000000000        0xc LCD/lcd.o
 .group         0x0000000000000000        0xc LCD/lcd.o
 .group         0x0000000000000000        0xc LCD/lcd.o
 .group         0x0000000000000000        0xc LCD/lcd.o
 .group         0x0000000000000000        0xc LCD/lcd.o
 .group         0x0000000000000000        0xc LCD/lcd.o
 .group         0x0000000000000000        0xc LCD/lcd.o
 .group         0x0000000000000000        0xc LCD/lcd.o
 .group         0x0000000000000000        0xc LCD/lcd.o
 .group         0x0000000000000000        0xc LCD/lcd.o
 .group         0x0000000000000000        0xc LCD/lcd.o
 .group         0x0000000000000000        0xc LCD/lcd.o
 .group         0x0000000000000000        0xc LCD/lcd.o
 .text          0x0000000000000000        0x0 LCD/lcd.o
 .data          0x0000000000000000        0x0 LCD/lcd.o
 .bss           0x0000000000000000        0x0 LCD/lcd.o
 .debug_macro   0x0000000000000000      0xa60 LCD/lcd.o
 .debug_macro   0x0000000000000000       0x18 LCD/lcd.o
 .debug_macro   0x0000000000000000       0x22 LCD/lcd.o
 .debug_macro   0x0000000000000000       0x40 LCD/lcd.o
 .debug_macro   0x0000000000000000       0x94 LCD/lcd.o
 .debug_macro   0x0000000000000000       0x3c LCD/lcd.o
 .debug_macro   0x0000000000000000       0x34 LCD/lcd.o
 .debug_macro   0x0000000000000000       0x16 LCD/lcd.o
 .debug_macro   0x0000000000000000      0x10e LCD/lcd.o
 .debug_macro   0x0000000000000000       0x8d LCD/lcd.o
 .debug_macro   0x0000000000000000       0x57 LCD/lcd.o
 .debug_macro   0x0000000000000000       0x52 LCD/lcd.o
 .debug_macro   0x0000000000000000       0x1f LCD/lcd.o
 .debug_macro   0x0000000000000000       0x43 LCD/lcd.o
 .debug_macro   0x0000000000000000       0x20 LCD/lcd.o
 .debug_macro   0x0000000000000000      0x1a3 LCD/lcd.o
 .debug_macro   0x0000000000000000      0x330 LCD/lcd.o
 .debug_macro   0x0000000000000000       0x16 LCD/lcd.o
 .debug_macro   0x0000000000000000       0x29 LCD/lcd.o
 .debug_macro   0x0000000000000000       0xef LCD/lcd.o
 .debug_macro   0x0000000000000000       0x6a LCD/lcd.o
 .debug_macro   0x0000000000000000      0x1df LCD/lcd.o
 .debug_macro   0x0000000000000000       0xb4 LCD/lcd.o
 .debug_macro   0x0000000000000000       0xd0 LCD/lcd.o
 .group         0x0000000000000000        0xc STM32F103C6_Drivers/STM32F103C6_GPIO_driver.o
 .group         0x0000000000000000        0xc STM32F103C6_Drivers/STM32F103C6_GPIO_driver.o
 .group         0x0000000000000000        0xc STM32F103C6_Drivers/STM32F103C6_GPIO_driver.o
 .group         0x0000000000000000        0xc STM32F103C6_Drivers/STM32F103C6_GPIO_driver.o
 .group         0x0000000000000000        0xc STM32F103C6_Drivers/STM32F103C6_GPIO_driver.o
 .group         0x0000000000000000        0xc STM32F103C6_Drivers/STM32F103C6_GPIO_driver.o
 .group         0x0000000000000000        0xc STM32F103C6_Drivers/STM32F103C6_GPIO_driver.o
 .group         0x0000000000000000        0xc STM32F103C6_Drivers/STM32F103C6_GPIO_driver.o
 .group         0x0000000000000000        0xc STM32F103C6_Drivers/STM32F103C6_GPIO_driver.o
 .group         0x0000000000000000        0xc STM32F103C6_Drivers/STM32F103C6_GPIO_driver.o
 .group         0x0000000000000000        0xc STM32F103C6_Drivers/STM32F103C6_GPIO_driver.o
 .group         0x0000000000000000        0xc STM32F103C6_Drivers/STM32F103C6_GPIO_driver.o
 .group         0x0000000000000000        0xc STM32F103C6_Drivers/STM32F103C6_GPIO_driver.o
 .group         0x0000000000000000        0xc STM32F103C6_Drivers/STM32F103C6_GPIO_driver.o
 .group         0x0000000000000000        0xc STM32F103C6_Drivers/STM32F103C6_GPIO_driver.o
 .group         0x0000000000000000        0xc STM32F103C6_Drivers/STM32F103C6_GPIO_driver.o
 .group         0x0000000000000000        0xc STM32F103C6_Drivers/STM32F103C6_GPIO_driver.o
 .group         0x0000000000000000        0xc STM32F103C6_Drivers/STM32F103C6_GPIO_driver.o
 .group         0x0000000000000000        0xc STM32F103C6_Drivers/STM32F103C6_GPIO_driver.o
 .group         0x0000000000000000        0xc STM32F103C6_Drivers/STM32F103C6_GPIO_driver.o
 .group         0x0000000000000000        0xc STM32F103C6_Drivers/STM32F103C6_GPIO_driver.o
 .group         0x0000000000000000        0xc STM32F103C6_Drivers/STM32F103C6_GPIO_driver.o
 .group         0x0000000000000000        0xc STM32F103C6_Drivers/STM32F103C6_GPIO_driver.o
 .group         0x0000000000000000        0xc STM32F103C6_Drivers/STM32F103C6_GPIO_driver.o
 .text          0x0000000000000000        0x0 STM32F103C6_Drivers/STM32F103C6_GPIO_driver.o
 .data          0x0000000000000000        0x0 STM32F103C6_Drivers/STM32F103C6_GPIO_driver.o
 .bss           0x0000000000000000        0x0 STM32F103C6_Drivers/STM32F103C6_GPIO_driver.o
 .text.MCAL_GPIO_DeInit
                0x0000000000000000       0xd4 STM32F103C6_Drivers/STM32F103C6_GPIO_driver.o
 .text.MCAL_GPIO_ReadPort
                0x0000000000000000       0x18 STM32F103C6_Drivers/STM32F103C6_GPIO_driver.o
 .text.MCAL_GPIO_togglePin
                0x0000000000000000       0x22 STM32F103C6_Drivers/STM32F103C6_GPIO_driver.o
 .text.MCAL_GPIO_LockPin
                0x0000000000000000       0x4e STM32F103C6_Drivers/STM32F103C6_GPIO_driver.o
 .debug_macro   0x0000000000000000      0xa60 STM32F103C6_Drivers/STM32F103C6_GPIO_driver.o
 .debug_macro   0x0000000000000000       0x18 STM32F103C6_Drivers/STM32F103C6_GPIO_driver.o
 .debug_macro   0x0000000000000000       0x22 STM32F103C6_Drivers/STM32F103C6_GPIO_driver.o
 .debug_macro   0x0000000000000000       0x40 STM32F103C6_Drivers/STM32F103C6_GPIO_driver.o
 .debug_macro   0x0000000000000000       0x94 STM32F103C6_Drivers/STM32F103C6_GPIO_driver.o
 .debug_macro   0x0000000000000000       0x3c STM32F103C6_Drivers/STM32F103C6_GPIO_driver.o
 .debug_macro   0x0000000000000000       0x34 STM32F103C6_Drivers/STM32F103C6_GPIO_driver.o
 .debug_macro   0x0000000000000000       0x16 STM32F103C6_Drivers/STM32F103C6_GPIO_driver.o
 .debug_macro   0x0000000000000000      0x10e STM32F103C6_Drivers/STM32F103C6_GPIO_driver.o
 .debug_macro   0x0000000000000000       0x8d STM32F103C6_Drivers/STM32F103C6_GPIO_driver.o
 .debug_macro   0x0000000000000000       0x57 STM32F103C6_Drivers/STM32F103C6_GPIO_driver.o
 .debug_macro   0x0000000000000000       0x52 STM32F103C6_Drivers/STM32F103C6_GPIO_driver.o
 .debug_macro   0x0000000000000000       0x1f STM32F103C6_Drivers/STM32F103C6_GPIO_driver.o
 .debug_macro   0x0000000000000000       0x43 STM32F103C6_Drivers/STM32F103C6_GPIO_driver.o
 .debug_macro   0x0000000000000000       0x20 STM32F103C6_Drivers/STM32F103C6_GPIO_driver.o
 .debug_macro   0x0000000000000000      0x1a3 STM32F103C6_Drivers/STM32F103C6_GPIO_driver.o
 .debug_macro   0x0000000000000000      0x330 STM32F103C6_Drivers/STM32F103C6_GPIO_driver.o
 .debug_macro   0x0000000000000000       0x16 STM32F103C6_Drivers/STM32F103C6_GPIO_driver.o
 .debug_macro   0x0000000000000000       0x29 STM32F103C6_Drivers/STM32F103C6_GPIO_driver.o
 .debug_macro   0x0000000000000000       0xef STM32F103C6_Drivers/STM32F103C6_GPIO_driver.o
 .debug_macro   0x0000000000000000       0x6a STM32F103C6_Drivers/STM32F103C6_GPIO_driver.o
 .debug_macro   0x0000000000000000      0x1df STM32F103C6_Drivers/STM32F103C6_GPIO_driver.o
 .debug_macro   0x0000000000000000       0xb4 STM32F103C6_Drivers/STM32F103C6_GPIO_driver.o
 .debug_macro   0x0000000000000000       0xd0 STM32F103C6_Drivers/STM32F103C6_GPIO_driver.o
 .group         0x0000000000000000        0xc Src/main.o
 .group         0x0000000000000000        0xc Src/main.o
 .group         0x0000000000000000        0xc Src/main.o
 .group         0x0000000000000000        0xc Src/main.o
 .group         0x0000000000000000        0xc Src/main.o
 .group         0x0000000000000000        0xc Src/main.o
 .group         0x0000000000000000        0xc Src/main.o
 .group         0x0000000000000000        0xc Src/main.o
 .group         0x0000000000000000        0xc Src/main.o
 .group         0x0000000000000000        0xc Src/main.o
 .group         0x0000000000000000        0xc Src/main.o
 .group         0x0000000000000000        0xc Src/main.o
 .group         0x0000000000000000        0xc Src/main.o
 .group         0x0000000000000000        0xc Src/main.o
 .group         0x0000000000000000        0xc Src/main.o
 .group         0x0000000000000000        0xc Src/main.o
 .group         0x0000000000000000        0xc Src/main.o
 .group         0x0000000000000000        0xc Src/main.o
 .group         0x0000000000000000        0xc Src/main.o
 .group         0x0000000000000000        0xc Src/main.o
 .group         0x0000000000000000        0xc Src/main.o
 .group         0x0000000000000000        0xc Src/main.o
 .group         0x0000000000000000        0xc Src/main.o
 .group         0x0000000000000000        0xc Src/main.o
 .group         0x0000000000000000        0xc Src/main.o
 .group         0x0000000000000000        0xc Src/main.o
 .group         0x0000000000000000        0xc Src/main.o
 .group         0x0000000000000000        0xc Src/main.o
 .text          0x0000000000000000        0x0 Src/main.o
 .data          0x0000000000000000        0x0 Src/main.o
 .bss           0x0000000000000000        0x0 Src/main.o
 .data.SEG_numbers
                0x0000000000000000        0xa Src/main.o
 .debug_macro   0x0000000000000000      0xa60 Src/main.o
 .debug_macro   0x0000000000000000       0x10 Src/main.o
 .debug_macro   0x0000000000000000       0x18 Src/main.o
 .debug_macro   0x0000000000000000       0x22 Src/main.o
 .debug_macro   0x0000000000000000       0x40 Src/main.o
 .debug_macro   0x0000000000000000       0x94 Src/main.o
 .debug_macro   0x0000000000000000       0x3c Src/main.o
 .debug_macro   0x0000000000000000       0x34 Src/main.o
 .debug_macro   0x0000000000000000       0x16 Src/main.o
 .debug_macro   0x0000000000000000      0x10e Src/main.o
 .debug_macro   0x0000000000000000       0x8d Src/main.o
 .debug_macro   0x0000000000000000       0x57 Src/main.o
 .debug_macro   0x0000000000000000       0x52 Src/main.o
 .debug_macro   0x0000000000000000       0x1f Src/main.o
 .debug_macro   0x0000000000000000       0x43 Src/main.o
 .debug_macro   0x0000000000000000       0x20 Src/main.o
 .debug_macro   0x0000000000000000      0x1a3 Src/main.o
 .debug_macro   0x0000000000000000      0x330 Src/main.o
 .debug_macro   0x0000000000000000       0x16 Src/main.o
 .debug_macro   0x0000000000000000       0x29 Src/main.o
 .debug_macro   0x0000000000000000       0xef Src/main.o
 .debug_macro   0x0000000000000000       0x6a Src/main.o
 .debug_macro   0x0000000000000000      0x1df Src/main.o
 .debug_macro   0x0000000000000000       0xb4 Src/main.o
 .debug_macro   0x0000000000000000       0xd0 Src/main.o
 .debug_macro   0x0000000000000000       0xa0 Src/main.o
 .debug_macro   0x0000000000000000       0x46 Src/main.o
 .group         0x0000000000000000        0xc Src/syscalls.o
 .group         0x0000000000000000        0xc Src/syscalls.o
 .group         0x0000000000000000        0xc Src/syscalls.o
 .group         0x0000000000000000        0xc Src/syscalls.o
 .group         0x0000000000000000        0xc Src/syscalls.o
 .group         0x0000000000000000        0xc Src/syscalls.o
 .group         0x0000000000000000        0xc Src/syscalls.o
 .group         0x0000000000000000        0xc Src/syscalls.o
 .group         0x0000000000000000        0xc Src/syscalls.o
 .group         0x0000000000000000        0xc Src/syscalls.o
 .group         0x0000000000000000        0xc Src/syscalls.o
 .group         0x0000000000000000        0xc Src/syscalls.o
 .group         0x0000000000000000        0xc Src/syscalls.o
 .group         0x0000000000000000        0xc Src/syscalls.o
 .group         0x0000000000000000        0xc Src/syscalls.o
 .group         0x0000000000000000        0xc Src/syscalls.o
 .group         0x0000000000000000        0xc Src/syscalls.o
 .group         0x0000000000000000        0xc Src/syscalls.o
 .group         0x0000000000000000        0xc Src/syscalls.o
 .group         0x0000000000000000        0xc Src/syscalls.o
 .group         0x0000000000000000        0xc Src/syscalls.o
 .group         0x0000000000000000        0xc Src/syscalls.o
 .group         0x0000000000000000        0xc Src/syscalls.o
 .group         0x0000000000000000        0xc Src/syscalls.o
 .group         0x0000000000000000        0xc Src/syscalls.o
 .group         0x0000000000000000        0xc Src/syscalls.o
 .group         0x0000000000000000        0xc Src/syscalls.o
 .group         0x0000000000000000        0xc Src/syscalls.o
 .group         0x0000000000000000        0xc Src/syscalls.o
 .group         0x0000000000000000        0xc Src/syscalls.o
 .group         0x0000000000000000        0xc Src/syscalls.o
 .group         0x0000000000000000        0xc Src/syscalls.o
 .group         0x0000000000000000        0xc Src/syscalls.o
 .group         0x0000000000000000        0xc Src/syscalls.o
 .group         0x0000000000000000        0xc Src/syscalls.o
 .group         0x0000000000000000        0xc Src/syscalls.o
 .group         0x0000000000000000        0xc Src/syscalls.o
 .group         0x0000000000000000        0xc Src/syscalls.o
 .group         0x0000000000000000        0xc Src/syscalls.o
 .group         0x0000000000000000        0xc Src/syscalls.o
 .group         0x0000000000000000        0xc Src/syscalls.o
 .group         0x0000000000000000        0xc Src/syscalls.o
 .group         0x0000000000000000        0xc Src/syscalls.o
 .group         0x0000000000000000        0xc Src/syscalls.o
 .text          0x0000000000000000        0x0 Src/syscalls.o
 .data          0x0000000000000000        0x0 Src/syscalls.o
 .bss           0x0000000000000000        0x0 Src/syscalls.o
 .bss.__env     0x0000000000000000        0x4 Src/syscalls.o
 .data.environ  0x0000000000000000        0x4 Src/syscalls.o
 .text.initialise_monitor_handles
                0x0000000000000000        0xc Src/syscalls.o
 .text._getpid  0x0000000000000000        0xe Src/syscalls.o
 .text._kill    0x0000000000000000       0x20 Src/syscalls.o
 .text._exit    0x0000000000000000       0x14 Src/syscalls.o
 .text._read    0x0000000000000000       0x3a Src/syscalls.o
 .text._write   0x0000000000000000       0x38 Src/syscalls.o
 .text._close   0x0000000000000000       0x16 Src/syscalls.o
 .text._fstat   0x0000000000000000       0x1e Src/syscalls.o
 .text._isatty  0x0000000000000000       0x14 Src/syscalls.o
 .text._lseek   0x0000000000000000       0x18 Src/syscalls.o
 .text._open    0x0000000000000000       0x1a Src/syscalls.o
 .text._wait    0x0000000000000000       0x1e Src/syscalls.o
 .text._unlink  0x0000000000000000       0x1e Src/syscalls.o
 .text._times   0x0000000000000000       0x16 Src/syscalls.o
 .text._stat    0x0000000000000000       0x1e Src/syscalls.o
 .text._link    0x0000000000000000       0x20 Src/syscalls.o
 .text._fork    0x0000000000000000       0x16 Src/syscalls.o
 .text._execve  0x0000000000000000       0x22 Src/syscalls.o
 .debug_info    0x0000000000000000     0x1038 Src/syscalls.o
 .debug_abbrev  0x0000000000000000      0x254 Src/syscalls.o
 .debug_loc     0x0000000000000000      0x5b8 Src/syscalls.o
 .debug_aranges
                0x0000000000000000       0xa8 Src/syscalls.o
 .debug_ranges  0x0000000000000000       0x98 Src/syscalls.o
 .debug_macro   0x0000000000000000      0x243 Src/syscalls.o
 .debug_macro   0x0000000000000000      0xa60 Src/syscalls.o
 .debug_macro   0x0000000000000000       0x22 Src/syscalls.o
 .debug_macro   0x0000000000000000       0x40 Src/syscalls.o
 .debug_macro   0x0000000000000000       0x18 Src/syscalls.o
 .debug_macro   0x0000000000000000       0x94 Src/syscalls.o
 .debug_macro   0x0000000000000000       0x3c Src/syscalls.o
 .debug_macro   0x0000000000000000       0x34 Src/syscalls.o
 .debug_macro   0x0000000000000000       0x57 Src/syscalls.o
 .debug_macro   0x0000000000000000      0x174 Src/syscalls.o
 .debug_macro   0x0000000000000000      0x330 Src/syscalls.o
 .debug_macro   0x0000000000000000       0x52 Src/syscalls.o
 .debug_macro   0x0000000000000000       0x1f Src/syscalls.o
 .debug_macro   0x0000000000000000       0x43 Src/syscalls.o
 .debug_macro   0x0000000000000000       0x20 Src/syscalls.o
 .debug_macro   0x0000000000000000      0x1a3 Src/syscalls.o
 .debug_macro   0x0000000000000000       0x10 Src/syscalls.o
 .debug_macro   0x0000000000000000       0x35 Src/syscalls.o
 .debug_macro   0x0000000000000000       0x10 Src/syscalls.o
 .debug_macro   0x0000000000000000       0x10 Src/syscalls.o
 .debug_macro   0x0000000000000000       0x10 Src/syscalls.o
 .debug_macro   0x0000000000000000       0x6a Src/syscalls.o
 .debug_macro   0x0000000000000000       0x1c Src/syscalls.o
 .debug_macro   0x0000000000000000       0x52 Src/syscalls.o
 .debug_macro   0x0000000000000000       0x40 Src/syscalls.o
 .debug_macro   0x0000000000000000       0x10 Src/syscalls.o
 .debug_macro   0x0000000000000000       0x40 Src/syscalls.o
 .debug_macro   0x0000000000000000       0xd7 Src/syscalls.o
 .debug_macro   0x0000000000000000       0x1c Src/syscalls.o
 .debug_macro   0x0000000000000000       0x3d Src/syscalls.o
 .debug_macro   0x0000000000000000       0x35 Src/syscalls.o
 .debug_macro   0x0000000000000000      0x122 Src/syscalls.o
 .debug_macro   0x0000000000000000       0x16 Src/syscalls.o
 .debug_macro   0x0000000000000000       0x16 Src/syscalls.o
 .debug_macro   0x0000000000000000       0x29 Src/syscalls.o
 .debug_macro   0x0000000000000000       0x10 Src/syscalls.o
 .debug_macro   0x0000000000000000      0x241 Src/syscalls.o
 .debug_macro   0x0000000000000000       0x1c Src/syscalls.o
 .debug_macro   0x0000000000000000       0x10 Src/syscalls.o
 .debug_macro   0x0000000000000000       0x10 Src/syscalls.o
 .debug_macro   0x0000000000000000       0x16 Src/syscalls.o
 .debug_macro   0x0000000000000000      0x145 Src/syscalls.o
 .debug_macro   0x0000000000000000      0x189 Src/syscalls.o
 .debug_macro   0x0000000000000000       0x16 Src/syscalls.o
 .debug_macro   0x0000000000000000       0x88 Src/syscalls.o
 .debug_line    0x0000000000000000      0x739 Src/syscalls.o
 .debug_str     0x0000000000000000     0x8875 Src/syscalls.o
 .comment       0x0000000000000000       0x7c Src/syscalls.o
 .debug_frame   0x0000000000000000      0x2ac Src/syscalls.o
 .ARM.attributes
                0x0000000000000000       0x33 Src/syscalls.o
 .group         0x0000000000000000        0xc Src/sysmem.o
 .group         0x0000000000000000        0xc Src/sysmem.o
 .group         0x0000000000000000        0xc Src/sysmem.o
 .group         0x0000000000000000        0xc Src/sysmem.o
 .group         0x0000000000000000        0xc Src/sysmem.o
 .group         0x0000000000000000        0xc Src/sysmem.o
 .group         0x0000000000000000        0xc Src/sysmem.o
 .group         0x0000000000000000        0xc Src/sysmem.o
 .group         0x0000000000000000        0xc Src/sysmem.o
 .group         0x0000000000000000        0xc Src/sysmem.o
 .group         0x0000000000000000        0xc Src/sysmem.o
 .group         0x0000000000000000        0xc Src/sysmem.o
 .group         0x0000000000000000        0xc Src/sysmem.o
 .group         0x0000000000000000        0xc Src/sysmem.o
 .group         0x0000000000000000        0xc Src/sysmem.o
 .group         0x0000000000000000        0xc Src/sysmem.o
 .group         0x0000000000000000        0xc Src/sysmem.o
 .group         0x0000000000000000        0xc Src/sysmem.o
 .group         0x0000000000000000        0xc Src/sysmem.o
 .text          0x0000000000000000        0x0 Src/sysmem.o
 .data          0x0000000000000000        0x0 Src/sysmem.o
 .bss           0x0000000000000000        0x0 Src/sysmem.o
 .bss.__sbrk_heap_end
                0x0000000000000000        0x4 Src/sysmem.o
 .text._sbrk    0x0000000000000000       0x6c Src/sysmem.o
 .debug_info    0x0000000000000000      0xa7c Src/sysmem.o
 .debug_abbrev  0x0000000000000000      0x18e Src/sysmem.o
 .debug_loc     0x0000000000000000       0x50 Src/sysmem.o
 .debug_aranges
                0x0000000000000000       0x20 Src/sysmem.o
 .debug_ranges  0x0000000000000000       0x10 Src/sysmem.o
 .debug_macro   0x0000000000000000       0xee Src/sysmem.o
 .debug_macro   0x0000000000000000      0xa60 Src/sysmem.o
 .debug_macro   0x0000000000000000       0x10 Src/sysmem.o
 .debug_macro   0x0000000000000000       0x22 Src/sysmem.o
 .debug_macro   0x0000000000000000       0x40 Src/sysmem.o
 .debug_macro   0x0000000000000000       0x18 Src/sysmem.o
 .debug_macro   0x0000000000000000       0x94 Src/sysmem.o
 .debug_macro   0x0000000000000000       0x3c Src/sysmem.o
 .debug_macro   0x0000000000000000       0x34 Src/sysmem.o
 .debug_macro   0x0000000000000000      0x174 Src/sysmem.o
 .debug_macro   0x0000000000000000       0x57 Src/sysmem.o
 .debug_macro   0x0000000000000000       0x52 Src/sysmem.o
 .debug_macro   0x0000000000000000       0x1f Src/sysmem.o
 .debug_macro   0x0000000000000000       0x43 Src/sysmem.o
 .debug_macro   0x0000000000000000       0x20 Src/sysmem.o
 .debug_macro   0x0000000000000000      0x1a3 Src/sysmem.o
 .debug_macro   0x0000000000000000      0x23b Src/sysmem.o
 .debug_macro   0x0000000000000000       0xef Src/sysmem.o
 .debug_macro   0x0000000000000000       0x6a Src/sysmem.o
 .debug_macro   0x0000000000000000      0x1df Src/sysmem.o
 .debug_line    0x0000000000000000      0x4c2 Src/sysmem.o
 .debug_str     0x0000000000000000     0x5f43 Src/sysmem.o
 .comment       0x0000000000000000       0x7c Src/sysmem.o
 .debug_frame   0x0000000000000000       0x34 Src/sysmem.o
 .ARM.attributes
                0x0000000000000000       0x33 Src/sysmem.o
 .text          0x0000000000000000       0x14 Startup/startup_stm32f103c6tx.o
 .data          0x0000000000000000        0x0 Startup/startup_stm32f103c6tx.o
 .bss           0x0000000000000000        0x0 Startup/startup_stm32f103c6tx.o
 .text          0x0000000000000000        0x0 c:/st/stm32cubeide_1.4.0/stm32cubeide/plugins/com.st.stm32cube.ide.mcu.externaltools.gnu-tools-for-stm32.7-2018-q2-update.win32_1.4.0.202007081208/tools/bin/../lib/gcc/arm-none-eabi/7.3.1/../../../../arm-none-eabi/lib/thumb/v7-m\libc_nano.a(lib_a-errno.o)
 .data          0x0000000000000000        0x0 c:/st/stm32cubeide_1.4.0/stm32cubeide/plugins/com.st.stm32cube.ide.mcu.externaltools.gnu-tools-for-stm32.7-2018-q2-update.win32_1.4.0.202007081208/tools/bin/../lib/gcc/arm-none-eabi/7.3.1/../../../../arm-none-eabi/lib/thumb/v7-m\libc_nano.a(lib_a-errno.o)
 .bss           0x0000000000000000        0x0 c:/st/stm32cubeide_1.4.0/stm32cubeide/plugins/com.st.stm32cube.ide.mcu.externaltools.gnu-tools-for-stm32.7-2018-q2-update.win32_1.4.0.202007081208/tools/bin/../lib/gcc/arm-none-eabi/7.3.1/../../../../arm-none-eabi/lib/thumb/v7-m\libc_nano.a(lib_a-errno.o)
 .text.__errno  0x0000000000000000        0xc c:/st/stm32cubeide_1.4.0/stm32cubeide/plugins/com.st.stm32cube.ide.mcu.externaltools.gnu-tools-for-stm32.7-2018-q2-update.win32_1.4.0.202007081208/tools/bin/../lib/gcc/arm-none-eabi/7.3.1/../../../../arm-none-eabi/lib/thumb/v7-m\libc_nano.a(lib_a-errno.o)
 .debug_frame   0x0000000000000000       0x20 c:/st/stm32cubeide_1.4.0/stm32cubeide/plugins/com.st.stm32cube.ide.mcu.externaltools.gnu-tools-for-stm32.7-2018-q2-update.win32_1.4.0.202007081208/tools/bin/../lib/gcc/arm-none-eabi/7.3.1/../../../../arm-none-eabi/lib/thumb/v7-m\libc_nano.a(lib_a-errno.o)
 .ARM.attributes
                0x0000000000000000       0x2d c:/st/stm32cubeide_1.4.0/stm32cubeide/plugins/com.st.stm32cube.ide.mcu.externaltools.gnu-tools-for-stm32.7-2018-q2-update.win32_1.4.0.202007081208/tools/bin/../lib/gcc/arm-none-eabi/7.3.1/../../../../arm-none-eabi/lib/thumb/v7-m\libc_nano.a(lib_a-errno.o)
 .text          0x0000000000000000        0x0 c:/st/stm32cubeide_1.4.0/stm32cubeide/plugins/com.st.stm32cube.ide.mcu.externaltools.gnu-tools-for-stm32.7-2018-q2-update.win32_1.4.0.202007081208/tools/bin/../lib/gcc/arm-none-eabi/7.3.1/../../../../arm-none-eabi/lib/thumb/v7-m\libc_nano.a(lib_a-exit.o)
 .data          0x0000000000000000        0x0 c:/st/stm32cubeide_1.4.0/stm32cubeide/plugins/com.st.stm32cube.ide.mcu.externaltools.gnu-tools-for-stm32.7-2018-q2-update.win32_1.4.0.202007081208/tools/bin/../lib/gcc/arm-none-eabi/7.3.1/../../../../arm-none-eabi/lib/thumb/v7-m\libc_nano.a(lib_a-exit.o)
 .bss           0x0000000000000000        0x0 c:/st/stm32cubeide_1.4.0/stm32cubeide/plugins/com.st.stm32cube.ide.mcu.externaltools.gnu-tools-for-stm32.7-2018-q2-update.win32_1.4.0.202007081208/tools/bin/../lib/gcc/arm-none-eabi/7.3.1/../../../../arm-none-eabi/lib/thumb/v7-m\libc_nano.a(lib_a-exit.o)
 .text.exit     0x0000000000000000       0x28 c:/st/stm32cubeide_1.4.0/stm32cubeide/plugins/com.st.stm32cube.ide.mcu.externaltools.gnu-tools-for-stm32.7-2018-q2-update.win32_1.4.0.202007081208/tools/bin/../lib/gcc/arm-none-eabi/7.3.1/../../../../arm-none-eabi/lib/thumb/v7-m\libc_nano.a(lib_a-exit.o)
 .debug_frame   0x0000000000000000       0x28 c:/st/stm32cubeide_1.4.0/stm32cubeide/plugins/com.st.stm32cube.ide.mcu.externaltools.gnu-tools-for-stm32.7-2018-q2-update.win32_1.4.0.202007081208/tools/bin/../lib/gcc/arm-none-eabi/7.3.1/../../../../arm-none-eabi/lib/thumb/v7-m\libc_nano.a(lib_a-exit.o)
 .ARM.attributes
                0x0000000000000000       0x2d c:/st/stm32cubeide_1.4.0/stm32cubeide/plugins/com.st.stm32cube.ide.mcu.externaltools.gnu-tools-for-stm32.7-2018-q2-update.win32_1.4.0.202007081208/tools/bin/../lib/gcc/arm-none-eabi/7.3.1/../../../../arm-none-eabi/lib/thumb/v7-m\libc_nano.a(lib_a-exit.o)
 .text          0x0000000000000000        0x0 c:/st/stm32cubeide_1.4.0/stm32cubeide/plugins/com.st.stm32cube.ide.mcu.externaltools.gnu-tools-for-stm32.7-2018-q2-update.win32_1.4.0.202007081208/tools/bin/../lib/gcc/arm-none-eabi/7.3.1/../../../../arm-none-eabi/lib/thumb/v7-m\libc_nano.a(lib_a-impure.o)
 .data          0x0000000000000000        0x0 c:/st/stm32cubeide_1.4.0/stm32cubeide/plugins/com.st.stm32cube.ide.mcu.externaltools.gnu-tools-for-stm32.7-2018-q2-update.win32_1.4.0.202007081208/tools/bin/../lib/gcc/arm-none-eabi/7.3.1/../../../../arm-none-eabi/lib/thumb/v7-m\libc_nano.a(lib_a-impure.o)
 .bss           0x0000000000000000        0x0 c:/st/stm32cubeide_1.4.0/stm32cubeide/plugins/com.st.stm32cube.ide.mcu.externaltools.gnu-tools-for-stm32.7-2018-q2-update.win32_1.4.0.202007081208/tools/bin/../lib/gcc/arm-none-eabi/7.3.1/../../../../arm-none-eabi/lib/thumb/v7-m\libc_nano.a(lib_a-impure.o)
 .data._impure_ptr
                0x0000000000000000        0x4 c:/st/stm32cubeide_1.4.0/stm32cubeide/plugins/com.st.stm32cube.ide.mcu.externaltools.gnu-tools-for-stm32.7-2018-q2-update.win32_1.4.0.202007081208/tools/bin/../lib/gcc/arm-none-eabi/7.3.1/../../../../arm-none-eabi/lib/thumb/v7-m\libc_nano.a(lib_a-impure.o)
 .data.impure_data
                0x0000000000000000       0x60 c:/st/stm32cubeide_1.4.0/stm32cubeide/plugins/com.st.stm32cube.ide.mcu.externaltools.gnu-tools-for-stm32.7-2018-q2-update.win32_1.4.0.202007081208/tools/bin/../lib/gcc/arm-none-eabi/7.3.1/../../../../arm-none-eabi/lib/thumb/v7-m\libc_nano.a(lib_a-impure.o)
 .rodata._global_impure_ptr
                0x0000000000000000        0x4 c:/st/stm32cubeide_1.4.0/stm32cubeide/plugins/com.st.stm32cube.ide.mcu.externaltools.gnu-tools-for-stm32.7-2018-q2-update.win32_1.4.0.202007081208/tools/bin/../lib/gcc/arm-none-eabi/7.3.1/../../../../arm-none-eabi/lib/thumb/v7-m\libc_nano.a(lib_a-impure.o)
 .ARM.attributes
                0x0000000000000000       0x2d c:/st/stm32cubeide_1.4.0/stm32cubeide/plugins/com.st.stm32cube.ide.mcu.externaltools.gnu-tools-for-stm32.7-2018-q2-update.win32_1.4.0.202007081208/tools/bin/../lib/gcc/arm-none-eabi/7.3.1/../../../../arm-none-eabi/lib/thumb/v7-m\libc_nano.a(lib_a-impure.o)
 .text          0x0000000000000000        0x0 c:/st/stm32cubeide_1.4.0/stm32cubeide/plugins/com.st.stm32cube.ide.mcu.externaltools.gnu-tools-for-stm32.7-2018-q2-update.win32_1.4.0.202007081208/tools/bin/../lib/gcc/arm-none-eabi/7.3.1/../../../../arm-none-eabi/lib/thumb/v7-m\libc_nano.a(lib_a-init.o)
 .data          0x0000000000000000        0x0 c:/st/stm32cubeide_1.4.0/stm32cubeide/plugins/com.st.stm32cube.ide.mcu.externaltools.gnu-tools-for-stm32.7-2018-q2-update.win32_1.4.0.202007081208/tools/bin/../lib/gcc/arm-none-eabi/7.3.1/../../../../arm-none-eabi/lib/thumb/v7-m\libc_nano.a(lib_a-init.o)
 .bss           0x0000000000000000        0x0 c:/st/stm32cubeide_1.4.0/stm32cubeide/plugins/com.st.stm32cube.ide.mcu.externaltools.gnu-tools-for-stm32.7-2018-q2-update.win32_1.4.0.202007081208/tools/bin/../lib/gcc/arm-none-eabi/7.3.1/../../../../arm-none-eabi/lib/thumb/v7-m\libc_nano.a(lib_a-init.o)
 .text          0x0000000000000000        0x0 c:/st/stm32cubeide_1.4.0/stm32cubeide/plugins/com.st.stm32cube.ide.mcu.externaltools.gnu-tools-for-stm32.7-2018-q2-update.win32_1.4.0.202007081208/tools/bin/../lib/gcc/arm-none-eabi/7.3.1/../../../../arm-none-eabi/lib/thumb/v7-m\libc_nano.a(lib_a-memset.o)
 .data          0x0000000000000000        0x0 c:/st/stm32cubeide_1.4.0/stm32cubeide/plugins/com.st.stm32cube.ide.mcu.externaltools.gnu-tools-for-stm32.7-2018-q2-update.win32_1.4.0.202007081208/tools/bin/../lib/gcc/arm-none-eabi/7.3.1/../../../../arm-none-eabi/lib/thumb/v7-m\libc_nano.a(lib_a-memset.o)
 .bss           0x0000000000000000        0x0 c:/st/stm32cubeide_1.4.0/stm32cubeide/plugins/com.st.stm32cube.ide.mcu.externaltools.gnu-tools-for-stm32.7-2018-q2-update.win32_1.4.0.202007081208/tools/bin/../lib/gcc/arm-none-eabi/7.3.1/../../../../arm-none-eabi/lib/thumb/v7-m\libc_nano.a(lib_a-memset.o)
 .text.memset   0x0000000000000000       0x10 c:/st/stm32cubeide_1.4.0/stm32cubeide/plugins/com.st.stm32cube.ide.mcu.externaltools.gnu-tools-for-stm32.7-2018-q2-update.win32_1.4.0.202007081208/tools/bin/../lib/gcc/arm-none-eabi/7.3.1/../../../../arm-none-eabi/lib/thumb/v7-m\libc_nano.a(lib_a-memset.o)
 .debug_frame   0x0000000000000000       0x20 c:/st/stm32cubeide_1.4.0/stm32cubeide/plugins/com.st.stm32cube.ide.mcu.externaltools.gnu-tools-for-stm32.7-2018-q2-update.win32_1.4.0.202007081208/tools/bin/../lib/gcc/arm-none-eabi/7.3.1/../../../../arm-none-eabi/lib/thumb/v7-m\libc_nano.a(lib_a-memset.o)
 .ARM.attributes
                0x0000000000000000       0x2d c:/st/stm32cubeide_1.4.0/stm32cubeide/plugins/com.st.stm32cube.ide.mcu.externaltools.gnu-tools-for-stm32.7-2018-q2-update.win32_1.4.0.202007081208/tools/bin/../lib/gcc/arm-none-eabi/7.3.1/../../../../arm-none-eabi/lib/thumb/v7-m\libc_nano.a(lib_a-memset.o)
 .text          0x0000000000000000        0x0 c:/st/stm32cubeide_1.4.0/stm32cubeide/plugins/com.st.stm32cube.ide.mcu.externaltools.gnu-tools-for-stm32.7-2018-q2-update.win32_1.4.0.202007081208/tools/bin/../lib/gcc/arm-none-eabi/7.3.1/thumb/v7-m/crtend.o
 .data          0x0000000000000000        0x0 c:/st/stm32cubeide_1.4.0/stm32cubeide/plugins/com.st.stm32cube.ide.mcu.externaltools.gnu-tools-for-stm32.7-2018-q2-update.win32_1.4.0.202007081208/tools/bin/../lib/gcc/arm-none-eabi/7.3.1/thumb/v7-m/crtend.o
 .bss           0x0000000000000000        0x0 c:/st/stm32cubeide_1.4.0/stm32cubeide/plugins/com.st.stm32cube.ide.mcu.externaltools.gnu-tools-for-stm32.7-2018-q2-update.win32_1.4.0.202007081208/tools/bin/../lib/gcc/arm-none-eabi/7.3.1/thumb/v7-m/crtend.o
 .eh_frame      0x0000000000000000        0x4 c:/st/stm32cubeide_1.4.0/stm32cubeide/plugins/com.st.stm32cube.ide.mcu.externaltools.gnu-tools-for-stm32.7-2018-q2-update.win32_1.4.0.202007081208/tools/bin/../lib/gcc/arm-none-eabi/7.3.1/thumb/v7-m/crtend.o
 .ARM.attributes
                0x0000000000000000       0x2d c:/st/stm32cubeide_1.4.0/stm32cubeide/plugins/com.st.stm32cube.ide.mcu.externaltools.gnu-tools-for-stm32.7-2018-q2-update.win32_1.4.0.202007081208/tools/bin/../lib/gcc/arm-none-eabi/7.3.1/thumb/v7-m/crtend.o
 .text          0x0000000000000000        0x0 c:/st/stm32cubeide_1.4.0/stm32cubeide/plugins/com.st.stm32cube.ide.mcu.externaltools.gnu-tools-for-stm32.7-2018-q2-update.win32_1.4.0.202007081208/tools/bin/../lib/gcc/arm-none-eabi/7.3.1/thumb/v7-m/crtn.o
 .data          0x0000000000000000        0x0 c:/st/stm32cubeide_1.4.0/stm32cubeide/plugins/com.st.stm32cube.ide.mcu.externaltools.gnu-tools-for-stm32.7-2018-q2-update.win32_1.4.0.202007081208/tools/bin/../lib/gcc/arm-none-eabi/7.3.1/thumb/v7-m/crtn.o
 .bss           0x0000000000000000        0x0 c:/st/stm32cubeide_1.4.0/stm32cubeide/plugins/com.st.stm32cube.ide.mcu.externaltools.gnu-tools-for-stm32.7-2018-q2-update.win32_1.4.0.202007081208/tools/bin/../lib/gcc/arm-none-eabi/7.3.1/thumb/v7-m/crtn.o

Memory Configuration

Name             Origin             Length             Attributes
RAM              0x0000000020000000 0x0000000000002800 xrw
ROM              0x0000000008000000 0x0000000000008000 xr
*default*        0x0000000000000000 0xffffffffffffffff

Linker script and memory map

LOAD c:/st/stm32cubeide_1.4.0/stm32cubeide/plugins/com.st.stm32cube.ide.mcu.externaltools.gnu-tools-for-stm32.7-2018-q2-update.win32_1.4.0.202007081208/tools/bin/../lib/gcc/arm-none-eabi/7.3.1/thumb/v7-m/crti.o
LOAD c:/st/stm32cubeide_1.4.0/stm32cubeide/plugins/com.st.stm32cube.ide.mcu.externaltools.gnu-tools-for-stm32.7-2018-q2-update.win32_1.4.0.202007081208/tools/bin/../lib/gcc/arm-none-eabi/7.3.1/thumb/v7-m/crtbegin.o
LOAD c:/st/stm32cubeide_1.4.0/stm32cubeide/plugins/com.st.stm32cube.ide.mcu.externaltools.gnu-tools-for-stm32.7-2018-q2-update.win32_1.4.0.202007081208/tools/bin/../lib/gcc/arm-none-eabi/7.3.1/../../../../arm-none-eabi/lib/thumb/v7-m/crt0.o
LOAD 7-SEG/7-seg.o
LOAD KEYPAD/keypad.o
LOAD LCD/lcd.o
LOAD STM32F103C6_Drivers/STM32F103C6_GPIO_driver.o
LOAD Src/main.o
LOAD Src/syscalls.o
LOAD Src/sysmem.o
LOAD Startup/startup_stm32f103c6tx.o
START GROUP
LOAD c:/st/stm32cubeide_1.4.0/stm32cubeide/plugins/com.st.stm32cube.ide.mcu.externaltools.gnu-tools-for-stm32.7-2018-q2-update.win32_1.4.0.202007081208/tools/bin/../lib/gcc/arm-none-eabi/7.3.1/../../../../arm-none-eabi/lib/thumb/v7-m\libc_nano.a
LOAD c:/st/stm32cubeide_1.4.0/stm32cubeide/plugins/com.st.stm32cube.ide.mcu.externaltools.gnu-tools-for-stm32.7-2018-q2-update.win32_1.4.0.202007081208/tools/bin/../lib/gcc/arm-none-eabi/7.3.1/../../../../arm-none-eabi/lib/thumb/v7-m\libm.a
END GROUP
START GROUP
LOAD c:/st/stm32cubeide_1.4.0/stm32cubeide/plugins/com.st.stm32cube.ide.mcu.externaltools.gnu-tools-for-stm32.7-2018-q2-update.win32_1.4.0.202007081208/tools/bin/../lib/gcc/arm-none-eabi/7.3.1/thumb/v7-m\libgcc.a
LOAD c:/st/stm32cubeide_1.4.0/stm32cubeide/plugins/com.st.stm32cube.ide.mcu.externaltools.gnu-tools-for-stm32.7-2018-q2-update.win32_1.4.0.202007081208/tools/bin/../lib/gcc/arm-none-eabi/7.3.1/../../../../arm-none-eabi/lib/thumb/v7-m\libg_nano.a
LOAD c:/st/stm32cubeide_1.4.0/stm32cubeide/plugins/com.st.stm32cube.ide.mcu.externaltools.gnu-tools-for-stm32.7-2018-q2-update.win32_1.4.0.202007081208/tools/bin/../lib/gcc/arm-none-eabi/7.3.1/../../../../arm-none-eabi/lib/thumb/v7-m\libc_nano.a
END GROUP
START GROUP
LOAD c:/st/stm32cubeide_1.4.0/stm32cubeide/plugins/com.st.stm32cube.ide.mcu.externaltools.gnu-tools-for-stm32.7-2018-q2-update.win32_1.4.0.202007081208/tools/bin/../lib/gcc/arm-none-eabi/7.3.1/thumb/v7-m\libgcc.a
LOAD c:/st/stm32cubeide_1.4.0/stm32cubeide/plugins/com.st.stm32cube.ide.mcu.externaltools.gnu-tools-for-stm32.7-2018-q2-update.win32_1.4.0.202007081208/tools/bin/../lib/gcc/arm-none-eabi/7.3.1/../../../../arm-none-eabi/lib/thumb/v7-m\libc_nano.a
LOAD c:/st/stm32cubeide_1.4.0/stm32cubeide/plugins/com.st.stm32cube.ide.mcu.externaltools.gnu-tools-for-stm32.7-2018-q2-update.win32_1.4.0.202007081208/tools/bin/../lib/gcc/arm-none-eabi/7.3.1/../../../../arm-none-eabi/lib/thumb/v7-m\libnosys.a
END GROUP
START GROUP
LOAD c:/st/stm32cubeide_1.4.0/stm32cubeide/plugins/com.st.stm32cube.ide.mcu.externaltools.gnu-tools-for-stm32.7-2018-q2-update.win32_1.4.0.202007081208/tools/bin/../lib/gcc/arm-none-eabi/7.3.1/thumb/v7-m\libgcc.a
LOAD c:/st/stm32cubeide_1.4.0/stm32cubeide/plugins/com.st.stm32cube.ide.mcu.externaltools.gnu-tools-for-stm32.7-2018-q2-update.win32_1.4.0.202007081208/tools/bin/../lib/gcc/arm-none-eabi/7.3.1/../../../../arm-none-eabi/lib/thumb/v7-m\libc_nano.a
LOAD c:/st/stm32cubeide_1.4.0/stm32cubeide/plugins/com.st.stm32cube.ide.mcu.externaltools.gnu-tools-for-stm32.7-2018-q2-update.win32_1.4.0.202007081208/tools/bin/../lib/gcc/arm-none-eabi/7.3.1/../../../../arm-none-eabi/lib/thumb/v7-m\libnosys.a
END GROUP
LOAD c:/st/stm32cubeide_1.4.0/stm32cubeide/plugins/com.st.stm32cube.ide.mcu.externaltools.gnu-tools-for-stm32.7-2018-q2-update.win32_1.4.0.202007081208/tools/bin/../lib/gcc/arm-none-eabi/7.3.1/thumb/v7-m/crtend.o
LOAD c:/st/stm32cubeide_1.4.0/stm32cubeide/plugins/com.st.stm32cube.ide.mcu.externaltools.gnu-tools-for-stm32.7-2018-q2-update.win32_1.4.0.202007081208/tools/bin/../lib/gcc/arm-none-eabi/7.3.1/thumb/v7-m/crtn.o
                0x0000000020002800                _estack = (ORIGIN (RAM) + LENGTH (RAM))
                0x0000000000000200                _Min_Heap_Size = 0x200
                0x0000000000000400                _Min_Stack_Size = 0x400

.isr_vector     0x0000000008000000      0x130
                0x0000000008000000                . = ALIGN (0x4)
 *(.isr_vector)
 .isr_vector    0x0000000008000000      0x130 Startup/startup_stm32f103c6tx.o
                0x0000000008000000                g_pfnVectors
                0x0000000008000130                . = ALIGN (0x4)

.text           0x0000000008000130      0x99c
                0x0000000008000130                . = ALIGN (0x4)
 *(.text)
 .text          0x0000000008000130       0x40 c:/st/stm32cubeide_1.4.0/stm32cubeide/plugins/com.st.stm32cube.ide.mcu.externaltools.gnu-tools-for-stm32.7-2018-q2-update.win32_1.4.0.202007081208/tools/bin/../lib/gcc/arm-none-eabi/7.3.1/thumb/v7-m/crtbegin.o
 *(.text*)
 .text.SEG_init
                0x0000000008000170       0x4c 7-SEG/7-seg.o
                0x0000000008000170                SEG_init
 .text.SEG_Write_Number
                0x00000000080001bc       0x5c 7-SEG/7-seg.o
                0x00000000080001bc                SEG_Write_Number
 .text.SEG_clear
                0x0000000008000218       0x3c 7-SEG/7-seg.o
                0x0000000008000218                SEG_clear
 .text.Keypad_init
                0x0000000008000254       0x88 KEYPAD/keypad.o
                0x0000000008000254                Keypad_init
 .text.Keypad_getkey
                0x00000000080002dc      0x17c KEYPAD/keypad.o
                0x00000000080002dc                Keypad_getkey
 .text.LCD_INIT
                0x0000000008000458       0xb8 LCD/lcd.o
                0x0000000008000458                LCD_INIT
 .text.LCD_lcd_kick
                0x0000000008000510       0x2c LCD/lcd.o
                0x0000000008000510                LCD_lcd_kick
 .text.LCD_check_lcd_isbusy
                0x000000000800053c       0xa0 LCD/lcd.o
                0x000000000800053c                LCD_check_lcd_isbusy
 .text.LCD_WRITE_COMMAND
                0x00000000080005dc       0x48 LCD/lcd.o
                0x00000000080005dc                LCD_WRITE_COMMAND
 .text.LCD_WRITE_CHAR
                0x0000000008000624       0x48 LCD/lcd.o
                0x0000000008000624                LCD_WRITE_CHAR
 .text.LCD_WRITE_STRING
                0x000000000800066c       0x58 LCD/lcd.o
                0x000000000800066c                LCD_WRITE_STRING
 .text.LCD_clear_screen
                0x00000000080006c4        0xe LCD/lcd.o
                0x00000000080006c4                LCD_clear_screen
 .text.LCD_GOTO_XY
                0x00000000080006d2       0x48 LCD/lcd.o
                0x00000000080006d2                LCD_GOTO_XY
 .text.my_wait_ms
                0x000000000800071a       0x38 LCD/lcd.o
                0x000000000800071a                my_wait_ms
 .text.GET_CRLH_Position
                0x0000000008000752       0xc6 STM32F103C6_Drivers/STM32F103C6_GPIO_driver.o
 .text.MCAL_GPIO_Init
                0x0000000008000818       0xfe STM32F103C6_Drivers/STM32F103C6_GPIO_driver.o
                0x0000000008000818                MCAL_GPIO_Init
 .text.MCAL_GPIO_ReadPin
                0x0000000008000916       0x2e STM32F103C6_Drivers/STM32F103C6_GPIO_driver.o
                0x0000000008000916                MCAL_GPIO_ReadPin
 .text.MCAL_GPIO_WritePin
                0x0000000008000944       0x2e STM32F103C6_Drivers/STM32F103C6_GPIO_driver.o
                0x0000000008000944                MCAL_GPIO_WritePin
 .text.MCAL_GPIO_WritePort
                0x0000000008000972       0x1c STM32F103C6_Drivers/STM32F103C6_GPIO_driver.o
                0x0000000008000972                MCAL_GPIO_WritePort
 *fill*         0x000000000800098e        0x2 
 .text.clock_init
                0x0000000008000990       0x28 Src/main.o
                0x0000000008000990                clock_init
 .text.main     0x00000000080009b8       0x60 Src/main.o
                0x00000000080009b8                main
 .text.Reset_Handler
                0x0000000008000a18       0x50 Startup/startup_stm32f103c6tx.o
                0x0000000008000a18                Reset_Handler
 .text.Default_Handler
                0x0000000008000a68        0x2 Startup/startup_stm32f103c6tx.o
                0x0000000008000a68                EXTI2_IRQHandler
                0x0000000008000a68                TIM8_TRG_COM_IRQHandler
                0x0000000008000a68                TIM8_CC_IRQHandler
                0x0000000008000a68                DebugMon_Handler
                0x0000000008000a68                TIM1_CC_IRQHandler
                0x0000000008000a68                HardFault_Handler
                0x0000000008000a68                TIM6_IRQHandler
                0x0000000008000a68                SysTick_Handler
                0x0000000008000a68                PVD_IRQHandler
                0x0000000008000a68                SDIO_IRQHandler
                0x0000000008000a68                PendSV_Handler
                0x0000000008000a68                NMI_Handler
                0x0000000008000a68                EXTI3_IRQHandler
                0x0000000008000a68                USB_HP_CAN_TX_IRQHandler
                0x0000000008000a68                EXTI0_IRQHandler
                0x0000000008000a68                I2C2_EV_IRQHandler
                0x0000000008000a68                UsageFault_Handler
                0x0000000008000a68                ADC1_2_IRQHandler
                0x0000000008000a68                SPI1_IRQHandler
                0x0000000008000a68                CAN_SCE_IRQHandler
                0x0000000008000a68                TAMPER_IRQHandler
                0x0000000008000a68                TIM8_UP_IRQHandler
                0x0000000008000a68                DMA2_Channel2_IRQHandler
                0x0000000008000a68                DMA1_Channel4_IRQHandler
                0x0000000008000a68                USART3_IRQHandler
                0x0000000008000a68                RTC_IRQHandler
                0x0000000008000a68                DMA1_Channel7_IRQHandler
                0x0000000008000a68                UART5_IRQHandler
                0x0000000008000a68                ADC3_IRQHandler
                0x0000000008000a68                TIM4_IRQHandler
                0x0000000008000a68                CAN_RX1_IRQHandler
                0x0000000008000a68                DMA2_Channel1_IRQHandler
                0x0000000008000a68                I2C1_EV_IRQHandler
                0x0000000008000a68                DMA1_Channel6_IRQHandler
                0x0000000008000a68                UART4_IRQHandler
                0x0000000008000a68                TIM3_IRQHandler
                0x0000000008000a68                RCC_IRQHandler
                0x0000000008000a68                TIM1_TRG_COM_IRQHandler
                0x0000000008000a68                DMA1_Channel1_IRQHandler
                0x0000000008000a68                Default_Handler
                0x0000000008000a68                EXTI15_10_IRQHandler
                0x0000000008000a68                TIM7_IRQHandler
                0x0000000008000a68                TIM5_IRQHandler
                0x0000000008000a68                EXTI9_5_IRQHandler
                0x0000000008000a68                SPI2_IRQHandler
                0x0000000008000a68                USB_LP_CAN_RX0_IRQHandler
                0x0000000008000a68                MemManage_Handler
                0x0000000008000a68                SVC_Handler
                0x0000000008000a68                DMA1_Channel5_IRQHandler
                0x0000000008000a68                EXTI4_IRQHandler
                0x0000000008000a68                DMA1_Channel3_IRQHandler
                0x0000000008000a68                FSMC_IRQHandler
                0x0000000008000a68                TIM1_UP_IRQHandler
                0x0000000008000a68                WWDG_IRQHandler
                0x0000000008000a68                TIM2_IRQHandler
                0x0000000008000a68                TIM1_BRK_IRQHandler
                0x0000000008000a68                EXTI1_IRQHandler
                0x0000000008000a68                RTCAlarm_IRQHandler
                0x0000000008000a68                DMA2_Channel4_5_IRQHandler
                0x0000000008000a68                USART2_IRQHandler
                0x0000000008000a68                I2C2_ER_IRQHandler
                0x0000000008000a68                DMA1_Channel2_IRQHandler
                0x0000000008000a68                TIM8_BRK_IRQHandler
                0x0000000008000a68                FLASH_IRQHandler
                0x0000000008000a68                BusFault_Handler
                0x0000000008000a68                USART1_IRQHandler
                0x0000000008000a68                SPI3_IRQHandler
                0x0000000008000a68                I2C1_ER_IRQHandler
                0x0000000008000a68                DMA2_Channel3_IRQHandler
 *fill*         0x0000000008000a6a        0x2 
 .text.__libc_init_array
                0x0000000008000a6c       0x48 c:/st/stm32cubeide_1.4.0/stm32cubeide/plugins/com.st.stm32cube.ide.mcu.externaltools.gnu-tools-for-stm32.7-2018-q2-update.win32_1.4.0.202007081208/tools/bin/../lib/gcc/arm-none-eabi/7.3.1/../../../../arm-none-eabi/lib/thumb/v7-m\libc_nano.a(lib_a-init.o)
                0x0000000008000a6c                __libc_init_array
 *(.glue_7)
 .glue_7        0x0000000008000ab4        0x0 linker stubs
 *(.glue_7t)
 .glue_7t       0x0000000008000ab4        0x0 linker stubs
 *(.eh_frame)
 .eh_frame      0x0000000008000ab4        0x0 c:/st/stm32cubeide_1.4.0/stm32cubeide/plugins/com.st.stm32cube.ide.mcu.externaltools.gnu-tools-for-stm32.7-2018-q2-update.win32_1.4.0.202007081208/tools/bin/../lib/gcc/arm-none-eabi/7.3.1/thumb/v7-m/crtbegin.o
 *(.init)
 .init          0x0000000008000ab4        0x4 c:/st/stm32cubeide_1.4.0/stm32cubeide/plugins/com.st.stm32cube.ide.mcu.externaltools.gnu-tools-for-stm32.7-2018-q2-update.win32_1.4.0.202007081208/tools/bin/../lib/gcc/arm-none-eabi/7.3.1/thumb/v7-m/crti.o
                0x0000000008000ab4                _init
 .init          0x0000000008000ab8        0x8 c:/st/stm32cubeide_1.4.0/stm32cubeide/plugins/com.st.stm32cube.ide.mcu.externaltools.gnu-tools-for-stm32.7-2018-q2-update.win32_1.4.0.202007081208/tools/bin/../lib/gcc/arm-none-eabi/7.3.1/thumb/v7-m/crtn.o
 *(.fini)
 .fini          0x0000000008000ac0        0x4 c:/st/stm32cubeide_1.4.0/stm32cubeide/plugins/com.st.stm32cube.ide.mcu.externaltools.gnu-tools-for-stm32.7-2018-q2-update.win32_1.4.0.202007081208/tools/bin/../lib/gcc/arm-none-eabi/7.3.1/thumb/v7-m/crti.o
                0x0000000008000ac0                _fini
 .fini          0x0000000008000ac4        0x8 c:/st/stm32cubeide_1.4.0/stm32cubeide/plugins/com.st.stm32cube.ide.mcu.externaltools.gnu-tools-for-stm32.7-2018-q2-update.win32_1.4.0.202007081208/tools/bin/../lib/gcc/arm-none-eabi/7.3.1/thumb/v7-m/crtn.o
                0x0000000008000acc                . = ALIGN (0x4)
                0x0000000008000acc                _etext = .

.vfp11_veneer   0x0000000008000acc        0x0
 .vfp11_veneer  0x0000000008000acc        0x0 linker stubs

.v4_bx          0x0000000008000acc        0x0
 .v4_bx         0x0000000008000acc        0x0 linker stubs

.iplt           0x0000000008000acc        0x0
 .iplt          0x0000000008000acc        0x0 c:/st/stm32cubeide_1.4.0/stm32cubeide/plugins/com.st.stm32cube.ide.mcu.externaltools.gnu-tools-for-stm32.7-2018-q2-update.win32_1.4.0.202007081208/tools/bin/../lib/gcc/arm-none-eabi/7.3.1/thumb/v7-m/crtbegin.o

.rodata         0x0000000008000acc        0x8
                0x0000000008000acc                . = ALIGN (0x4)
 *(.rodata)
 .rodata        0x0000000008000acc        0x6 Src/main.o
 *(.rodata*)
                0x0000000008000ad4                . = ALIGN (0x4)
 *fill*         0x0000000008000ad2        0x2 

.rel.dyn        0x0000000008000ad4        0x0
 .rel.iplt      0x0000000008000ad4        0x0 c:/st/stm32cubeide_1.4.0/stm32cubeide/plugins/com.st.stm32cube.ide.mcu.externaltools.gnu-tools-for-stm32.7-2018-q2-update.win32_1.4.0.202007081208/tools/bin/../lib/gcc/arm-none-eabi/7.3.1/thumb/v7-m/crtbegin.o

.ARM.extab      0x0000000008000ad4        0x0
                0x0000000008000ad4                . = ALIGN (0x4)
 *(.ARM.extab* .gnu.linkonce.armextab.*)
                0x0000000008000ad4                . = ALIGN (0x4)

.ARM            0x0000000008000ad4        0x0
                0x0000000008000ad4                . = ALIGN (0x4)
                0x0000000008000ad4                __exidx_start = .
 *(.ARM.exidx*)
                0x0000000008000ad4                __exidx_end = .
                0x0000000008000ad4                . = ALIGN (0x4)

.preinit_array  0x0000000008000ad4        0x0
                0x0000000008000ad4                . = ALIGN (0x4)
                0x0000000008000ad4                PROVIDE (__preinit_array_start = .)
 *(.preinit_array*)
                0x0000000008000ad4                PROVIDE (__preinit_array_end = .)
                0x0000000008000ad4                . = ALIGN (0x4)

.init_array     0x0000000008000ad4        0x4
                0x0000000008000ad4                . = ALIGN (0x4)
                0x0000000008000ad4                PROVIDE (__init_array_start = .)
 *(SORT_BY_NAME(.init_array.*))
 *(.init_array*)
 .init_array    0x0000000008000ad4        0x4 c:/st/stm32cubeide_1.4.0/stm32cubeide/plugins/com.st.stm32cube.ide.mcu.externaltools.gnu-tools-for-stm32.7-2018-q2-update.win32_1.4.0.202007081208/tools/bin/../lib/gcc/arm-none-eabi/7.3.1/thumb/v7-m/crtbegin.o
                0x0000000008000ad8                PROVIDE (__init_array_end = .)
                0x0000000008000ad8                . = ALIGN (0x4)

.fini_array     0x0000000008000ad8        0x4
                0x0000000008000ad8                . = ALIGN (0x4)
                [!provide]                        PROVIDE (__fini_array_start = .)
 *(SORT_BY_NAME(.fini_array.*))
 *(.fini_array*)
 .fini_array    0x0000000008000ad8        0x4 c:/st/stm32cubeide_1.4.0/stm32cubeide/plugins/com.st.stm32cube.ide.mcu.externaltools.gnu-tools-for-stm32.7-2018-q2-update.win32_1.4.0.202007081208/tools/bin/../lib/gcc/arm-none-eabi/7.3.1/thumb/v7-m/crtbegin.o
                [!provide]                        PROVIDE (__fini_array_end = .)
                0x0000000008000adc                . = ALIGN (0x4)
                0x0000000008000adc                _sidata = LOADADDR (.data)

.data           0x0000000020000000       0x5c load address 0x0000000008000adc
                0x0000000020000000                . = ALIGN (0x4)
                0x0000000020000000                _sdata = .
 *(.data)
 *(.data*)
 .data.SEG_pins
                0x0000000020000000        0xe 7-SEG/7-seg.o
                0x0000000020000000                SEG_pins
 *fill*         0x000000002000000e        0x2 
 .data.SEG_Numbers
                0x0000000020000010        0xa 7-SEG/7-seg.o
                0x0000000020000010                SEG_Numbers
 *fill*         0x000000002000001a        0x2 
 .data.Keypad_r
                0x000000002000001c       0x10 KEYPAD/keypad.o
                0x000000002000001c                Keypad_r
 .data.Keypad_c
                0x000000002000002c       0x10 KEYPAD/keypad.o
                0x000000002000002c                Keypad_c
 .data.GPIO_PINS
                0x000000002000003c       0x20 LCD/lcd.o
                0x000000002000003c                GPIO_PINS
                0x000000002000005c                . = ALIGN (0x4)
                0x000000002000005c                _edata = .

.igot.plt       0x000000002000005c        0x0 load address 0x0000000008000b38
 .igot.plt      0x000000002000005c        0x0 c:/st/stm32cubeide_1.4.0/stm32cubeide/plugins/com.st.stm32cube.ide.mcu.externaltools.gnu-tools-for-stm32.7-2018-q2-update.win32_1.4.0.202007081208/tools/bin/../lib/gcc/arm-none-eabi/7.3.1/thumb/v7-m/crtbegin.o
                0x000000002000005c                . = ALIGN (0x4)

.bss            0x000000002000005c       0x20 load address 0x0000000008000b38
                0x000000002000005c                _sbss = .
                0x000000002000005c                __bss_start__ = _sbss
 *(.bss)
 .bss           0x000000002000005c       0x1c c:/st/stm32cubeide_1.4.0/stm32cubeide/plugins/com.st.stm32cube.ide.mcu.externaltools.gnu-tools-for-stm32.7-2018-q2-update.win32_1.4.0.202007081208/tools/bin/../lib/gcc/arm-none-eabi/7.3.1/thumb/v7-m/crtbegin.o
 *(.bss*)
 *(COMMON)
 COMMON         0x0000000020000078        0x4 KEYPAD/keypad.o
                0x0000000020000078                Pinconfig
                0x000000002000007c                . = ALIGN (0x4)
                0x000000002000007c                _ebss = .
                0x000000002000007c                __bss_end__ = _ebss

._user_heap_stack
                0x000000002000007c      0x604 load address 0x0000000008000b38
                0x0000000020000080                . = ALIGN (0x8)
 *fill*         0x000000002000007c        0x4 
                [!provide]                        PROVIDE (end = .)
                0x0000000020000080                PROVIDE (_end = .)
                0x0000000020000280                . = (. + _Min_Heap_Size)
 *fill*         0x0000000020000080      0x200 
                0x0000000020000680                . = (. + _Min_Stack_Size)
 *fill*         0x0000000020000280      0x400 
                0x0000000020000680                . = ALIGN (0x8)

/DISCARD/
 libc.a(*)
 libm.a(*)
 libgcc.a(*)

.ARM.attributes
                0x0000000000000000       0x29
 *(.ARM.attributes)
 .ARM.attributes
                0x0000000000000000       0x1d c:/st/stm32cubeide_1.4.0/stm32cubeide/plugins/com.st.stm32cube.ide.mcu.externaltools.gnu-tools-for-stm32.7-2018-q2-update.win32_1.4.0.202007081208/tools/bin/../lib/gcc/arm-none-eabi/7.3.1/thumb/v7-m/crti.o
 .ARM.attributes
                0x000000000000001d       0x2d c:/st/stm32cubeide_1.4.0/stm32cubeide/plugins/com.st.stm32cube.ide.mcu.externaltools.gnu-tools-for-stm32.7-2018-q2-update.win32_1.4.0.202007081208/tools/bin/../lib/gcc/arm-none-eabi/7.3.1/thumb/v7-m/crtbegin.o
 .ARM.attributes
                0x000000000000004a       0x33 7-SEG/7-seg.o
 .ARM.attributes
                0x000000000000007d       0x33 KEYPAD/keypad.o
 .ARM.attributes
                0x00000000000000b0       0x33 LCD/lcd.o
 .ARM.attributes
                0x00000000000000e3       0x33 STM32F103C6_Drivers/STM32F103C6_GPIO_driver.o
 .ARM.attributes
                0x0000000000000116       0x33 Src/main.o
 .ARM.attributes
                0x0000000000000149       0x21 Startup/startup_stm32f103c6tx.o
 .ARM.attributes
                0x000000000000016a       0x2d c:/st/stm32cubeide_1.4.0/stm32cubeide/plugins/com.st.stm32cube.ide.mcu.externaltools.gnu-tools-for-stm32.7-2018-q2-update.win32_1.4.0.202007081208/tools/bin/../lib/gcc/arm-none-eabi/7.3.1/../../../../arm-none-eabi/lib/thumb/v7-m\libc_nano.a(lib_a-init.o)
 .ARM.attributes
                0x0000000000000197       0x1d c:/st/stm32cubeide_1.4.0/stm32cubeide/plugins/com.st.stm32cube.ide.mcu.externaltools.gnu-tools-for-stm32.7-2018-q2-update.win32_1.4.0.202007081208/tools/bin/../lib/gcc/arm-none-eabi/7.3.1/thumb/v7-m/crtn.o
OUTPUT(Drivers_2_lcd_keypad.elf elf32-littlearm)

.debug_info     0x0000000000000000     0x3b21
 .debug_info    0x0000000000000000      0xb67 7-SEG/7-seg.o
 .debug_info    0x0000000000000b67      0xb47 KEYPAD/keypad.o
 .debug_info    0x00000000000016ae      0xc47 LCD/lcd.o
 .debug_info    0x00000000000022f5      0xd58 STM32F103C6_Drivers/STM32F103C6_GPIO_driver.o
 .debug_info    0x000000000000304d      0xab2 Src/main.o
 .debug_info    0x0000000000003aff       0x22 Startup/startup_stm32f103c6tx.o

.debug_abbrev   0x0000000000000000      0x993
 .debug_abbrev  0x0000000000000000      0x1c0 7-SEG/7-seg.o
 .debug_abbrev  0x00000000000001c0      0x1ba KEYPAD/keypad.o
 .debug_abbrev  0x000000000000037a      0x22f LCD/lcd.o
 .debug_abbrev  0x00000000000005a9      0x230 STM32F103C6_Drivers/STM32F103C6_GPIO_driver.o
 .debug_abbrev  0x00000000000007d9      0x1a8 Src/main.o
 .debug_abbrev  0x0000000000000981       0x12 Startup/startup_stm32f103c6tx.o

.debug_loc      0x0000000000000000      0x7d0
 .debug_loc     0x0000000000000000       0xf0 7-SEG/7-seg.o
 .debug_loc     0x00000000000000f0       0xa0 KEYPAD/keypad.o
 .debug_loc     0x0000000000000190      0x294 LCD/lcd.o
 .debug_loc     0x0000000000000424      0x330 STM32F103C6_Drivers/STM32F103C6_GPIO_driver.o
 .debug_loc     0x0000000000000754       0x7c Src/main.o

.debug_aranges  0x0000000000000000      0x168
 .debug_aranges
                0x0000000000000000       0x30 7-SEG/7-seg.o
 .debug_aranges
                0x0000000000000030       0x28 KEYPAD/keypad.o
 .debug_aranges
                0x0000000000000058       0x60 LCD/lcd.o
 .debug_aranges
                0x00000000000000b8       0x60 STM32F103C6_Drivers/STM32F103C6_GPIO_driver.o
 .debug_aranges
                0x0000000000000118       0x28 Src/main.o
 .debug_aranges
                0x0000000000000140       0x28 Startup/startup_stm32f103c6tx.o

.debug_ranges   0x0000000000000000      0x110
 .debug_ranges  0x0000000000000000       0x20 7-SEG/7-seg.o
 .debug_ranges  0x0000000000000020       0x18 KEYPAD/keypad.o
 .debug_ranges  0x0000000000000038       0x50 LCD/lcd.o
 .debug_ranges  0x0000000000000088       0x50 STM32F103C6_Drivers/STM32F103C6_GPIO_driver.o
 .debug_ranges  0x00000000000000d8       0x18 Src/main.o
 .debug_ranges  0x00000000000000f0       0x20 Startup/startup_stm32f103c6tx.o

.debug_macro    0x0000000000000000     0x209e
 .debug_macro   0x0000000000000000      0x14c 7-SEG/7-seg.o
 .debug_macro   0x000000000000014c      0xa60 7-SEG/7-seg.o
 .debug_macro   0x0000000000000bac       0x18 7-SEG/7-seg.o
 .debug_macro   0x0000000000000bc4       0x22 7-SEG/7-seg.o
 .debug_macro   0x0000000000000be6       0x40 7-SEG/7-seg.o
 .debug_macro   0x0000000000000c26       0x94 7-SEG/7-seg.o
 .debug_macro   0x0000000000000cba       0x3c 7-SEG/7-seg.o
 .debug_macro   0x0000000000000cf6       0x34 7-SEG/7-seg.o
 .debug_macro   0x0000000000000d2a       0x16 7-SEG/7-seg.o
 .debug_macro   0x0000000000000d40      0x10e 7-SEG/7-seg.o
 .debug_macro   0x0000000000000e4e       0x8d 7-SEG/7-seg.o
 .debug_macro   0x0000000000000edb       0x57 7-SEG/7-seg.o
 .debug_macro   0x0000000000000f32       0x52 7-SEG/7-seg.o
 .debug_macro   0x0000000000000f84       0x1f 7-SEG/7-seg.o
 .debug_macro   0x0000000000000fa3       0x43 7-SEG/7-seg.o
 .debug_macro   0x0000000000000fe6       0x20 7-SEG/7-seg.o
 .debug_macro   0x0000000000001006      0x1a3 7-SEG/7-seg.o
 .debug_macro   0x00000000000011a9      0x330 7-SEG/7-seg.o
 .debug_macro   0x00000000000014d9       0x16 7-SEG/7-seg.o
 .debug_macro   0x00000000000014ef       0x29 7-SEG/7-seg.o
 .debug_macro   0x0000000000001518       0xef 7-SEG/7-seg.o
 .debug_macro   0x0000000000001607       0x6a 7-SEG/7-seg.o
 .debug_macro   0x0000000000001671      0x1df 7-SEG/7-seg.o
 .debug_macro   0x0000000000001850       0xb4 7-SEG/7-seg.o
 .debug_macro   0x0000000000001904       0xd0 7-SEG/7-seg.o
 .debug_macro   0x00000000000019d4       0x46 7-SEG/7-seg.o
 .debug_macro   0x0000000000001a1a      0x151 KEYPAD/keypad.o
 .debug_macro   0x0000000000001b6b       0x10 KEYPAD/keypad.o
 .debug_macro   0x0000000000001b7b       0x3a KEYPAD/keypad.o
 .debug_macro   0x0000000000001bb5      0x151 LCD/lcd.o
 .debug_macro   0x0000000000001d06       0x10 LCD/lcd.o
 .debug_macro   0x0000000000001d16       0xa0 LCD/lcd.o
 .debug_macro   0x0000000000001db6      0x13f STM32F103C6_Drivers/STM32F103C6_GPIO_driver.o
 .debug_macro   0x0000000000001ef5      0x163 Src/main.o
 .debug_macro   0x0000000000002058       0x46 Src/main.o

.debug_line     0x0000000000000000     0x1fb7
 .debug_line    0x0000000000000000      0x5b1 7-SEG/7-seg.o
 .debug_line    0x00000000000005b1      0x65d KEYPAD/keypad.o
 .debug_line    0x0000000000000c0e      0x675 LCD/lcd.o
 .debug_line    0x0000000000001283      0x68b STM32F103C6_Drivers/STM32F103C6_GPIO_driver.o
 .debug_line    0x000000000000190e      0x625 Src/main.o
 .debug_line    0x0000000000001f33       0x84 Startup/startup_stm32f103c6tx.o

.debug_str      0x0000000000000000     0x7b54
 .debug_str     0x0000000000000000     0x7579 7-SEG/7-seg.o
                                       0x77da (size before relaxing)
 .debug_str     0x0000000000007579       0xd4 KEYPAD/keypad.o
                                       0x77f1 (size before relaxing)
 .debug_str     0x000000000000764d      0x33e LCD/lcd.o
                                       0x7a6a (size before relaxing)
 .debug_str     0x000000000000798b      0x162 STM32F103C6_Drivers/STM32F103C6_GPIO_driver.o
                                       0x7885 (size before relaxing)
 .debug_str     0x0000000000007aed       0x36 Src/main.o
                                       0x7aad (size before relaxing)
 .debug_str     0x0000000000007b23       0x31 Startup/startup_stm32f103c6tx.o
                                         0x66 (size before relaxing)

.comment        0x0000000000000000       0x7b
 .comment       0x0000000000000000       0x7b 7-SEG/7-seg.o
                                         0x7c (size before relaxing)
 .comment       0x000000000000007b       0x7c KEYPAD/keypad.o
 .comment       0x000000000000007b       0x7c LCD/lcd.o
 .comment       0x000000000000007b       0x7c STM32F103C6_Drivers/STM32F103C6_GPIO_driver.o
 .comment       0x000000000000007b       0x7c Src/main.o

.debug_frame    0x0000000000000000      0x40c
 .debug_frame   0x0000000000000000       0x7c 7-SEG/7-seg.o
 .debug_frame   0x000000000000007c       0x58 KEYPAD/keypad.o
 .debug_frame   0x00000000000000d4      0x148 LCD/lcd.o
 .debug_frame   0x000000000000021c      0x174 STM32F103C6_Drivers/STM32F103C6_GPIO_driver.o
 .debug_frame   0x0000000000000390       0x50 Src/main.o
 .debug_frame   0x00000000000003e0       0x2c c:/st/stm32cubeide_1.4.0/stm32cubeide/plugins/com.st.stm32cube.ide.mcu.externaltools.gnu-tools-for-stm32.7-2018-q2-update.win32_1.4.0.202007081208/tools/bin/../lib/gcc/arm-none-eabi/7.3.1/../../../../arm-none-eabi/lib/thumb/v7-m\libc_nano.a(lib_a-init.o)
