Archive member included to satisfy reference by file (symbol)

c:/st/stm32cubeide_1.4.0/stm32cubeide/plugins/com.st.stm32cube.ide.mcu.externaltools.gnu-tools-for-stm32.7-2018-q2-update.win32_1.4.0.202007081208/tools/bin/../lib/gcc/arm-none-eabi/7.3.1/../../../../arm-none-eabi/lib/thumb/v7-m\libc_nano.a(lib_a-errno.o)
                              Src/syscalls.o (__errno)
c:/st/stm32cubeide_1.4.0/stm32cubeide/plugins/com.st.stm32cube.ide.mcu.externaltools.gnu-tools-for-stm32.7-2018-q2-update.win32_1.4.0.202007081208/tools/bin/../lib/gcc/arm-none-eabi/7.3.1/../../../../arm-none-eabi/lib/thumb/v7-m\libc_nano.a(lib_a-exit.o)
                              c:/st/stm32cubeide_1.4.0/stm32cubeide/plugins/com.st.stm32cube.ide.mcu.externaltools.gnu-tools-for-stm32.7-2018-q2-update.win32_1.4.0.202007081208/tools/bin/../lib/gcc/arm-none-eabi/7.3.1/../../../../arm-none-eabi/lib/thumb/v7-m/crt0.o (exit)
c:/st/stm32cubeide_1.4.0/stm32cubeide/plugins/com.st.stm32cube.ide.mcu.externaltools.gnu-tools-for-stm32.7-2018-q2-update.win32_1.4.0.202007081208/tools/bin/../lib/gcc/arm-none-eabi/7.3.1/../../../../arm-none-eabi/lib/thumb/v7-m\libc_nano.a(lib_a-impure.o)
                              c:/st/stm32cubeide_1.4.0/stm32cubeide/plugins/com.st.stm32cube.ide.mcu.externaltools.gnu-tools-for-stm32.7-2018-q2-update.win32_1.4.0.202007081208/tools/bin/../lib/gcc/arm-none-eabi/7.3.1/../../../../arm-none-eabi/lib/thumb/v7-m\libc_nano.a(lib_a-exit.o) (_global_impure_ptr)
c:/st/stm32cubeide_1.4.0/stm32cubeide/plugins/com.st.stm32cube.ide.mcu.externaltools.gnu-tools-for-stm32.7-2018-q2-update.win32_1.4.0.202007081208/tools/bin/../lib/gcc/arm-none-eabi/7.3.1/../../../../arm-none-eabi/lib/thumb/v7-m\libc_nano.a(lib_a-init.o)
                              c:/st/stm32cubeide_1.4.0/stm32cubeide/plugins/com.st.stm32cube.ide.mcu.externaltools.gnu-tools-for-stm32.7-2018-q2-update.win32_1.4.0.202007081208/tools/bin/../lib/gcc/arm-none-eabi/7.3.1/../../../../arm-none-eabi/lib/thumb/v7-m/crt0.o (__libc_init_array)
c:/st/stm32cubeide_1.4.0/stm32cubeide/plugins/com.st.stm32cube.ide.mcu.externaltools.gnu-tools-for-stm32.7-2018-q2-update.win32_1.4.0.202007081208/tools/bin/../lib/gcc/arm-none-eabi/7.3.1/../../../../arm-none-eabi/lib/thumb/v7-m\libc_nano.a(lib_a-memset.o)
                              c:/st/stm32cubeide_1.4.0/stm32cubeide/plugins/com.st.stm32cube.ide.mcu.externaltools.gnu-tools-for-stm32.7-2018-q2-update.win32_1.4.0.202007081208/tools/bin/../lib/gcc/arm-none-eabi/7.3.1/../../../../arm-none-eabi/lib/thumb/v7-m/crt0.o (memset)

Allocating common symbols
Common symbol       size              file

Pinconfig           0x4               HAL/keypad/keypad.o
Gp_IRQ_Callback     0x3c              STM32F103C6_Drivers/STM32F103C6_EXTI_driver.o
ch                  0x1               Src/main.o

Discarded input sections

 .text          0x0000000000000000        0x0 c:/st/stm32cubeide_1.4.0/stm32cubeide/plugins/com.st.stm32cube.ide.mcu.externaltools.gnu-tools-for-stm32.7-2018-q2-update.win32_1.4.0.202007081208/tools/bin/../lib/gcc/arm-none-eabi/7.3.1/thumb/v7-m/crti.o
 .data          0x0000000000000000        0x0 c:/st/stm32cubeide_1.4.0/stm32cubeide/plugins/com.st.stm32cube.ide.mcu.externaltools.gnu-tools-for-stm32.7-2018-q2-update.win32_1.4.0.202007081208/tools/bin/../lib/gcc/arm-none-eabi/7.3.1/thumb/v7-m/crti.o
 .bss           0x0000000000000000        0x0 c:/st/stm32cubeide_1.4.0/stm32cubeide/plugins/com.st.stm32cube.ide.mcu.externaltools.gnu-tools-for-stm32.7-2018-q2-update.win32_1.4.0.202007081208/tools/bin/../lib/gcc/arm-none-eabi/7.3.1/thumb/v7-m/crti.o
 .data          0x0000000000000000        0x4 c:/st/stm32cubeide_1.4.0/stm32cubeide/plugins/com.st.stm32cube.ide.mcu.externaltools.gnu-tools-for-stm32.7-2018-q2-update.win32_1.4.0.202007081208/tools/bin/../lib/gcc/arm-none-eabi/7.3.1/thumb/v7-m/crtbegin.o
 .text          0x0000000000000000       0x74 c:/st/stm32cubeide_1.4.0/stm32cubeide/plugins/com.st.stm32cube.ide.mcu.externaltools.gnu-tools-for-stm32.7-2018-q2-update.win32_1.4.0.202007081208/tools/bin/../lib/gcc/arm-none-eabi/7.3.1/../../../../arm-none-eabi/lib/thumb/v7-m/crt0.o
 .data          0x0000000000000000        0x0 c:/st/stm32cubeide_1.4.0/stm32cubeide/plugins/com.st.stm32cube.ide.mcu.externaltools.gnu-tools-for-stm32.7-2018-q2-update.win32_1.4.0.202007081208/tools/bin/../lib/gcc/arm-none-eabi/7.3.1/../../../../arm-none-eabi/lib/thumb/v7-m/crt0.o
 .bss           0x0000000000000000        0x0 c:/st/stm32cubeide_1.4.0/stm32cubeide/plugins/com.st.stm32cube.ide.mcu.externaltools.gnu-tools-for-stm32.7-2018-q2-update.win32_1.4.0.202007081208/tools/bin/../lib/gcc/arm-none-eabi/7.3.1/../../../../arm-none-eabi/lib/thumb/v7-m/crt0.o
 .ARM.extab     0x0000000000000000        0x0 c:/st/stm32cubeide_1.4.0/stm32cubeide/plugins/com.st.stm32cube.ide.mcu.externaltools.gnu-tools-for-stm32.7-2018-q2-update.win32_1.4.0.202007081208/tools/bin/../lib/gcc/arm-none-eabi/7.3.1/../../../../arm-none-eabi/lib/thumb/v7-m/crt0.o
 .ARM.exidx     0x0000000000000000        0x8 c:/st/stm32cubeide_1.4.0/stm32cubeide/plugins/com.st.stm32cube.ide.mcu.externaltools.gnu-tools-for-stm32.7-2018-q2-update.win32_1.4.0.202007081208/tools/bin/../lib/gcc/arm-none-eabi/7.3.1/../../../../arm-none-eabi/lib/thumb/v7-m/crt0.o
 .ARM.attributes
                0x0000000000000000       0x1b c:/st/stm32cubeide_1.4.0/stm32cubeide/plugins/com.st.stm32cube.ide.mcu.externaltools.gnu-tools-for-stm32.7-2018-q2-update.win32_1.4.0.202007081208/tools/bin/../lib/gcc/arm-none-eabi/7.3.1/../../../../arm-none-eabi/lib/thumb/v7-m/crt0.o
 .group         0x0000000000000000        0xc HAL/keypad/keypad.o
 .group         0x0000000000000000        0xc HAL/keypad/keypad.o
 .group         0x0000000000000000        0xc HAL/keypad/keypad.o
 .group         0x0000000000000000        0xc HAL/keypad/keypad.o
 .group         0x0000000000000000        0xc HAL/keypad/keypad.o
 .group         0x0000000000000000        0xc HAL/keypad/keypad.o
 .group         0x0000000000000000        0xc HAL/keypad/keypad.o
 .group         0x0000000000000000        0xc HAL/keypad/keypad.o
 .group         0x0000000000000000        0xc HAL/keypad/keypad.o
 .group         0x0000000000000000        0xc HAL/keypad/keypad.o
 .group         0x0000000000000000        0xc HAL/keypad/keypad.o
 .group         0x0000000000000000        0xc HAL/keypad/keypad.o
 .group         0x0000000000000000        0xc HAL/keypad/keypad.o
 .group         0x0000000000000000        0xc HAL/keypad/keypad.o
 .group         0x0000000000000000        0xc HAL/keypad/keypad.o
 .group         0x0000000000000000        0xc HAL/keypad/keypad.o
 .group         0x0000000000000000        0xc HAL/keypad/keypad.o
 .group         0x0000000000000000        0xc HAL/keypad/keypad.o
 .group         0x0000000000000000        0xc HAL/keypad/keypad.o
 .group         0x0000000000000000        0xc HAL/keypad/keypad.o
 .group         0x0000000000000000        0xc HAL/keypad/keypad.o
 .group         0x0000000000000000        0xc HAL/keypad/keypad.o
 .group         0x0000000000000000        0xc HAL/keypad/keypad.o
 .group         0x0000000000000000        0xc HAL/keypad/keypad.o
 .group         0x0000000000000000        0xc HAL/keypad/keypad.o
 .group         0x0000000000000000        0xc HAL/keypad/keypad.o
 .text          0x0000000000000000        0x0 HAL/keypad/keypad.o
 .data          0x0000000000000000        0x0 HAL/keypad/keypad.o
 .bss           0x0000000000000000        0x0 HAL/keypad/keypad.o
 .data.Keypad_r
                0x0000000000000000       0x10 HAL/keypad/keypad.o
 .data.Keypad_c
                0x0000000000000000       0x10 HAL/keypad/keypad.o
 .text.Keypad_init
                0x0000000000000000       0x88 HAL/keypad/keypad.o
 .text.Keypad_getkey
                0x0000000000000000      0x17c HAL/keypad/keypad.o
 .debug_info    0x0000000000000000      0xb47 HAL/keypad/keypad.o
 .debug_abbrev  0x0000000000000000      0x1ba HAL/keypad/keypad.o
 .debug_loc     0x0000000000000000       0xa0 HAL/keypad/keypad.o
 .debug_aranges
                0x0000000000000000       0x28 HAL/keypad/keypad.o
 .debug_ranges  0x0000000000000000       0x18 HAL/keypad/keypad.o
 .debug_macro   0x0000000000000000      0x151 HAL/keypad/keypad.o
 .debug_macro   0x0000000000000000      0xa60 HAL/keypad/keypad.o
 .debug_macro   0x0000000000000000       0x10 HAL/keypad/keypad.o
 .debug_macro   0x0000000000000000       0x18 HAL/keypad/keypad.o
 .debug_macro   0x0000000000000000       0x22 HAL/keypad/keypad.o
 .debug_macro   0x0000000000000000       0x40 HAL/keypad/keypad.o
 .debug_macro   0x0000000000000000       0x94 HAL/keypad/keypad.o
 .debug_macro   0x0000000000000000       0x3c HAL/keypad/keypad.o
 .debug_macro   0x0000000000000000       0x34 HAL/keypad/keypad.o
 .debug_macro   0x0000000000000000       0x16 HAL/keypad/keypad.o
 .debug_macro   0x0000000000000000      0x10e HAL/keypad/keypad.o
 .debug_macro   0x0000000000000000       0x8d HAL/keypad/keypad.o
 .debug_macro   0x0000000000000000       0x57 HAL/keypad/keypad.o
 .debug_macro   0x0000000000000000       0x52 HAL/keypad/keypad.o
 .debug_macro   0x0000000000000000       0x1f HAL/keypad/keypad.o
 .debug_macro   0x0000000000000000       0x43 HAL/keypad/keypad.o
 .debug_macro   0x0000000000000000       0x20 HAL/keypad/keypad.o
 .debug_macro   0x0000000000000000      0x1a3 HAL/keypad/keypad.o
 .debug_macro   0x0000000000000000      0x330 HAL/keypad/keypad.o
 .debug_macro   0x0000000000000000       0x16 HAL/keypad/keypad.o
 .debug_macro   0x0000000000000000       0x29 HAL/keypad/keypad.o
 .debug_macro   0x0000000000000000       0xef HAL/keypad/keypad.o
 .debug_macro   0x0000000000000000       0x6a HAL/keypad/keypad.o
 .debug_macro   0x0000000000000000      0x1df HAL/keypad/keypad.o
 .debug_macro   0x0000000000000000      0x246 HAL/keypad/keypad.o
 .debug_macro   0x0000000000000000       0xd0 HAL/keypad/keypad.o
 .debug_macro   0x0000000000000000       0x3a HAL/keypad/keypad.o
 .debug_line    0x0000000000000000      0x6a4 HAL/keypad/keypad.o
 .debug_str     0x0000000000000000     0x803e HAL/keypad/keypad.o
 .comment       0x0000000000000000       0x7c HAL/keypad/keypad.o
 .debug_frame   0x0000000000000000       0x58 HAL/keypad/keypad.o
 .ARM.attributes
                0x0000000000000000       0x33 HAL/keypad/keypad.o
 COMMON         0x0000000000000000        0x4 HAL/keypad/keypad.o
 .group         0x0000000000000000        0xc HAL/lcd/lcd.o
 .group         0x0000000000000000        0xc HAL/lcd/lcd.o
 .group         0x0000000000000000        0xc HAL/lcd/lcd.o
 .group         0x0000000000000000        0xc HAL/lcd/lcd.o
 .group         0x0000000000000000        0xc HAL/lcd/lcd.o
 .group         0x0000000000000000        0xc HAL/lcd/lcd.o
 .group         0x0000000000000000        0xc HAL/lcd/lcd.o
 .group         0x0000000000000000        0xc HAL/lcd/lcd.o
 .group         0x0000000000000000        0xc HAL/lcd/lcd.o
 .group         0x0000000000000000        0xc HAL/lcd/lcd.o
 .group         0x0000000000000000        0xc HAL/lcd/lcd.o
 .group         0x0000000000000000        0xc HAL/lcd/lcd.o
 .group         0x0000000000000000        0xc HAL/lcd/lcd.o
 .group         0x0000000000000000        0xc HAL/lcd/lcd.o
 .group         0x0000000000000000        0xc HAL/lcd/lcd.o
 .group         0x0000000000000000        0xc HAL/lcd/lcd.o
 .group         0x0000000000000000        0xc HAL/lcd/lcd.o
 .group         0x0000000000000000        0xc HAL/lcd/lcd.o
 .group         0x0000000000000000        0xc HAL/lcd/lcd.o
 .group         0x0000000000000000        0xc HAL/lcd/lcd.o
 .group         0x0000000000000000        0xc HAL/lcd/lcd.o
 .group         0x0000000000000000        0xc HAL/lcd/lcd.o
 .group         0x0000000000000000        0xc HAL/lcd/lcd.o
 .group         0x0000000000000000        0xc HAL/lcd/lcd.o
 .group         0x0000000000000000        0xc HAL/lcd/lcd.o
 .group         0x0000000000000000        0xc HAL/lcd/lcd.o
 .text          0x0000000000000000        0x0 HAL/lcd/lcd.o
 .data          0x0000000000000000        0x0 HAL/lcd/lcd.o
 .bss           0x0000000000000000        0x0 HAL/lcd/lcd.o
 .data.GPIO_PINS
                0x0000000000000000       0x20 HAL/lcd/lcd.o
 .text.LCD_INIT
                0x0000000000000000       0xb8 HAL/lcd/lcd.o
 .text.LCD_lcd_kick
                0x0000000000000000       0x2c HAL/lcd/lcd.o
 .text.LCD_check_lcd_isbusy
                0x0000000000000000       0xa0 HAL/lcd/lcd.o
 .text.LCD_WRITE_COMMAND
                0x0000000000000000       0x48 HAL/lcd/lcd.o
 .text.LCD_WRITE_CHAR
                0x0000000000000000       0x48 HAL/lcd/lcd.o
 .text.LCD_WRITE_STRING
                0x0000000000000000       0x58 HAL/lcd/lcd.o
 .text.LCD_clear_screen
                0x0000000000000000        0xe HAL/lcd/lcd.o
 .text.LCD_GOTO_XY
                0x0000000000000000       0x48 HAL/lcd/lcd.o
 .text.my_wait_ms
                0x0000000000000000       0x38 HAL/lcd/lcd.o
 .debug_info    0x0000000000000000      0xc47 HAL/lcd/lcd.o
 .debug_abbrev  0x0000000000000000      0x22f HAL/lcd/lcd.o
 .debug_loc     0x0000000000000000      0x294 HAL/lcd/lcd.o
 .debug_aranges
                0x0000000000000000       0x60 HAL/lcd/lcd.o
 .debug_ranges  0x0000000000000000       0x50 HAL/lcd/lcd.o
 .debug_macro   0x0000000000000000      0x151 HAL/lcd/lcd.o
 .debug_macro   0x0000000000000000      0xa60 HAL/lcd/lcd.o
 .debug_macro   0x0000000000000000       0x10 HAL/lcd/lcd.o
 .debug_macro   0x0000000000000000       0x18 HAL/lcd/lcd.o
 .debug_macro   0x0000000000000000       0x22 HAL/lcd/lcd.o
 .debug_macro   0x0000000000000000       0x40 HAL/lcd/lcd.o
 .debug_macro   0x0000000000000000       0x94 HAL/lcd/lcd.o
 .debug_macro   0x0000000000000000       0x3c HAL/lcd/lcd.o
 .debug_macro   0x0000000000000000       0x34 HAL/lcd/lcd.o
 .debug_macro   0x0000000000000000       0x16 HAL/lcd/lcd.o
 .debug_macro   0x0000000000000000      0x10e HAL/lcd/lcd.o
 .debug_macro   0x0000000000000000       0x8d HAL/lcd/lcd.o
 .debug_macro   0x0000000000000000       0x57 HAL/lcd/lcd.o
 .debug_macro   0x0000000000000000       0x52 HAL/lcd/lcd.o
 .debug_macro   0x0000000000000000       0x1f HAL/lcd/lcd.o
 .debug_macro   0x0000000000000000       0x43 HAL/lcd/lcd.o
 .debug_macro   0x0000000000000000       0x20 HAL/lcd/lcd.o
 .debug_macro   0x0000000000000000      0x1a3 HAL/lcd/lcd.o
 .debug_macro   0x0000000000000000      0x330 HAL/lcd/lcd.o
 .debug_macro   0x0000000000000000       0x16 HAL/lcd/lcd.o
 .debug_macro   0x0000000000000000       0x29 HAL/lcd/lcd.o
 .debug_macro   0x0000000000000000       0xef HAL/lcd/lcd.o
 .debug_macro   0x0000000000000000       0x6a HAL/lcd/lcd.o
 .debug_macro   0x0000000000000000      0x1df HAL/lcd/lcd.o
 .debug_macro   0x0000000000000000      0x246 HAL/lcd/lcd.o
 .debug_macro   0x0000000000000000       0xd0 HAL/lcd/lcd.o
 .debug_macro   0x0000000000000000       0xa0 HAL/lcd/lcd.o
 .debug_line    0x0000000000000000      0x6bc HAL/lcd/lcd.o
 .debug_str     0x0000000000000000     0x82b7 HAL/lcd/lcd.o
 .comment       0x0000000000000000       0x7c HAL/lcd/lcd.o
 .debug_frame   0x0000000000000000      0x148 HAL/lcd/lcd.o
 .ARM.attributes
                0x0000000000000000       0x33 HAL/lcd/lcd.o
 .group         0x0000000000000000        0xc STM32F103C6_Drivers/STM32F103C6_EXTI_driver.o
 .group         0x0000000000000000        0xc STM32F103C6_Drivers/STM32F103C6_EXTI_driver.o
 .group         0x0000000000000000        0xc STM32F103C6_Drivers/STM32F103C6_EXTI_driver.o
 .group         0x0000000000000000        0xc STM32F103C6_Drivers/STM32F103C6_EXTI_driver.o
 .group         0x0000000000000000        0xc STM32F103C6_Drivers/STM32F103C6_EXTI_driver.o
 .group         0x0000000000000000        0xc STM32F103C6_Drivers/STM32F103C6_EXTI_driver.o
 .group         0x0000000000000000        0xc STM32F103C6_Drivers/STM32F103C6_EXTI_driver.o
 .group         0x0000000000000000        0xc STM32F103C6_Drivers/STM32F103C6_EXTI_driver.o
 .group         0x0000000000000000        0xc STM32F103C6_Drivers/STM32F103C6_EXTI_driver.o
 .group         0x0000000000000000        0xc STM32F103C6_Drivers/STM32F103C6_EXTI_driver.o
 .group         0x0000000000000000        0xc STM32F103C6_Drivers/STM32F103C6_EXTI_driver.o
 .group         0x0000000000000000        0xc STM32F103C6_Drivers/STM32F103C6_EXTI_driver.o
 .group         0x0000000000000000        0xc STM32F103C6_Drivers/STM32F103C6_EXTI_driver.o
 .group         0x0000000000000000        0xc STM32F103C6_Drivers/STM32F103C6_EXTI_driver.o
 .group         0x0000000000000000        0xc STM32F103C6_Drivers/STM32F103C6_EXTI_driver.o
 .group         0x0000000000000000        0xc STM32F103C6_Drivers/STM32F103C6_EXTI_driver.o
 .group         0x0000000000000000        0xc STM32F103C6_Drivers/STM32F103C6_EXTI_driver.o
 .group         0x0000000000000000        0xc STM32F103C6_Drivers/STM32F103C6_EXTI_driver.o
 .group         0x0000000000000000        0xc STM32F103C6_Drivers/STM32F103C6_EXTI_driver.o
 .group         0x0000000000000000        0xc STM32F103C6_Drivers/STM32F103C6_EXTI_driver.o
 .group         0x0000000000000000        0xc STM32F103C6_Drivers/STM32F103C6_EXTI_driver.o
 .group         0x0000000000000000        0xc STM32F103C6_Drivers/STM32F103C6_EXTI_driver.o
 .group         0x0000000000000000        0xc STM32F103C6_Drivers/STM32F103C6_EXTI_driver.o
 .group         0x0000000000000000        0xc STM32F103C6_Drivers/STM32F103C6_EXTI_driver.o
 .group         0x0000000000000000        0xc STM32F103C6_Drivers/STM32F103C6_EXTI_driver.o
 .text          0x0000000000000000        0x0 STM32F103C6_Drivers/STM32F103C6_EXTI_driver.o
 .data          0x0000000000000000        0x0 STM32F103C6_Drivers/STM32F103C6_EXTI_driver.o
 .bss           0x0000000000000000        0x0 STM32F103C6_Drivers/STM32F103C6_EXTI_driver.o
 .text.EXTI_UPDATE
                0x0000000000000000      0x1d0 STM32F103C6_Drivers/STM32F103C6_EXTI_driver.o
 .text.MCAL_EXTI_GPIO_Init
                0x0000000000000000       0x16 STM32F103C6_Drivers/STM32F103C6_EXTI_driver.o
 .text.MCAL_EXTI_GPIO_Update
                0x0000000000000000       0x16 STM32F103C6_Drivers/STM32F103C6_EXTI_driver.o
 .text.MCAL_EXTI_GPIO_DeInit
                0x0000000000000000       0x94 STM32F103C6_Drivers/STM32F103C6_EXTI_driver.o
 .text.enable_NVIC
                0x0000000000000000       0xcc STM32F103C6_Drivers/STM32F103C6_EXTI_driver.o
 .text.disable_NVIC
                0x0000000000000000       0xcc STM32F103C6_Drivers/STM32F103C6_EXTI_driver.o
 .debug_macro   0x0000000000000000      0xa60 STM32F103C6_Drivers/STM32F103C6_EXTI_driver.o
 .debug_macro   0x0000000000000000       0x18 STM32F103C6_Drivers/STM32F103C6_EXTI_driver.o
 .debug_macro   0x0000000000000000       0x22 STM32F103C6_Drivers/STM32F103C6_EXTI_driver.o
 .debug_macro   0x0000000000000000       0x40 STM32F103C6_Drivers/STM32F103C6_EXTI_driver.o
 .debug_macro   0x0000000000000000       0x94 STM32F103C6_Drivers/STM32F103C6_EXTI_driver.o
 .debug_macro   0x0000000000000000       0x3c STM32F103C6_Drivers/STM32F103C6_EXTI_driver.o
 .debug_macro   0x0000000000000000       0x34 STM32F103C6_Drivers/STM32F103C6_EXTI_driver.o
 .debug_macro   0x0000000000000000       0x16 STM32F103C6_Drivers/STM32F103C6_EXTI_driver.o
 .debug_macro   0x0000000000000000      0x10e STM32F103C6_Drivers/STM32F103C6_EXTI_driver.o
 .debug_macro   0x0000000000000000       0x8d STM32F103C6_Drivers/STM32F103C6_EXTI_driver.o
 .debug_macro   0x0000000000000000       0x57 STM32F103C6_Drivers/STM32F103C6_EXTI_driver.o
 .debug_macro   0x0000000000000000       0x52 STM32F103C6_Drivers/STM32F103C6_EXTI_driver.o
 .debug_macro   0x0000000000000000       0x1f STM32F103C6_Drivers/STM32F103C6_EXTI_driver.o
 .debug_macro   0x0000000000000000       0x43 STM32F103C6_Drivers/STM32F103C6_EXTI_driver.o
 .debug_macro   0x0000000000000000       0x20 STM32F103C6_Drivers/STM32F103C6_EXTI_driver.o
 .debug_macro   0x0000000000000000      0x1a3 STM32F103C6_Drivers/STM32F103C6_EXTI_driver.o
 .debug_macro   0x0000000000000000      0x330 STM32F103C6_Drivers/STM32F103C6_EXTI_driver.o
 .debug_macro   0x0000000000000000       0x16 STM32F103C6_Drivers/STM32F103C6_EXTI_driver.o
 .debug_macro   0x0000000000000000       0x29 STM32F103C6_Drivers/STM32F103C6_EXTI_driver.o
 .debug_macro   0x0000000000000000       0xef STM32F103C6_Drivers/STM32F103C6_EXTI_driver.o
 .debug_macro   0x0000000000000000       0x6a STM32F103C6_Drivers/STM32F103C6_EXTI_driver.o
 .debug_macro   0x0000000000000000      0x1df STM32F103C6_Drivers/STM32F103C6_EXTI_driver.o
 .debug_macro   0x0000000000000000      0x246 STM32F103C6_Drivers/STM32F103C6_EXTI_driver.o
 .group         0x0000000000000000        0xc STM32F103C6_Drivers/STM32F103C6_GPIO_driver.o
 .group         0x0000000000000000        0xc STM32F103C6_Drivers/STM32F103C6_GPIO_driver.o
 .group         0x0000000000000000        0xc STM32F103C6_Drivers/STM32F103C6_GPIO_driver.o
 .group         0x0000000000000000        0xc STM32F103C6_Drivers/STM32F103C6_GPIO_driver.o
 .group         0x0000000000000000        0xc STM32F103C6_Drivers/STM32F103C6_GPIO_driver.o
 .group         0x0000000000000000        0xc STM32F103C6_Drivers/STM32F103C6_GPIO_driver.o
 .group         0x0000000000000000        0xc STM32F103C6_Drivers/STM32F103C6_GPIO_driver.o
 .group         0x0000000000000000        0xc STM32F103C6_Drivers/STM32F103C6_GPIO_driver.o
 .group         0x0000000000000000        0xc STM32F103C6_Drivers/STM32F103C6_GPIO_driver.o
 .group         0x0000000000000000        0xc STM32F103C6_Drivers/STM32F103C6_GPIO_driver.o
 .group         0x0000000000000000        0xc STM32F103C6_Drivers/STM32F103C6_GPIO_driver.o
 .group         0x0000000000000000        0xc STM32F103C6_Drivers/STM32F103C6_GPIO_driver.o
 .group         0x0000000000000000        0xc STM32F103C6_Drivers/STM32F103C6_GPIO_driver.o
 .group         0x0000000000000000        0xc STM32F103C6_Drivers/STM32F103C6_GPIO_driver.o
 .group         0x0000000000000000        0xc STM32F103C6_Drivers/STM32F103C6_GPIO_driver.o
 .group         0x0000000000000000        0xc STM32F103C6_Drivers/STM32F103C6_GPIO_driver.o
 .group         0x0000000000000000        0xc STM32F103C6_Drivers/STM32F103C6_GPIO_driver.o
 .group         0x0000000000000000        0xc STM32F103C6_Drivers/STM32F103C6_GPIO_driver.o
 .group         0x0000000000000000        0xc STM32F103C6_Drivers/STM32F103C6_GPIO_driver.o
 .group         0x0000000000000000        0xc STM32F103C6_Drivers/STM32F103C6_GPIO_driver.o
 .group         0x0000000000000000        0xc STM32F103C6_Drivers/STM32F103C6_GPIO_driver.o
 .group         0x0000000000000000        0xc STM32F103C6_Drivers/STM32F103C6_GPIO_driver.o
 .group         0x0000000000000000        0xc STM32F103C6_Drivers/STM32F103C6_GPIO_driver.o
 .group         0x0000000000000000        0xc STM32F103C6_Drivers/STM32F103C6_GPIO_driver.o
 .text          0x0000000000000000        0x0 STM32F103C6_Drivers/STM32F103C6_GPIO_driver.o
 .data          0x0000000000000000        0x0 STM32F103C6_Drivers/STM32F103C6_GPIO_driver.o
 .bss           0x0000000000000000        0x0 STM32F103C6_Drivers/STM32F103C6_GPIO_driver.o
 .text.MCAL_GPIO_DeInit
                0x0000000000000000       0xd4 STM32F103C6_Drivers/STM32F103C6_GPIO_driver.o
 .text.MCAL_GPIO_ReadPin
                0x0000000000000000       0x2e STM32F103C6_Drivers/STM32F103C6_GPIO_driver.o
 .text.MCAL_GPIO_ReadPort
                0x0000000000000000       0x18 STM32F103C6_Drivers/STM32F103C6_GPIO_driver.o
 .text.MCAL_GPIO_WritePin
                0x0000000000000000       0x2e STM32F103C6_Drivers/STM32F103C6_GPIO_driver.o
 .text.MCAL_GPIO_WritePort
                0x0000000000000000       0x1c STM32F103C6_Drivers/STM32F103C6_GPIO_driver.o
 .text.MCAL_GPIO_togglePin
                0x0000000000000000       0x22 STM32F103C6_Drivers/STM32F103C6_GPIO_driver.o
 .text.MCAL_GPIO_LockPin
                0x0000000000000000       0x4e STM32F103C6_Drivers/STM32F103C6_GPIO_driver.o
 .debug_macro   0x0000000000000000      0xa60 STM32F103C6_Drivers/STM32F103C6_GPIO_driver.o
 .debug_macro   0x0000000000000000       0x18 STM32F103C6_Drivers/STM32F103C6_GPIO_driver.o
 .debug_macro   0x0000000000000000       0x22 STM32F103C6_Drivers/STM32F103C6_GPIO_driver.o
 .debug_macro   0x0000000000000000       0x40 STM32F103C6_Drivers/STM32F103C6_GPIO_driver.o
 .debug_macro   0x0000000000000000       0x94 STM32F103C6_Drivers/STM32F103C6_GPIO_driver.o
 .debug_macro   0x0000000000000000       0x3c STM32F103C6_Drivers/STM32F103C6_GPIO_driver.o
 .debug_macro   0x0000000000000000       0x34 STM32F103C6_Drivers/STM32F103C6_GPIO_driver.o
 .debug_macro   0x0000000000000000       0x16 STM32F103C6_Drivers/STM32F103C6_GPIO_driver.o
 .debug_macro   0x0000000000000000      0x10e STM32F103C6_Drivers/STM32F103C6_GPIO_driver.o
 .debug_macro   0x0000000000000000       0x8d STM32F103C6_Drivers/STM32F103C6_GPIO_driver.o
 .debug_macro   0x0000000000000000       0x57 STM32F103C6_Drivers/STM32F103C6_GPIO_driver.o
 .debug_macro   0x0000000000000000       0x52 STM32F103C6_Drivers/STM32F103C6_GPIO_driver.o
 .debug_macro   0x0000000000000000       0x1f STM32F103C6_Drivers/STM32F103C6_GPIO_driver.o
 .debug_macro   0x0000000000000000       0x43 STM32F103C6_Drivers/STM32F103C6_GPIO_driver.o
 .debug_macro   0x0000000000000000       0x20 STM32F103C6_Drivers/STM32F103C6_GPIO_driver.o
 .debug_macro   0x0000000000000000      0x1a3 STM32F103C6_Drivers/STM32F103C6_GPIO_driver.o
 .debug_macro   0x0000000000000000      0x330 STM32F103C6_Drivers/STM32F103C6_GPIO_driver.o
 .debug_macro   0x0000000000000000       0x16 STM32F103C6_Drivers/STM32F103C6_GPIO_driver.o
 .debug_macro   0x0000000000000000       0x29 STM32F103C6_Drivers/STM32F103C6_GPIO_driver.o
 .debug_macro   0x0000000000000000       0xef STM32F103C6_Drivers/STM32F103C6_GPIO_driver.o
 .debug_macro   0x0000000000000000       0x6a STM32F103C6_Drivers/STM32F103C6_GPIO_driver.o
 .debug_macro   0x0000000000000000      0x1df STM32F103C6_Drivers/STM32F103C6_GPIO_driver.o
 .debug_macro   0x0000000000000000      0x246 STM32F103C6_Drivers/STM32F103C6_GPIO_driver.o
 .debug_macro   0x0000000000000000       0xd0 STM32F103C6_Drivers/STM32F103C6_GPIO_driver.o
 .group         0x0000000000000000        0xc STM32F103C6_Drivers/STM32F103C6_RCC_driver.o
 .group         0x0000000000000000        0xc STM32F103C6_Drivers/STM32F103C6_RCC_driver.o
 .group         0x0000000000000000        0xc STM32F103C6_Drivers/STM32F103C6_RCC_driver.o
 .group         0x0000000000000000        0xc STM32F103C6_Drivers/STM32F103C6_RCC_driver.o
 .group         0x0000000000000000        0xc STM32F103C6_Drivers/STM32F103C6_RCC_driver.o
 .group         0x0000000000000000        0xc STM32F103C6_Drivers/STM32F103C6_RCC_driver.o
 .group         0x0000000000000000        0xc STM32F103C6_Drivers/STM32F103C6_RCC_driver.o
 .group         0x0000000000000000        0xc STM32F103C6_Drivers/STM32F103C6_RCC_driver.o
 .group         0x0000000000000000        0xc STM32F103C6_Drivers/STM32F103C6_RCC_driver.o
 .group         0x0000000000000000        0xc STM32F103C6_Drivers/STM32F103C6_RCC_driver.o
 .group         0x0000000000000000        0xc STM32F103C6_Drivers/STM32F103C6_RCC_driver.o
 .group         0x0000000000000000        0xc STM32F103C6_Drivers/STM32F103C6_RCC_driver.o
 .group         0x0000000000000000        0xc STM32F103C6_Drivers/STM32F103C6_RCC_driver.o
 .group         0x0000000000000000        0xc STM32F103C6_Drivers/STM32F103C6_RCC_driver.o
 .group         0x0000000000000000        0xc STM32F103C6_Drivers/STM32F103C6_RCC_driver.o
 .group         0x0000000000000000        0xc STM32F103C6_Drivers/STM32F103C6_RCC_driver.o
 .group         0x0000000000000000        0xc STM32F103C6_Drivers/STM32F103C6_RCC_driver.o
 .group         0x0000000000000000        0xc STM32F103C6_Drivers/STM32F103C6_RCC_driver.o
 .group         0x0000000000000000        0xc STM32F103C6_Drivers/STM32F103C6_RCC_driver.o
 .group         0x0000000000000000        0xc STM32F103C6_Drivers/STM32F103C6_RCC_driver.o
 .group         0x0000000000000000        0xc STM32F103C6_Drivers/STM32F103C6_RCC_driver.o
 .group         0x0000000000000000        0xc STM32F103C6_Drivers/STM32F103C6_RCC_driver.o
 .group         0x0000000000000000        0xc STM32F103C6_Drivers/STM32F103C6_RCC_driver.o
 .group         0x0000000000000000        0xc STM32F103C6_Drivers/STM32F103C6_RCC_driver.o
 .text          0x0000000000000000        0x0 STM32F103C6_Drivers/STM32F103C6_RCC_driver.o
 .data          0x0000000000000000        0x0 STM32F103C6_Drivers/STM32F103C6_RCC_driver.o
 .bss           0x0000000000000000        0x0 STM32F103C6_Drivers/STM32F103C6_RCC_driver.o
 .debug_macro   0x0000000000000000      0xa60 STM32F103C6_Drivers/STM32F103C6_RCC_driver.o
 .debug_macro   0x0000000000000000       0x18 STM32F103C6_Drivers/STM32F103C6_RCC_driver.o
 .debug_macro   0x0000000000000000       0x22 STM32F103C6_Drivers/STM32F103C6_RCC_driver.o
 .debug_macro   0x0000000000000000       0x40 STM32F103C6_Drivers/STM32F103C6_RCC_driver.o
 .debug_macro   0x0000000000000000       0x94 STM32F103C6_Drivers/STM32F103C6_RCC_driver.o
 .debug_macro   0x0000000000000000       0x3c STM32F103C6_Drivers/STM32F103C6_RCC_driver.o
 .debug_macro   0x0000000000000000       0x34 STM32F103C6_Drivers/STM32F103C6_RCC_driver.o
 .debug_macro   0x0000000000000000       0x16 STM32F103C6_Drivers/STM32F103C6_RCC_driver.o
 .debug_macro   0x0000000000000000      0x10e STM32F103C6_Drivers/STM32F103C6_RCC_driver.o
 .debug_macro   0x0000000000000000       0x8d STM32F103C6_Drivers/STM32F103C6_RCC_driver.o
 .debug_macro   0x0000000000000000       0x57 STM32F103C6_Drivers/STM32F103C6_RCC_driver.o
 .debug_macro   0x0000000000000000       0x52 STM32F103C6_Drivers/STM32F103C6_RCC_driver.o
 .debug_macro   0x0000000000000000       0x1f STM32F103C6_Drivers/STM32F103C6_RCC_driver.o
 .debug_macro   0x0000000000000000       0x43 STM32F103C6_Drivers/STM32F103C6_RCC_driver.o
 .debug_macro   0x0000000000000000       0x20 STM32F103C6_Drivers/STM32F103C6_RCC_driver.o
 .debug_macro   0x0000000000000000      0x1a3 STM32F103C6_Drivers/STM32F103C6_RCC_driver.o
 .debug_macro   0x0000000000000000      0x330 STM32F103C6_Drivers/STM32F103C6_RCC_driver.o
 .debug_macro   0x0000000000000000       0x16 STM32F103C6_Drivers/STM32F103C6_RCC_driver.o
 .debug_macro   0x0000000000000000       0x29 STM32F103C6_Drivers/STM32F103C6_RCC_driver.o
 .debug_macro   0x0000000000000000       0xef STM32F103C6_Drivers/STM32F103C6_RCC_driver.o
 .debug_macro   0x0000000000000000       0x6a STM32F103C6_Drivers/STM32F103C6_RCC_driver.o
 .debug_macro   0x0000000000000000      0x1df STM32F103C6_Drivers/STM32F103C6_RCC_driver.o
 .debug_macro   0x0000000000000000      0x246 STM32F103C6_Drivers/STM32F103C6_RCC_driver.o
 .group         0x0000000000000000        0xc STM32F103C6_Drivers/STM32F103C6_USART_driver.o
 .group         0x0000000000000000        0xc STM32F103C6_Drivers/STM32F103C6_USART_driver.o
 .group         0x0000000000000000        0xc STM32F103C6_Drivers/STM32F103C6_USART_driver.o
 .group         0x0000000000000000        0xc STM32F103C6_Drivers/STM32F103C6_USART_driver.o
 .group         0x0000000000000000        0xc STM32F103C6_Drivers/STM32F103C6_USART_driver.o
 .group         0x0000000000000000        0xc STM32F103C6_Drivers/STM32F103C6_USART_driver.o
 .group         0x0000000000000000        0xc STM32F103C6_Drivers/STM32F103C6_USART_driver.o
 .group         0x0000000000000000        0xc STM32F103C6_Drivers/STM32F103C6_USART_driver.o
 .group         0x0000000000000000        0xc STM32F103C6_Drivers/STM32F103C6_USART_driver.o
 .group         0x0000000000000000        0xc STM32F103C6_Drivers/STM32F103C6_USART_driver.o
 .group         0x0000000000000000        0xc STM32F103C6_Drivers/STM32F103C6_USART_driver.o
 .group         0x0000000000000000        0xc STM32F103C6_Drivers/STM32F103C6_USART_driver.o
 .group         0x0000000000000000        0xc STM32F103C6_Drivers/STM32F103C6_USART_driver.o
 .group         0x0000000000000000        0xc STM32F103C6_Drivers/STM32F103C6_USART_driver.o
 .group         0x0000000000000000        0xc STM32F103C6_Drivers/STM32F103C6_USART_driver.o
 .group         0x0000000000000000        0xc STM32F103C6_Drivers/STM32F103C6_USART_driver.o
 .group         0x0000000000000000        0xc STM32F103C6_Drivers/STM32F103C6_USART_driver.o
 .group         0x0000000000000000        0xc STM32F103C6_Drivers/STM32F103C6_USART_driver.o
 .group         0x0000000000000000        0xc STM32F103C6_Drivers/STM32F103C6_USART_driver.o
 .group         0x0000000000000000        0xc STM32F103C6_Drivers/STM32F103C6_USART_driver.o
 .group         0x0000000000000000        0xc STM32F103C6_Drivers/STM32F103C6_USART_driver.o
 .group         0x0000000000000000        0xc STM32F103C6_Drivers/STM32F103C6_USART_driver.o
 .group         0x0000000000000000        0xc STM32F103C6_Drivers/STM32F103C6_USART_driver.o
 .group         0x0000000000000000        0xc STM32F103C6_Drivers/STM32F103C6_USART_driver.o
 .group         0x0000000000000000        0xc STM32F103C6_Drivers/STM32F103C6_USART_driver.o
 .group         0x0000000000000000        0xc STM32F103C6_Drivers/STM32F103C6_USART_driver.o
 .text          0x0000000000000000        0x0 STM32F103C6_Drivers/STM32F103C6_USART_driver.o
 .data          0x0000000000000000        0x0 STM32F103C6_Drivers/STM32F103C6_USART_driver.o
 .bss           0x0000000000000000        0x0 STM32F103C6_Drivers/STM32F103C6_USART_driver.o
 .text.MCAL_USART_DeInit
                0x0000000000000000       0x80 STM32F103C6_Drivers/STM32F103C6_USART_driver.o
 .text.MCAL_USART_Wait_TC
                0x0000000000000000       0x20 STM32F103C6_Drivers/STM32F103C6_USART_driver.o
 .debug_macro   0x0000000000000000      0xa60 STM32F103C6_Drivers/STM32F103C6_USART_driver.o
 .debug_macro   0x0000000000000000       0x18 STM32F103C6_Drivers/STM32F103C6_USART_driver.o
 .debug_macro   0x0000000000000000       0x22 STM32F103C6_Drivers/STM32F103C6_USART_driver.o
 .debug_macro   0x0000000000000000       0x40 STM32F103C6_Drivers/STM32F103C6_USART_driver.o
 .debug_macro   0x0000000000000000       0x94 STM32F103C6_Drivers/STM32F103C6_USART_driver.o
 .debug_macro   0x0000000000000000       0x3c STM32F103C6_Drivers/STM32F103C6_USART_driver.o
 .debug_macro   0x0000000000000000       0x34 STM32F103C6_Drivers/STM32F103C6_USART_driver.o
 .debug_macro   0x0000000000000000       0x16 STM32F103C6_Drivers/STM32F103C6_USART_driver.o
 .debug_macro   0x0000000000000000      0x10e STM32F103C6_Drivers/STM32F103C6_USART_driver.o
 .debug_macro   0x0000000000000000       0x8d STM32F103C6_Drivers/STM32F103C6_USART_driver.o
 .debug_macro   0x0000000000000000       0x57 STM32F103C6_Drivers/STM32F103C6_USART_driver.o
 .debug_macro   0x0000000000000000       0x52 STM32F103C6_Drivers/STM32F103C6_USART_driver.o
 .debug_macro   0x0000000000000000       0x1f STM32F103C6_Drivers/STM32F103C6_USART_driver.o
 .debug_macro   0x0000000000000000       0x43 STM32F103C6_Drivers/STM32F103C6_USART_driver.o
 .debug_macro   0x0000000000000000       0x20 STM32F103C6_Drivers/STM32F103C6_USART_driver.o
 .debug_macro   0x0000000000000000      0x1a3 STM32F103C6_Drivers/STM32F103C6_USART_driver.o
 .debug_macro   0x0000000000000000      0x330 STM32F103C6_Drivers/STM32F103C6_USART_driver.o
 .debug_macro   0x0000000000000000       0x16 STM32F103C6_Drivers/STM32F103C6_USART_driver.o
 .debug_macro   0x0000000000000000       0x29 STM32F103C6_Drivers/STM32F103C6_USART_driver.o
 .debug_macro   0x0000000000000000       0xef STM32F103C6_Drivers/STM32F103C6_USART_driver.o
 .debug_macro   0x0000000000000000       0x6a STM32F103C6_Drivers/STM32F103C6_USART_driver.o
 .debug_macro   0x0000000000000000      0x1df STM32F103C6_Drivers/STM32F103C6_USART_driver.o
 .debug_macro   0x0000000000000000      0x246 STM32F103C6_Drivers/STM32F103C6_USART_driver.o
 .debug_macro   0x0000000000000000       0xd0 STM32F103C6_Drivers/STM32F103C6_USART_driver.o
 .group         0x0000000000000000        0xc Src/main.o
 .group         0x0000000000000000        0xc Src/main.o
 .group         0x0000000000000000        0xc Src/main.o
 .group         0x0000000000000000        0xc Src/main.o
 .group         0x0000000000000000        0xc Src/main.o
 .group         0x0000000000000000        0xc Src/main.o
 .group         0x0000000000000000        0xc Src/main.o
 .group         0x0000000000000000        0xc Src/main.o
 .group         0x0000000000000000        0xc Src/main.o
 .group         0x0000000000000000        0xc Src/main.o
 .group         0x0000000000000000        0xc Src/main.o
 .group         0x0000000000000000        0xc Src/main.o
 .group         0x0000000000000000        0xc Src/main.o
 .group         0x0000000000000000        0xc Src/main.o
 .group         0x0000000000000000        0xc Src/main.o
 .group         0x0000000000000000        0xc Src/main.o
 .group         0x0000000000000000        0xc Src/main.o
 .group         0x0000000000000000        0xc Src/main.o
 .group         0x0000000000000000        0xc Src/main.o
 .group         0x0000000000000000        0xc Src/main.o
 .group         0x0000000000000000        0xc Src/main.o
 .group         0x0000000000000000        0xc Src/main.o
 .group         0x0000000000000000        0xc Src/main.o
 .group         0x0000000000000000        0xc Src/main.o
 .group         0x0000000000000000        0xc Src/main.o
 .group         0x0000000000000000        0xc Src/main.o
 .group         0x0000000000000000        0xc Src/main.o
 .group         0x0000000000000000        0xc Src/main.o
 .group         0x0000000000000000        0xc Src/main.o
 .group         0x0000000000000000        0xc Src/main.o
 .text          0x0000000000000000        0x0 Src/main.o
 .data          0x0000000000000000        0x0 Src/main.o
 .bss           0x0000000000000000        0x0 Src/main.o
 .bss.flag      0x0000000000000000        0x4 Src/main.o
 .debug_macro   0x0000000000000000      0xa60 Src/main.o
 .debug_macro   0x0000000000000000       0x10 Src/main.o
 .debug_macro   0x0000000000000000       0x18 Src/main.o
 .debug_macro   0x0000000000000000       0x22 Src/main.o
 .debug_macro   0x0000000000000000       0x40 Src/main.o
 .debug_macro   0x0000000000000000       0x94 Src/main.o
 .debug_macro   0x0000000000000000       0x3c Src/main.o
 .debug_macro   0x0000000000000000       0x34 Src/main.o
 .debug_macro   0x0000000000000000       0x16 Src/main.o
 .debug_macro   0x0000000000000000      0x10e Src/main.o
 .debug_macro   0x0000000000000000       0x8d Src/main.o
 .debug_macro   0x0000000000000000       0x57 Src/main.o
 .debug_macro   0x0000000000000000       0x52 Src/main.o
 .debug_macro   0x0000000000000000       0x1f Src/main.o
 .debug_macro   0x0000000000000000       0x43 Src/main.o
 .debug_macro   0x0000000000000000       0x20 Src/main.o
 .debug_macro   0x0000000000000000      0x1a3 Src/main.o
 .debug_macro   0x0000000000000000      0x330 Src/main.o
 .debug_macro   0x0000000000000000       0x16 Src/main.o
 .debug_macro   0x0000000000000000       0x29 Src/main.o
 .debug_macro   0x0000000000000000       0xef Src/main.o
 .debug_macro   0x0000000000000000       0x6a Src/main.o
 .debug_macro   0x0000000000000000      0x1df Src/main.o
 .debug_macro   0x0000000000000000      0x246 Src/main.o
 .debug_macro   0x0000000000000000       0xd0 Src/main.o
 .debug_macro   0x0000000000000000       0xa0 Src/main.o
 .debug_macro   0x0000000000000000      0x21b Src/main.o
 .debug_macro   0x0000000000000000       0x16 Src/main.o
 .debug_macro   0x0000000000000000       0xe2 Src/main.o
 .group         0x0000000000000000        0xc Src/syscalls.o
 .group         0x0000000000000000        0xc Src/syscalls.o
 .group         0x0000000000000000        0xc Src/syscalls.o
 .group         0x0000000000000000        0xc Src/syscalls.o
 .group         0x0000000000000000        0xc Src/syscalls.o
 .group         0x0000000000000000        0xc Src/syscalls.o
 .group         0x0000000000000000        0xc Src/syscalls.o
 .group         0x0000000000000000        0xc Src/syscalls.o
 .group         0x0000000000000000        0xc Src/syscalls.o
 .group         0x0000000000000000        0xc Src/syscalls.o
 .group         0x0000000000000000        0xc Src/syscalls.o
 .group         0x0000000000000000        0xc Src/syscalls.o
 .group         0x0000000000000000        0xc Src/syscalls.o
 .group         0x0000000000000000        0xc Src/syscalls.o
 .group         0x0000000000000000        0xc Src/syscalls.o
 .group         0x0000000000000000        0xc Src/syscalls.o
 .group         0x0000000000000000        0xc Src/syscalls.o
 .group         0x0000000000000000        0xc Src/syscalls.o
 .group         0x0000000000000000        0xc Src/syscalls.o
 .group         0x0000000000000000        0xc Src/syscalls.o
 .group         0x0000000000000000        0xc Src/syscalls.o
 .group         0x0000000000000000        0xc Src/syscalls.o
 .group         0x0000000000000000        0xc Src/syscalls.o
 .group         0x0000000000000000        0xc Src/syscalls.o
 .group         0x0000000000000000        0xc Src/syscalls.o
 .group         0x0000000000000000        0xc Src/syscalls.o
 .group         0x0000000000000000        0xc Src/syscalls.o
 .group         0x0000000000000000        0xc Src/syscalls.o
 .group         0x0000000000000000        0xc Src/syscalls.o
 .group         0x0000000000000000        0xc Src/syscalls.o
 .group         0x0000000000000000        0xc Src/syscalls.o
 .group         0x0000000000000000        0xc Src/syscalls.o
 .group         0x0000000000000000        0xc Src/syscalls.o
 .group         0x0000000000000000        0xc Src/syscalls.o
 .group         0x0000000000000000        0xc Src/syscalls.o
 .group         0x0000000000000000        0xc Src/syscalls.o
 .group         0x0000000000000000        0xc Src/syscalls.o
 .group         0x0000000000000000        0xc Src/syscalls.o
 .group         0x0000000000000000        0xc Src/syscalls.o
 .group         0x0000000000000000        0xc Src/syscalls.o
 .group         0x0000000000000000        0xc Src/syscalls.o
 .group         0x0000000000000000        0xc Src/syscalls.o
 .group         0x0000000000000000        0xc Src/syscalls.o
 .group         0x0000000000000000        0xc Src/syscalls.o
 .text          0x0000000000000000        0x0 Src/syscalls.o
 .data          0x0000000000000000        0x0 Src/syscalls.o
 .bss           0x0000000000000000        0x0 Src/syscalls.o
 .bss.__env     0x0000000000000000        0x4 Src/syscalls.o
 .data.environ  0x0000000000000000        0x4 Src/syscalls.o
 .text.initialise_monitor_handles
                0x0000000000000000        0xc Src/syscalls.o
 .text._getpid  0x0000000000000000        0xe Src/syscalls.o
 .text._kill    0x0000000000000000       0x20 Src/syscalls.o
 .text._exit    0x0000000000000000       0x14 Src/syscalls.o
 .text._read    0x0000000000000000       0x3a Src/syscalls.o
 .text._write   0x0000000000000000       0x38 Src/syscalls.o
 .text._close   0x0000000000000000       0x16 Src/syscalls.o
 .text._fstat   0x0000000000000000       0x1e Src/syscalls.o
 .text._isatty  0x0000000000000000       0x14 Src/syscalls.o
 .text._lseek   0x0000000000000000       0x18 Src/syscalls.o
 .text._open    0x0000000000000000       0x1a Src/syscalls.o
 .text._wait    0x0000000000000000       0x1e Src/syscalls.o
 .text._unlink  0x0000000000000000       0x1e Src/syscalls.o
 .text._times   0x0000000000000000       0x16 Src/syscalls.o
 .text._stat    0x0000000000000000       0x1e Src/syscalls.o
 .text._link    0x0000000000000000       0x20 Src/syscalls.o
 .text._fork    0x0000000000000000       0x16 Src/syscalls.o
 .text._execve  0x0000000000000000       0x22 Src/syscalls.o
 .debug_info    0x0000000000000000     0x1038 Src/syscalls.o
 .debug_abbrev  0x0000000000000000      0x254 Src/syscalls.o
 .debug_loc     0x0000000000000000      0x5b8 Src/syscalls.o
 .debug_aranges
                0x0000000000000000       0xa8 Src/syscalls.o
 .debug_ranges  0x0000000000000000       0x98 Src/syscalls.o
 .debug_macro   0x0000000000000000      0x243 Src/syscalls.o
 .debug_macro   0x0000000000000000      0xa60 Src/syscalls.o
 .debug_macro   0x0000000000000000       0x22 Src/syscalls.o
 .debug_macro   0x0000000000000000       0x40 Src/syscalls.o
 .debug_macro   0x0000000000000000       0x18 Src/syscalls.o
 .debug_macro   0x0000000000000000       0x94 Src/syscalls.o
 .debug_macro   0x0000000000000000       0x3c Src/syscalls.o
 .debug_macro   0x0000000000000000       0x34 Src/syscalls.o
 .debug_macro   0x0000000000000000       0x57 Src/syscalls.o
 .debug_macro   0x0000000000000000      0x174 Src/syscalls.o
 .debug_macro   0x0000000000000000      0x330 Src/syscalls.o
 .debug_macro   0x0000000000000000       0x52 Src/syscalls.o
 .debug_macro   0x0000000000000000       0x1f Src/syscalls.o
 .debug_macro   0x0000000000000000       0x43 Src/syscalls.o
 .debug_macro   0x0000000000000000       0x20 Src/syscalls.o
 .debug_macro   0x0000000000000000      0x1a3 Src/syscalls.o
 .debug_macro   0x0000000000000000       0x10 Src/syscalls.o
 .debug_macro   0x0000000000000000       0x35 Src/syscalls.o
 .debug_macro   0x0000000000000000       0x10 Src/syscalls.o
 .debug_macro   0x0000000000000000       0x10 Src/syscalls.o
 .debug_macro   0x0000000000000000       0x10 Src/syscalls.o
 .debug_macro   0x0000000000000000       0x6a Src/syscalls.o
 .debug_macro   0x0000000000000000       0x1c Src/syscalls.o
 .debug_macro   0x0000000000000000       0x52 Src/syscalls.o
 .debug_macro   0x0000000000000000       0x40 Src/syscalls.o
 .debug_macro   0x0000000000000000       0x10 Src/syscalls.o
 .debug_macro   0x0000000000000000       0x40 Src/syscalls.o
 .debug_macro   0x0000000000000000       0xd7 Src/syscalls.o
 .debug_macro   0x0000000000000000       0x1c Src/syscalls.o
 .debug_macro   0x0000000000000000       0x3d Src/syscalls.o
 .debug_macro   0x0000000000000000       0x35 Src/syscalls.o
 .debug_macro   0x0000000000000000      0x122 Src/syscalls.o
 .debug_macro   0x0000000000000000       0x16 Src/syscalls.o
 .debug_macro   0x0000000000000000       0x16 Src/syscalls.o
 .debug_macro   0x0000000000000000       0x29 Src/syscalls.o
 .debug_macro   0x0000000000000000       0x10 Src/syscalls.o
 .debug_macro   0x0000000000000000      0x241 Src/syscalls.o
 .debug_macro   0x0000000000000000       0x1c Src/syscalls.o
 .debug_macro   0x0000000000000000       0x10 Src/syscalls.o
 .debug_macro   0x0000000000000000       0x10 Src/syscalls.o
 .debug_macro   0x0000000000000000       0x16 Src/syscalls.o
 .debug_macro   0x0000000000000000      0x145 Src/syscalls.o
 .debug_macro   0x0000000000000000      0x189 Src/syscalls.o
 .debug_macro   0x0000000000000000       0x16 Src/syscalls.o
 .debug_macro   0x0000000000000000       0x88 Src/syscalls.o
 .debug_line    0x0000000000000000      0x739 Src/syscalls.o
 .debug_str     0x0000000000000000     0x887b Src/syscalls.o
 .comment       0x0000000000000000       0x7c Src/syscalls.o
 .debug_frame   0x0000000000000000      0x2ac Src/syscalls.o
 .ARM.attributes
                0x0000000000000000       0x33 Src/syscalls.o
 .group         0x0000000000000000        0xc Src/sysmem.o
 .group         0x0000000000000000        0xc Src/sysmem.o
 .group         0x0000000000000000        0xc Src/sysmem.o
 .group         0x0000000000000000        0xc Src/sysmem.o
 .group         0x0000000000000000        0xc Src/sysmem.o
 .group         0x0000000000000000        0xc Src/sysmem.o
 .group         0x0000000000000000        0xc Src/sysmem.o
 .group         0x0000000000000000        0xc Src/sysmem.o
 .group         0x0000000000000000        0xc Src/sysmem.o
 .group         0x0000000000000000        0xc Src/sysmem.o
 .group         0x0000000000000000        0xc Src/sysmem.o
 .group         0x0000000000000000        0xc Src/sysmem.o
 .group         0x0000000000000000        0xc Src/sysmem.o
 .group         0x0000000000000000        0xc Src/sysmem.o
 .group         0x0000000000000000        0xc Src/sysmem.o
 .group         0x0000000000000000        0xc Src/sysmem.o
 .group         0x0000000000000000        0xc Src/sysmem.o
 .group         0x0000000000000000        0xc Src/sysmem.o
 .group         0x0000000000000000        0xc Src/sysmem.o
 .text          0x0000000000000000        0x0 Src/sysmem.o
 .data          0x0000000000000000        0x0 Src/sysmem.o
 .bss           0x0000000000000000        0x0 Src/sysmem.o
 .bss.__sbrk_heap_end
                0x0000000000000000        0x4 Src/sysmem.o
 .text._sbrk    0x0000000000000000       0x6c Src/sysmem.o
 .debug_info    0x0000000000000000      0xa7c Src/sysmem.o
 .debug_abbrev  0x0000000000000000      0x18e Src/sysmem.o
 .debug_loc     0x0000000000000000       0x50 Src/sysmem.o
 .debug_aranges
                0x0000000000000000       0x20 Src/sysmem.o
 .debug_ranges  0x0000000000000000       0x10 Src/sysmem.o
 .debug_macro   0x0000000000000000       0xee Src/sysmem.o
 .debug_macro   0x0000000000000000      0xa60 Src/sysmem.o
 .debug_macro   0x0000000000000000       0x10 Src/sysmem.o
 .debug_macro   0x0000000000000000       0x22 Src/sysmem.o
 .debug_macro   0x0000000000000000       0x40 Src/sysmem.o
 .debug_macro   0x0000000000000000       0x18 Src/sysmem.o
 .debug_macro   0x0000000000000000       0x94 Src/sysmem.o
 .debug_macro   0x0000000000000000       0x3c Src/sysmem.o
 .debug_macro   0x0000000000000000       0x34 Src/sysmem.o
 .debug_macro   0x0000000000000000      0x174 Src/sysmem.o
 .debug_macro   0x0000000000000000       0x57 Src/sysmem.o
 .debug_macro   0x0000000000000000       0x52 Src/sysmem.o
 .debug_macro   0x0000000000000000       0x1f Src/sysmem.o
 .debug_macro   0x0000000000000000       0x43 Src/sysmem.o
 .debug_macro   0x0000000000000000       0x20 Src/sysmem.o
 .debug_macro   0x0000000000000000      0x1a3 Src/sysmem.o
 .debug_macro   0x0000000000000000      0x23b Src/sysmem.o
 .debug_macro   0x0000000000000000       0xef Src/sysmem.o
 .debug_macro   0x0000000000000000       0x6a Src/sysmem.o
 .debug_macro   0x0000000000000000      0x1df Src/sysmem.o
 .debug_line    0x0000000000000000      0x4c2 Src/sysmem.o
 .debug_str     0x0000000000000000     0x5f49 Src/sysmem.o
 .comment       0x0000000000000000       0x7c Src/sysmem.o
 .debug_frame   0x0000000000000000       0x34 Src/sysmem.o
 .ARM.attributes
                0x0000000000000000       0x33 Src/sysmem.o
 .text          0x0000000000000000       0x14 Startup/startup_stm32f103c6tx.o
 .data          0x0000000000000000        0x0 Startup/startup_stm32f103c6tx.o
 .bss           0x0000000000000000        0x0 Startup/startup_stm32f103c6tx.o
 .text          0x0000000000000000        0x0 c:/st/stm32cubeide_1.4.0/stm32cubeide/plugins/com.st.stm32cube.ide.mcu.externaltools.gnu-tools-for-stm32.7-2018-q2-update.win32_1.4.0.202007081208/tools/bin/../lib/gcc/arm-none-eabi/7.3.1/../../../../arm-none-eabi/lib/thumb/v7-m\libc_nano.a(lib_a-errno.o)
 .data          0x0000000000000000        0x0 c:/st/stm32cubeide_1.4.0/stm32cubeide/plugins/com.st.stm32cube.ide.mcu.externaltools.gnu-tools-for-stm32.7-2018-q2-update.win32_1.4.0.202007081208/tools/bin/../lib/gcc/arm-none-eabi/7.3.1/../../../../arm-none-eabi/lib/thumb/v7-m\libc_nano.a(lib_a-errno.o)
 .bss           0x0000000000000000        0x0 c:/st/stm32cubeide_1.4.0/stm32cubeide/plugins/com.st.stm32cube.ide.mcu.externaltools.gnu-tools-for-stm32.7-2018-q2-update.win32_1.4.0.202007081208/tools/bin/../lib/gcc/arm-none-eabi/7.3.1/../../../../arm-none-eabi/lib/thumb/v7-m\libc_nano.a(lib_a-errno.o)
 .text.__errno  0x0000000000000000        0xc c:/st/stm32cubeide_1.4.0/stm32cubeide/plugins/com.st.stm32cube.ide.mcu.externaltools.gnu-tools-for-stm32.7-2018-q2-update.win32_1.4.0.202007081208/tools/bin/../lib/gcc/arm-none-eabi/7.3.1/../../../../arm-none-eabi/lib/thumb/v7-m\libc_nano.a(lib_a-errno.o)
 .debug_frame   0x0000000000000000       0x20 c:/st/stm32cubeide_1.4.0/stm32cubeide/plugins/com.st.stm32cube.ide.mcu.externaltools.gnu-tools-for-stm32.7-2018-q2-update.win32_1.4.0.202007081208/tools/bin/../lib/gcc/arm-none-eabi/7.3.1/../../../../arm-none-eabi/lib/thumb/v7-m\libc_nano.a(lib_a-errno.o)
 .ARM.attributes
                0x0000000000000000       0x2d c:/st/stm32cubeide_1.4.0/stm32cubeide/plugins/com.st.stm32cube.ide.mcu.externaltools.gnu-tools-for-stm32.7-2018-q2-update.win32_1.4.0.202007081208/tools/bin/../lib/gcc/arm-none-eabi/7.3.1/../../../../arm-none-eabi/lib/thumb/v7-m\libc_nano.a(lib_a-errno.o)
 .text          0x0000000000000000        0x0 c:/st/stm32cubeide_1.4.0/stm32cubeide/plugins/com.st.stm32cube.ide.mcu.externaltools.gnu-tools-for-stm32.7-2018-q2-update.win32_1.4.0.202007081208/tools/bin/../lib/gcc/arm-none-eabi/7.3.1/../../../../arm-none-eabi/lib/thumb/v7-m\libc_nano.a(lib_a-exit.o)
 .data          0x0000000000000000        0x0 c:/st/stm32cubeide_1.4.0/stm32cubeide/plugins/com.st.stm32cube.ide.mcu.externaltools.gnu-tools-for-stm32.7-2018-q2-update.win32_1.4.0.202007081208/tools/bin/../lib/gcc/arm-none-eabi/7.3.1/../../../../arm-none-eabi/lib/thumb/v7-m\libc_nano.a(lib_a-exit.o)
 .bss           0x0000000000000000        0x0 c:/st/stm32cubeide_1.4.0/stm32cubeide/plugins/com.st.stm32cube.ide.mcu.externaltools.gnu-tools-for-stm32.7-2018-q2-update.win32_1.4.0.202007081208/tools/bin/../lib/gcc/arm-none-eabi/7.3.1/../../../../arm-none-eabi/lib/thumb/v7-m\libc_nano.a(lib_a-exit.o)
 .text.exit     0x0000000000000000       0x28 c:/st/stm32cubeide_1.4.0/stm32cubeide/plugins/com.st.stm32cube.ide.mcu.externaltools.gnu-tools-for-stm32.7-2018-q2-update.win32_1.4.0.202007081208/tools/bin/../lib/gcc/arm-none-eabi/7.3.1/../../../../arm-none-eabi/lib/thumb/v7-m\libc_nano.a(lib_a-exit.o)
 .debug_frame   0x0000000000000000       0x28 c:/st/stm32cubeide_1.4.0/stm32cubeide/plugins/com.st.stm32cube.ide.mcu.externaltools.gnu-tools-for-stm32.7-2018-q2-update.win32_1.4.0.202007081208/tools/bin/../lib/gcc/arm-none-eabi/7.3.1/../../../../arm-none-eabi/lib/thumb/v7-m\libc_nano.a(lib_a-exit.o)
 .ARM.attributes
                0x0000000000000000       0x2d c:/st/stm32cubeide_1.4.0/stm32cubeide/plugins/com.st.stm32cube.ide.mcu.externaltools.gnu-tools-for-stm32.7-2018-q2-update.win32_1.4.0.202007081208/tools/bin/../lib/gcc/arm-none-eabi/7.3.1/../../../../arm-none-eabi/lib/thumb/v7-m\libc_nano.a(lib_a-exit.o)
 .text          0x0000000000000000        0x0 c:/st/stm32cubeide_1.4.0/stm32cubeide/plugins/com.st.stm32cube.ide.mcu.externaltools.gnu-tools-for-stm32.7-2018-q2-update.win32_1.4.0.202007081208/tools/bin/../lib/gcc/arm-none-eabi/7.3.1/../../../../arm-none-eabi/lib/thumb/v7-m\libc_nano.a(lib_a-impure.o)
 .data          0x0000000000000000        0x0 c:/st/stm32cubeide_1.4.0/stm32cubeide/plugins/com.st.stm32cube.ide.mcu.externaltools.gnu-tools-for-stm32.7-2018-q2-update.win32_1.4.0.202007081208/tools/bin/../lib/gcc/arm-none-eabi/7.3.1/../../../../arm-none-eabi/lib/thumb/v7-m\libc_nano.a(lib_a-impure.o)
 .bss           0x0000000000000000        0x0 c:/st/stm32cubeide_1.4.0/stm32cubeide/plugins/com.st.stm32cube.ide.mcu.externaltools.gnu-tools-for-stm32.7-2018-q2-update.win32_1.4.0.202007081208/tools/bin/../lib/gcc/arm-none-eabi/7.3.1/../../../../arm-none-eabi/lib/thumb/v7-m\libc_nano.a(lib_a-impure.o)
 .data._impure_ptr
                0x0000000000000000        0x4 c:/st/stm32cubeide_1.4.0/stm32cubeide/plugins/com.st.stm32cube.ide.mcu.externaltools.gnu-tools-for-stm32.7-2018-q2-update.win32_1.4.0.202007081208/tools/bin/../lib/gcc/arm-none-eabi/7.3.1/../../../../arm-none-eabi/lib/thumb/v7-m\libc_nano.a(lib_a-impure.o)
 .data.impure_data
                0x0000000000000000       0x60 c:/st/stm32cubeide_1.4.0/stm32cubeide/plugins/com.st.stm32cube.ide.mcu.externaltools.gnu-tools-for-stm32.7-2018-q2-update.win32_1.4.0.202007081208/tools/bin/../lib/gcc/arm-none-eabi/7.3.1/../../../../arm-none-eabi/lib/thumb/v7-m\libc_nano.a(lib_a-impure.o)
 .rodata._global_impure_ptr
                0x0000000000000000        0x4 c:/st/stm32cubeide_1.4.0/stm32cubeide/plugins/com.st.stm32cube.ide.mcu.externaltools.gnu-tools-for-stm32.7-2018-q2-update.win32_1.4.0.202007081208/tools/bin/../lib/gcc/arm-none-eabi/7.3.1/../../../../arm-none-eabi/lib/thumb/v7-m\libc_nano.a(lib_a-impure.o)
 .ARM.attributes
                0x0000000000000000       0x2d c:/st/stm32cubeide_1.4.0/stm32cubeide/plugins/com.st.stm32cube.ide.mcu.externaltools.gnu-tools-for-stm32.7-2018-q2-update.win32_1.4.0.202007081208/tools/bin/../lib/gcc/arm-none-eabi/7.3.1/../../../../arm-none-eabi/lib/thumb/v7-m\libc_nano.a(lib_a-impure.o)
 .text          0x0000000000000000        0x0 c:/st/stm32cubeide_1.4.0/stm32cubeide/plugins/com.st.stm32cube.ide.mcu.externaltools.gnu-tools-for-stm32.7-2018-q2-update.win32_1.4.0.202007081208/tools/bin/../lib/gcc/arm-none-eabi/7.3.1/../../../../arm-none-eabi/lib/thumb/v7-m\libc_nano.a(lib_a-init.o)
 .data          0x0000000000000000        0x0 c:/st/stm32cubeide_1.4.0/stm32cubeide/plugins/com.st.stm32cube.ide.mcu.externaltools.gnu-tools-for-stm32.7-2018-q2-update.win32_1.4.0.202007081208/tools/bin/../lib/gcc/arm-none-eabi/7.3.1/../../../../arm-none-eabi/lib/thumb/v7-m\libc_nano.a(lib_a-init.o)
 .bss           0x0000000000000000        0x0 c:/st/stm32cubeide_1.4.0/stm32cubeide/plugins/com.st.stm32cube.ide.mcu.externaltools.gnu-tools-for-stm32.7-2018-q2-update.win32_1.4.0.202007081208/tools/bin/../lib/gcc/arm-none-eabi/7.3.1/../../../../arm-none-eabi/lib/thumb/v7-m\libc_nano.a(lib_a-init.o)
 .text          0x0000000000000000        0x0 c:/st/stm32cubeide_1.4.0/stm32cubeide/plugins/com.st.stm32cube.ide.mcu.externaltools.gnu-tools-for-stm32.7-2018-q2-update.win32_1.4.0.202007081208/tools/bin/../lib/gcc/arm-none-eabi/7.3.1/../../../../arm-none-eabi/lib/thumb/v7-m\libc_nano.a(lib_a-memset.o)
 .data          0x0000000000000000        0x0 c:/st/stm32cubeide_1.4.0/stm32cubeide/plugins/com.st.stm32cube.ide.mcu.externaltools.gnu-tools-for-stm32.7-2018-q2-update.win32_1.4.0.202007081208/tools/bin/../lib/gcc/arm-none-eabi/7.3.1/../../../../arm-none-eabi/lib/thumb/v7-m\libc_nano.a(lib_a-memset.o)
 .bss           0x0000000000000000        0x0 c:/st/stm32cubeide_1.4.0/stm32cubeide/plugins/com.st.stm32cube.ide.mcu.externaltools.gnu-tools-for-stm32.7-2018-q2-update.win32_1.4.0.202007081208/tools/bin/../lib/gcc/arm-none-eabi/7.3.1/../../../../arm-none-eabi/lib/thumb/v7-m\libc_nano.a(lib_a-memset.o)
 .text.memset   0x0000000000000000       0x10 c:/st/stm32cubeide_1.4.0/stm32cubeide/plugins/com.st.stm32cube.ide.mcu.externaltools.gnu-tools-for-stm32.7-2018-q2-update.win32_1.4.0.202007081208/tools/bin/../lib/gcc/arm-none-eabi/7.3.1/../../../../arm-none-eabi/lib/thumb/v7-m\libc_nano.a(lib_a-memset.o)
 .debug_frame   0x0000000000000000       0x20 c:/st/stm32cubeide_1.4.0/stm32cubeide/plugins/com.st.stm32cube.ide.mcu.externaltools.gnu-tools-for-stm32.7-2018-q2-update.win32_1.4.0.202007081208/tools/bin/../lib/gcc/arm-none-eabi/7.3.1/../../../../arm-none-eabi/lib/thumb/v7-m\libc_nano.a(lib_a-memset.o)
 .ARM.attributes
                0x0000000000000000       0x2d c:/st/stm32cubeide_1.4.0/stm32cubeide/plugins/com.st.stm32cube.ide.mcu.externaltools.gnu-tools-for-stm32.7-2018-q2-update.win32_1.4.0.202007081208/tools/bin/../lib/gcc/arm-none-eabi/7.3.1/../../../../arm-none-eabi/lib/thumb/v7-m\libc_nano.a(lib_a-memset.o)
 .text          0x0000000000000000        0x0 c:/st/stm32cubeide_1.4.0/stm32cubeide/plugins/com.st.stm32cube.ide.mcu.externaltools.gnu-tools-for-stm32.7-2018-q2-update.win32_1.4.0.202007081208/tools/bin/../lib/gcc/arm-none-eabi/7.3.1/thumb/v7-m/crtend.o
 .data          0x0000000000000000        0x0 c:/st/stm32cubeide_1.4.0/stm32cubeide/plugins/com.st.stm32cube.ide.mcu.externaltools.gnu-tools-for-stm32.7-2018-q2-update.win32_1.4.0.202007081208/tools/bin/../lib/gcc/arm-none-eabi/7.3.1/thumb/v7-m/crtend.o
 .bss           0x0000000000000000        0x0 c:/st/stm32cubeide_1.4.0/stm32cubeide/plugins/com.st.stm32cube.ide.mcu.externaltools.gnu-tools-for-stm32.7-2018-q2-update.win32_1.4.0.202007081208/tools/bin/../lib/gcc/arm-none-eabi/7.3.1/thumb/v7-m/crtend.o
 .eh_frame      0x0000000000000000        0x4 c:/st/stm32cubeide_1.4.0/stm32cubeide/plugins/com.st.stm32cube.ide.mcu.externaltools.gnu-tools-for-stm32.7-2018-q2-update.win32_1.4.0.202007081208/tools/bin/../lib/gcc/arm-none-eabi/7.3.1/thumb/v7-m/crtend.o
 .ARM.attributes
                0x0000000000000000       0x2d c:/st/stm32cubeide_1.4.0/stm32cubeide/plugins/com.st.stm32cube.ide.mcu.externaltools.gnu-tools-for-stm32.7-2018-q2-update.win32_1.4.0.202007081208/tools/bin/../lib/gcc/arm-none-eabi/7.3.1/thumb/v7-m/crtend.o
 .text          0x0000000000000000        0x0 c:/st/stm32cubeide_1.4.0/stm32cubeide/plugins/com.st.stm32cube.ide.mcu.externaltools.gnu-tools-for-stm32.7-2018-q2-update.win32_1.4.0.202007081208/tools/bin/../lib/gcc/arm-none-eabi/7.3.1/thumb/v7-m/crtn.o
 .data          0x0000000000000000        0x0 c:/st/stm32cubeide_1.4.0/stm32cubeide/plugins/com.st.stm32cube.ide.mcu.externaltools.gnu-tools-for-stm32.7-2018-q2-update.win32_1.4.0.202007081208/tools/bin/../lib/gcc/arm-none-eabi/7.3.1/thumb/v7-m/crtn.o
 .bss           0x0000000000000000        0x0 c:/st/stm32cubeide_1.4.0/stm32cubeide/plugins/com.st.stm32cube.ide.mcu.externaltools.gnu-tools-for-stm32.7-2018-q2-update.win32_1.4.0.202007081208/tools/bin/../lib/gcc/arm-none-eabi/7.3.1/thumb/v7-m/crtn.o

Memory Configuration

Name             Origin             Length             Attributes
RAM              0x0000000020000000 0x0000000000002800 xrw
ROM              0x0000000008000000 0x0000000000008000 xr
*default*        0x0000000000000000 0xffffffffffffffff

Linker script and memory map

LOAD c:/st/stm32cubeide_1.4.0/stm32cubeide/plugins/com.st.stm32cube.ide.mcu.externaltools.gnu-tools-for-stm32.7-2018-q2-update.win32_1.4.0.202007081208/tools/bin/../lib/gcc/arm-none-eabi/7.3.1/thumb/v7-m/crti.o
LOAD c:/st/stm32cubeide_1.4.0/stm32cubeide/plugins/com.st.stm32cube.ide.mcu.externaltools.gnu-tools-for-stm32.7-2018-q2-update.win32_1.4.0.202007081208/tools/bin/../lib/gcc/arm-none-eabi/7.3.1/thumb/v7-m/crtbegin.o
LOAD c:/st/stm32cubeide_1.4.0/stm32cubeide/plugins/com.st.stm32cube.ide.mcu.externaltools.gnu-tools-for-stm32.7-2018-q2-update.win32_1.4.0.202007081208/tools/bin/../lib/gcc/arm-none-eabi/7.3.1/../../../../arm-none-eabi/lib/thumb/v7-m/crt0.o
LOAD HAL/keypad/keypad.o
LOAD HAL/lcd/lcd.o
LOAD STM32F103C6_Drivers/STM32F103C6_EXTI_driver.o
LOAD STM32F103C6_Drivers/STM32F103C6_GPIO_driver.o
LOAD STM32F103C6_Drivers/STM32F103C6_RCC_driver.o
LOAD STM32F103C6_Drivers/STM32F103C6_USART_driver.o
LOAD Src/main.o
LOAD Src/syscalls.o
LOAD Src/sysmem.o
LOAD Startup/startup_stm32f103c6tx.o
START GROUP
LOAD c:/st/stm32cubeide_1.4.0/stm32cubeide/plugins/com.st.stm32cube.ide.mcu.externaltools.gnu-tools-for-stm32.7-2018-q2-update.win32_1.4.0.202007081208/tools/bin/../lib/gcc/arm-none-eabi/7.3.1/../../../../arm-none-eabi/lib/thumb/v7-m\libc_nano.a
LOAD c:/st/stm32cubeide_1.4.0/stm32cubeide/plugins/com.st.stm32cube.ide.mcu.externaltools.gnu-tools-for-stm32.7-2018-q2-update.win32_1.4.0.202007081208/tools/bin/../lib/gcc/arm-none-eabi/7.3.1/../../../../arm-none-eabi/lib/thumb/v7-m\libm.a
END GROUP
START GROUP
LOAD c:/st/stm32cubeide_1.4.0/stm32cubeide/plugins/com.st.stm32cube.ide.mcu.externaltools.gnu-tools-for-stm32.7-2018-q2-update.win32_1.4.0.202007081208/tools/bin/../lib/gcc/arm-none-eabi/7.3.1/thumb/v7-m\libgcc.a
LOAD c:/st/stm32cubeide_1.4.0/stm32cubeide/plugins/com.st.stm32cube.ide.mcu.externaltools.gnu-tools-for-stm32.7-2018-q2-update.win32_1.4.0.202007081208/tools/bin/../lib/gcc/arm-none-eabi/7.3.1/../../../../arm-none-eabi/lib/thumb/v7-m\libg_nano.a
LOAD c:/st/stm32cubeide_1.4.0/stm32cubeide/plugins/com.st.stm32cube.ide.mcu.externaltools.gnu-tools-for-stm32.7-2018-q2-update.win32_1.4.0.202007081208/tools/bin/../lib/gcc/arm-none-eabi/7.3.1/../../../../arm-none-eabi/lib/thumb/v7-m\libc_nano.a
END GROUP
START GROUP
LOAD c:/st/stm32cubeide_1.4.0/stm32cubeide/plugins/com.st.stm32cube.ide.mcu.externaltools.gnu-tools-for-stm32.7-2018-q2-update.win32_1.4.0.202007081208/tools/bin/../lib/gcc/arm-none-eabi/7.3.1/thumb/v7-m\libgcc.a
LOAD c:/st/stm32cubeide_1.4.0/stm32cubeide/plugins/com.st.stm32cube.ide.mcu.externaltools.gnu-tools-for-stm32.7-2018-q2-update.win32_1.4.0.202007081208/tools/bin/../lib/gcc/arm-none-eabi/7.3.1/../../../../arm-none-eabi/lib/thumb/v7-m\libc_nano.a
LOAD c:/st/stm32cubeide_1.4.0/stm32cubeide/plugins/com.st.stm32cube.ide.mcu.externaltools.gnu-tools-for-stm32.7-2018-q2-update.win32_1.4.0.202007081208/tools/bin/../lib/gcc/arm-none-eabi/7.3.1/../../../../arm-none-eabi/lib/thumb/v7-m\libnosys.a
END GROUP
START GROUP
LOAD c:/st/stm32cubeide_1.4.0/stm32cubeide/plugins/com.st.stm32cube.ide.mcu.externaltools.gnu-tools-for-stm32.7-2018-q2-update.win32_1.4.0.202007081208/tools/bin/../lib/gcc/arm-none-eabi/7.3.1/thumb/v7-m\libgcc.a
LOAD c:/st/stm32cubeide_1.4.0/stm32cubeide/plugins/com.st.stm32cube.ide.mcu.externaltools.gnu-tools-for-stm32.7-2018-q2-update.win32_1.4.0.202007081208/tools/bin/../lib/gcc/arm-none-eabi/7.3.1/../../../../arm-none-eabi/lib/thumb/v7-m\libc_nano.a
LOAD c:/st/stm32cubeide_1.4.0/stm32cubeide/plugins/com.st.stm32cube.ide.mcu.externaltools.gnu-tools-for-stm32.7-2018-q2-update.win32_1.4.0.202007081208/tools/bin/../lib/gcc/arm-none-eabi/7.3.1/../../../../arm-none-eabi/lib/thumb/v7-m\libnosys.a
END GROUP
LOAD c:/st/stm32cubeide_1.4.0/stm32cubeide/plugins/com.st.stm32cube.ide.mcu.externaltools.gnu-tools-for-stm32.7-2018-q2-update.win32_1.4.0.202007081208/tools/bin/../lib/gcc/arm-none-eabi/7.3.1/thumb/v7-m/crtend.o
LOAD c:/st/stm32cubeide_1.4.0/stm32cubeide/plugins/com.st.stm32cube.ide.mcu.externaltools.gnu-tools-for-stm32.7-2018-q2-update.win32_1.4.0.202007081208/tools/bin/../lib/gcc/arm-none-eabi/7.3.1/thumb/v7-m/crtn.o
                0x0000000020002800                _estack = (ORIGIN (RAM) + LENGTH (RAM))
                0x0000000000000200                _Min_Heap_Size = 0x200
                0x0000000000000400                _Min_Stack_Size = 0x400

.isr_vector     0x0000000008000000      0x130
                0x0000000008000000                . = ALIGN (0x4)
 *(.isr_vector)
 .isr_vector    0x0000000008000000      0x130 Startup/startup_stm32f103c6tx.o
                0x0000000008000000                g_pfnVectors
                0x0000000008000130                . = ALIGN (0x4)

.text           0x0000000008000130      0x9f4
                0x0000000008000130                . = ALIGN (0x4)
 *(.text)
 .text          0x0000000008000130       0x40 c:/st/stm32cubeide_1.4.0/stm32cubeide/plugins/com.st.stm32cube.ide.mcu.externaltools.gnu-tools-for-stm32.7-2018-q2-update.win32_1.4.0.202007081208/tools/bin/../lib/gcc/arm-none-eabi/7.3.1/thumb/v7-m/crtbegin.o
 *(.text*)
 .text.EXTI0_IRQHandler
                0x0000000008000170       0x24 STM32F103C6_Drivers/STM32F103C6_EXTI_driver.o
                0x0000000008000170                EXTI0_IRQHandler
 .text.EXTI1_IRQHandler
                0x0000000008000194       0x24 STM32F103C6_Drivers/STM32F103C6_EXTI_driver.o
                0x0000000008000194                EXTI1_IRQHandler
 .text.EXTI2_IRQHandler
                0x00000000080001b8       0x24 STM32F103C6_Drivers/STM32F103C6_EXTI_driver.o
                0x00000000080001b8                EXTI2_IRQHandler
 .text.EXTI3_IRQHandler
                0x00000000080001dc       0x24 STM32F103C6_Drivers/STM32F103C6_EXTI_driver.o
                0x00000000080001dc                EXTI3_IRQHandler
 .text.EXTI4_IRQHandler
                0x0000000008000200       0x24 STM32F103C6_Drivers/STM32F103C6_EXTI_driver.o
                0x0000000008000200                EXTI4_IRQHandler
 .text.EXTI9_5_IRQHandler
                0x0000000008000224       0xa8 STM32F103C6_Drivers/STM32F103C6_EXTI_driver.o
                0x0000000008000224                EXTI9_5_IRQHandler
 .text.EXTI15_10_IRQHandler
                0x00000000080002cc       0xc4 STM32F103C6_Drivers/STM32F103C6_EXTI_driver.o
                0x00000000080002cc                EXTI15_10_IRQHandler
 .text.GET_CRLH_Position
                0x0000000008000390       0xc6 STM32F103C6_Drivers/STM32F103C6_GPIO_driver.o
 .text.MCAL_GPIO_Init
                0x0000000008000456       0xfe STM32F103C6_Drivers/STM32F103C6_GPIO_driver.o
                0x0000000008000456                MCAL_GPIO_Init
 .text.MCAL_RCC_GetSYSCLKFreq
                0x0000000008000554       0x3c STM32F103C6_Drivers/STM32F103C6_RCC_driver.o
                0x0000000008000554                MCAL_RCC_GetSYSCLKFreq
 .text.MCAL_RCC_GetHCLKFreq
                0x0000000008000590       0x28 STM32F103C6_Drivers/STM32F103C6_RCC_driver.o
                0x0000000008000590                MCAL_RCC_GetHCLKFreq
 .text.MCAL_RCC_GetPCLK1Freq
                0x00000000080005b8       0x28 STM32F103C6_Drivers/STM32F103C6_RCC_driver.o
                0x00000000080005b8                MCAL_RCC_GetPCLK1Freq
 .text.MCAL_RCC_GetPCLK2Freq
                0x00000000080005e0       0x28 STM32F103C6_Drivers/STM32F103C6_RCC_driver.o
                0x00000000080005e0                MCAL_RCC_GetPCLK2Freq
 .text.MCAL_USART_Init
                0x0000000008000608      0x17c STM32F103C6_Drivers/STM32F103C6_USART_driver.o
                0x0000000008000608                MCAL_USART_Init
 .text.MCAL_USART_Send_Data
                0x0000000008000784       0x84 STM32F103C6_Drivers/STM32F103C6_USART_driver.o
                0x0000000008000784                MCAL_USART_Send_Data
 .text.MCAL_USART_Receive_Data
                0x0000000008000808       0xb4 STM32F103C6_Drivers/STM32F103C6_USART_driver.o
                0x0000000008000808                MCAL_USART_Receive_Data
 .text.MCAL_USART_GPIO_Set_Pins
                0x00000000080008bc       0xf0 STM32F103C6_Drivers/STM32F103C6_USART_driver.o
                0x00000000080008bc                MCAL_USART_GPIO_Set_Pins
 .text.USART1_IRQHandler
                0x00000000080009ac        0xc STM32F103C6_Drivers/STM32F103C6_USART_driver.o
                0x00000000080009ac                USART1_IRQHandler
 .text.USART2_IRQHandler
                0x00000000080009b8        0xc STM32F103C6_Drivers/STM32F103C6_USART_driver.o
                0x00000000080009b8                USART2_IRQHandler
 .text.USART3_IRQHandler
                0x00000000080009c4        0xc STM32F103C6_Drivers/STM32F103C6_USART_driver.o
                0x00000000080009c4                USART3_IRQHandler
 .text.clock_init
                0x00000000080009d0       0x34 Src/main.o
                0x00000000080009d0                clock_init
 .text.test_IRQ
                0x0000000008000a04       0x24 Src/main.o
                0x0000000008000a04                test_IRQ
 .text.main     0x0000000008000a28       0x48 Src/main.o
                0x0000000008000a28                main
 .text.Reset_Handler
                0x0000000008000a70       0x50 Startup/startup_stm32f103c6tx.o
                0x0000000008000a70                Reset_Handler
 .text.Default_Handler
                0x0000000008000ac0        0x2 Startup/startup_stm32f103c6tx.o
                0x0000000008000ac0                TIM8_TRG_COM_IRQHandler
                0x0000000008000ac0                TIM8_CC_IRQHandler
                0x0000000008000ac0                DebugMon_Handler
                0x0000000008000ac0                TIM1_CC_IRQHandler
                0x0000000008000ac0                HardFault_Handler
                0x0000000008000ac0                TIM6_IRQHandler
                0x0000000008000ac0                SysTick_Handler
                0x0000000008000ac0                PVD_IRQHandler
                0x0000000008000ac0                SDIO_IRQHandler
                0x0000000008000ac0                PendSV_Handler
                0x0000000008000ac0                NMI_Handler
                0x0000000008000ac0                USB_HP_CAN_TX_IRQHandler
                0x0000000008000ac0                I2C2_EV_IRQHandler
                0x0000000008000ac0                UsageFault_Handler
                0x0000000008000ac0                ADC1_2_IRQHandler
                0x0000000008000ac0                SPI1_IRQHandler
                0x0000000008000ac0                CAN_SCE_IRQHandler
                0x0000000008000ac0                TAMPER_IRQHandler
                0x0000000008000ac0                TIM8_UP_IRQHandler
                0x0000000008000ac0                DMA2_Channel2_IRQHandler
                0x0000000008000ac0                DMA1_Channel4_IRQHandler
                0x0000000008000ac0                RTC_IRQHandler
                0x0000000008000ac0                DMA1_Channel7_IRQHandler
                0x0000000008000ac0                UART5_IRQHandler
                0x0000000008000ac0                ADC3_IRQHandler
                0x0000000008000ac0                TIM4_IRQHandler
                0x0000000008000ac0                CAN_RX1_IRQHandler
                0x0000000008000ac0                DMA2_Channel1_IRQHandler
                0x0000000008000ac0                I2C1_EV_IRQHandler
                0x0000000008000ac0                DMA1_Channel6_IRQHandler
                0x0000000008000ac0                UART4_IRQHandler
                0x0000000008000ac0                TIM3_IRQHandler
                0x0000000008000ac0                RCC_IRQHandler
                0x0000000008000ac0                TIM1_TRG_COM_IRQHandler
                0x0000000008000ac0                DMA1_Channel1_IRQHandler
                0x0000000008000ac0                Default_Handler
                0x0000000008000ac0                TIM7_IRQHandler
                0x0000000008000ac0                TIM5_IRQHandler
                0x0000000008000ac0                SPI2_IRQHandler
                0x0000000008000ac0                USB_LP_CAN_RX0_IRQHandler
                0x0000000008000ac0                MemManage_Handler
                0x0000000008000ac0                SVC_Handler
                0x0000000008000ac0                DMA1_Channel5_IRQHandler
                0x0000000008000ac0                DMA1_Channel3_IRQHandler
                0x0000000008000ac0                FSMC_IRQHandler
                0x0000000008000ac0                TIM1_UP_IRQHandler
                0x0000000008000ac0                WWDG_IRQHandler
                0x0000000008000ac0                TIM2_IRQHandler
                0x0000000008000ac0                TIM1_BRK_IRQHandler
                0x0000000008000ac0                RTCAlarm_IRQHandler
                0x0000000008000ac0                DMA2_Channel4_5_IRQHandler
                0x0000000008000ac0                I2C2_ER_IRQHandler
                0x0000000008000ac0                DMA1_Channel2_IRQHandler
                0x0000000008000ac0                TIM8_BRK_IRQHandler
                0x0000000008000ac0                FLASH_IRQHandler
                0x0000000008000ac0                BusFault_Handler
                0x0000000008000ac0                SPI3_IRQHandler
                0x0000000008000ac0                I2C1_ER_IRQHandler
                0x0000000008000ac0                DMA2_Channel3_IRQHandler
 *fill*         0x0000000008000ac2        0x2 
 .text.__libc_init_array
                0x0000000008000ac4       0x48 c:/st/stm32cubeide_1.4.0/stm32cubeide/plugins/com.st.stm32cube.ide.mcu.externaltools.gnu-tools-for-stm32.7-2018-q2-update.win32_1.4.0.202007081208/tools/bin/../lib/gcc/arm-none-eabi/7.3.1/../../../../arm-none-eabi/lib/thumb/v7-m\libc_nano.a(lib_a-init.o)
                0x0000000008000ac4                __libc_init_array
 *(.glue_7)
 .glue_7        0x0000000008000b0c        0x0 linker stubs
 *(.glue_7t)
 .glue_7t       0x0000000008000b0c        0x0 linker stubs
 *(.eh_frame)
 .eh_frame      0x0000000008000b0c        0x0 c:/st/stm32cubeide_1.4.0/stm32cubeide/plugins/com.st.stm32cube.ide.mcu.externaltools.gnu-tools-for-stm32.7-2018-q2-update.win32_1.4.0.202007081208/tools/bin/../lib/gcc/arm-none-eabi/7.3.1/thumb/v7-m/crtbegin.o
 *(.init)
 .init          0x0000000008000b0c        0x4 c:/st/stm32cubeide_1.4.0/stm32cubeide/plugins/com.st.stm32cube.ide.mcu.externaltools.gnu-tools-for-stm32.7-2018-q2-update.win32_1.4.0.202007081208/tools/bin/../lib/gcc/arm-none-eabi/7.3.1/thumb/v7-m/crti.o
                0x0000000008000b0c                _init
 .init          0x0000000008000b10        0x8 c:/st/stm32cubeide_1.4.0/stm32cubeide/plugins/com.st.stm32cube.ide.mcu.externaltools.gnu-tools-for-stm32.7-2018-q2-update.win32_1.4.0.202007081208/tools/bin/../lib/gcc/arm-none-eabi/7.3.1/thumb/v7-m/crtn.o
 *(.fini)
 .fini          0x0000000008000b18        0x4 c:/st/stm32cubeide_1.4.0/stm32cubeide/plugins/com.st.stm32cube.ide.mcu.externaltools.gnu-tools-for-stm32.7-2018-q2-update.win32_1.4.0.202007081208/tools/bin/../lib/gcc/arm-none-eabi/7.3.1/thumb/v7-m/crti.o
                0x0000000008000b18                _fini
 .fini          0x0000000008000b1c        0x8 c:/st/stm32cubeide_1.4.0/stm32cubeide/plugins/com.st.stm32cube.ide.mcu.externaltools.gnu-tools-for-stm32.7-2018-q2-update.win32_1.4.0.202007081208/tools/bin/../lib/gcc/arm-none-eabi/7.3.1/thumb/v7-m/crtn.o
                0x0000000008000b24                . = ALIGN (0x4)
                0x0000000008000b24                _etext = .

.vfp11_veneer   0x0000000008000b24        0x0
 .vfp11_veneer  0x0000000008000b24        0x0 linker stubs

.v4_bx          0x0000000008000b24        0x0
 .v4_bx         0x0000000008000b24        0x0 linker stubs

.iplt           0x0000000008000b24        0x0
 .iplt          0x0000000008000b24        0x0 c:/st/stm32cubeide_1.4.0/stm32cubeide/plugins/com.st.stm32cube.ide.mcu.externaltools.gnu-tools-for-stm32.7-2018-q2-update.win32_1.4.0.202007081208/tools/bin/../lib/gcc/arm-none-eabi/7.3.1/thumb/v7-m/crtbegin.o

.rodata         0x0000000008000b24       0x18
                0x0000000008000b24                . = ALIGN (0x4)
 *(.rodata)
 *(.rodata*)
 .rodata.APB_Prescaler_Table
                0x0000000008000b24        0x8 STM32F103C6_Drivers/STM32F103C6_RCC_driver.o
                0x0000000008000b24                APB_Prescaler_Table
 .rodata.AHB_Prescaler_Table
                0x0000000008000b2c       0x10 STM32F103C6_Drivers/STM32F103C6_RCC_driver.o
                0x0000000008000b2c                AHB_Prescaler_Table
                0x0000000008000b3c                . = ALIGN (0x4)

.rel.dyn        0x0000000008000b3c        0x0
 .rel.iplt      0x0000000008000b3c        0x0 c:/st/stm32cubeide_1.4.0/stm32cubeide/plugins/com.st.stm32cube.ide.mcu.externaltools.gnu-tools-for-stm32.7-2018-q2-update.win32_1.4.0.202007081208/tools/bin/../lib/gcc/arm-none-eabi/7.3.1/thumb/v7-m/crtbegin.o

.ARM.extab      0x0000000008000b3c        0x0
                0x0000000008000b3c                . = ALIGN (0x4)
 *(.ARM.extab* .gnu.linkonce.armextab.*)
                0x0000000008000b3c                . = ALIGN (0x4)

.ARM            0x0000000008000b3c        0x0
                0x0000000008000b3c                . = ALIGN (0x4)
                0x0000000008000b3c                __exidx_start = .
 *(.ARM.exidx*)
                0x0000000008000b3c                __exidx_end = .
                0x0000000008000b3c                . = ALIGN (0x4)

.preinit_array  0x0000000008000b3c        0x0
                0x0000000008000b3c                . = ALIGN (0x4)
                0x0000000008000b3c                PROVIDE (__preinit_array_start = .)
 *(.preinit_array*)
                0x0000000008000b3c                PROVIDE (__preinit_array_end = .)
                0x0000000008000b3c                . = ALIGN (0x4)

.init_array     0x0000000008000b3c        0x4
                0x0000000008000b3c                . = ALIGN (0x4)
                0x0000000008000b3c                PROVIDE (__init_array_start = .)
 *(SORT_BY_NAME(.init_array.*))
 *(.init_array*)
 .init_array    0x0000000008000b3c        0x4 c:/st/stm32cubeide_1.4.0/stm32cubeide/plugins/com.st.stm32cube.ide.mcu.externaltools.gnu-tools-for-stm32.7-2018-q2-update.win32_1.4.0.202007081208/tools/bin/../lib/gcc/arm-none-eabi/7.3.1/thumb/v7-m/crtbegin.o
                0x0000000008000b40                PROVIDE (__init_array_end = .)
                0x0000000008000b40                . = ALIGN (0x4)

.fini_array     0x0000000008000b40        0x4
                0x0000000008000b40                . = ALIGN (0x4)
                [!provide]                        PROVIDE (__fini_array_start = .)
 *(SORT_BY_NAME(.fini_array.*))
 *(.fini_array*)
 .fini_array    0x0000000008000b40        0x4 c:/st/stm32cubeide_1.4.0/stm32cubeide/plugins/com.st.stm32cube.ide.mcu.externaltools.gnu-tools-for-stm32.7-2018-q2-update.win32_1.4.0.202007081208/tools/bin/../lib/gcc/arm-none-eabi/7.3.1/thumb/v7-m/crtbegin.o
                [!provide]                        PROVIDE (__fini_array_end = .)
                0x0000000008000b44                . = ALIGN (0x4)
                0x0000000008000b44                _sidata = LOADADDR (.data)

.data           0x0000000020000000        0x0 load address 0x0000000008000b44
                0x0000000020000000                . = ALIGN (0x4)
                0x0000000020000000                _sdata = .
 *(.data)
 *(.data*)
                0x0000000020000000                . = ALIGN (0x4)
                0x0000000020000000                _edata = .

.igot.plt       0x0000000020000000        0x0 load address 0x0000000008000b44
 .igot.plt      0x0000000020000000        0x0 c:/st/stm32cubeide_1.4.0/stm32cubeide/plugins/com.st.stm32cube.ide.mcu.externaltools.gnu-tools-for-stm32.7-2018-q2-update.win32_1.4.0.202007081208/tools/bin/../lib/gcc/arm-none-eabi/7.3.1/thumb/v7-m/crtbegin.o
                0x0000000020000000                . = ALIGN (0x4)

.bss            0x0000000020000000       0x68 load address 0x0000000008000b44
                0x0000000020000000                _sbss = .
                0x0000000020000000                __bss_start__ = _sbss
 *(.bss)
 .bss           0x0000000020000000       0x1c c:/st/stm32cubeide_1.4.0/stm32cubeide/plugins/com.st.stm32cube.ide.mcu.externaltools.gnu-tools-for-stm32.7-2018-q2-update.win32_1.4.0.202007081208/tools/bin/../lib/gcc/arm-none-eabi/7.3.1/thumb/v7-m/crtbegin.o
 *(.bss*)
 .bss.Global_USART_Config
                0x000000002000001c        0xc STM32F103C6_Drivers/STM32F103C6_USART_driver.o
                0x000000002000001c                Global_USART_Config
 *(COMMON)
 COMMON         0x0000000020000028       0x3c STM32F103C6_Drivers/STM32F103C6_EXTI_driver.o
                0x0000000020000028                Gp_IRQ_Callback
 COMMON         0x0000000020000064        0x1 Src/main.o
                0x0000000020000064                ch
                0x0000000020000068                . = ALIGN (0x4)
 *fill*         0x0000000020000065        0x3 
                0x0000000020000068                _ebss = .
                0x0000000020000068                __bss_end__ = _ebss

._user_heap_stack
                0x0000000020000068      0x600 load address 0x0000000008000b44
                0x0000000020000068                . = ALIGN (0x8)
                [!provide]                        PROVIDE (end = .)
                0x0000000020000068                PROVIDE (_end = .)
                0x0000000020000268                . = (. + _Min_Heap_Size)
 *fill*         0x0000000020000068      0x200 
                0x0000000020000668                . = (. + _Min_Stack_Size)
 *fill*         0x0000000020000268      0x400 
                0x0000000020000668                . = ALIGN (0x8)

/DISCARD/
 libc.a(*)
 libm.a(*)
 libgcc.a(*)

.ARM.attributes
                0x0000000000000000       0x29
 *(.ARM.attributes)
 .ARM.attributes
                0x0000000000000000       0x1d c:/st/stm32cubeide_1.4.0/stm32cubeide/plugins/com.st.stm32cube.ide.mcu.externaltools.gnu-tools-for-stm32.7-2018-q2-update.win32_1.4.0.202007081208/tools/bin/../lib/gcc/arm-none-eabi/7.3.1/thumb/v7-m/crti.o
 .ARM.attributes
                0x000000000000001d       0x2d c:/st/stm32cubeide_1.4.0/stm32cubeide/plugins/com.st.stm32cube.ide.mcu.externaltools.gnu-tools-for-stm32.7-2018-q2-update.win32_1.4.0.202007081208/tools/bin/../lib/gcc/arm-none-eabi/7.3.1/thumb/v7-m/crtbegin.o
 .ARM.attributes
                0x000000000000004a       0x33 STM32F103C6_Drivers/STM32F103C6_EXTI_driver.o
 .ARM.attributes
                0x000000000000007d       0x33 STM32F103C6_Drivers/STM32F103C6_GPIO_driver.o
 .ARM.attributes
                0x00000000000000b0       0x33 STM32F103C6_Drivers/STM32F103C6_RCC_driver.o
 .ARM.attributes
                0x00000000000000e3       0x33 STM32F103C6_Drivers/STM32F103C6_USART_driver.o
 .ARM.attributes
                0x0000000000000116       0x33 Src/main.o
 .ARM.attributes
                0x0000000000000149       0x21 Startup/startup_stm32f103c6tx.o
 .ARM.attributes
                0x000000000000016a       0x2d c:/st/stm32cubeide_1.4.0/stm32cubeide/plugins/com.st.stm32cube.ide.mcu.externaltools.gnu-tools-for-stm32.7-2018-q2-update.win32_1.4.0.202007081208/tools/bin/../lib/gcc/arm-none-eabi/7.3.1/../../../../arm-none-eabi/lib/thumb/v7-m\libc_nano.a(lib_a-init.o)
 .ARM.attributes
                0x0000000000000197       0x1d c:/st/stm32cubeide_1.4.0/stm32cubeide/plugins/com.st.stm32cube.ide.mcu.externaltools.gnu-tools-for-stm32.7-2018-q2-update.win32_1.4.0.202007081208/tools/bin/../lib/gcc/arm-none-eabi/7.3.1/thumb/v7-m/crtn.o
OUTPUT(unit8_lesson3_drivers_UART.elf elf32-littlearm)

.debug_info     0x0000000000000000     0x407f
 .debug_info    0x0000000000000000      0xded STM32F103C6_Drivers/STM32F103C6_EXTI_driver.o
 .debug_info    0x0000000000000ded      0xd58 STM32F103C6_Drivers/STM32F103C6_GPIO_driver.o
 .debug_info    0x0000000000001b45      0xb09 STM32F103C6_Drivers/STM32F103C6_RCC_driver.o
 .debug_info    0x000000000000264e      0xe30 STM32F103C6_Drivers/STM32F103C6_USART_driver.o
 .debug_info    0x000000000000347e      0xbdf Src/main.o
 .debug_info    0x000000000000405d       0x22 Startup/startup_stm32f103c6tx.o

.debug_abbrev   0x0000000000000000      0xa14
 .debug_abbrev  0x0000000000000000      0x238 STM32F103C6_Drivers/STM32F103C6_EXTI_driver.o
 .debug_abbrev  0x0000000000000238      0x230 STM32F103C6_Drivers/STM32F103C6_GPIO_driver.o
 .debug_abbrev  0x0000000000000468      0x19b STM32F103C6_Drivers/STM32F103C6_RCC_driver.o
 .debug_abbrev  0x0000000000000603      0x212 STM32F103C6_Drivers/STM32F103C6_USART_driver.o
 .debug_abbrev  0x0000000000000815      0x1ed Src/main.o
 .debug_abbrev  0x0000000000000a02       0x12 Startup/startup_stm32f103c6tx.o

.debug_loc      0x0000000000000000      0xa9c
 .debug_loc     0x0000000000000000      0x320 STM32F103C6_Drivers/STM32F103C6_EXTI_driver.o
 .debug_loc     0x0000000000000320      0x330 STM32F103C6_Drivers/STM32F103C6_GPIO_driver.o
 .debug_loc     0x0000000000000650       0xc8 STM32F103C6_Drivers/STM32F103C6_RCC_driver.o
 .debug_loc     0x0000000000000718      0x2dc STM32F103C6_Drivers/STM32F103C6_USART_driver.o
 .debug_loc     0x00000000000009f4       0xa8 Src/main.o

.debug_aranges  0x0000000000000000      0x1d0
 .debug_aranges
                0x0000000000000000       0x80 STM32F103C6_Drivers/STM32F103C6_EXTI_driver.o
 .debug_aranges
                0x0000000000000080       0x60 STM32F103C6_Drivers/STM32F103C6_GPIO_driver.o
 .debug_aranges
                0x00000000000000e0       0x38 STM32F103C6_Drivers/STM32F103C6_RCC_driver.o
 .debug_aranges
                0x0000000000000118       0x60 STM32F103C6_Drivers/STM32F103C6_USART_driver.o
 .debug_aranges
                0x0000000000000178       0x30 Src/main.o
 .debug_aranges
                0x00000000000001a8       0x28 Startup/startup_stm32f103c6tx.o

.debug_ranges   0x0000000000000000      0x178
 .debug_ranges  0x0000000000000000       0x70 STM32F103C6_Drivers/STM32F103C6_EXTI_driver.o
 .debug_ranges  0x0000000000000070       0x50 STM32F103C6_Drivers/STM32F103C6_GPIO_driver.o
 .debug_ranges  0x00000000000000c0       0x28 STM32F103C6_Drivers/STM32F103C6_RCC_driver.o
 .debug_ranges  0x00000000000000e8       0x50 STM32F103C6_Drivers/STM32F103C6_USART_driver.o
 .debug_ranges  0x0000000000000138       0x20 Src/main.o
 .debug_ranges  0x0000000000000158       0x20 Startup/startup_stm32f103c6tx.o

.debug_macro    0x0000000000000000      0xaf3
 .debug_macro   0x0000000000000000      0x152 STM32F103C6_Drivers/STM32F103C6_EXTI_driver.o
 .debug_macro   0x0000000000000152       0xd6 STM32F103C6_Drivers/STM32F103C6_EXTI_driver.o
 .debug_macro   0x0000000000000228      0x21b STM32F103C6_Drivers/STM32F103C6_EXTI_driver.o
 .debug_macro   0x0000000000000443      0x13f STM32F103C6_Drivers/STM32F103C6_GPIO_driver.o
 .debug_macro   0x0000000000000582      0x13f STM32F103C6_Drivers/STM32F103C6_RCC_driver.o
 .debug_macro   0x00000000000006c1       0x10 STM32F103C6_Drivers/STM32F103C6_RCC_driver.o
 .debug_macro   0x00000000000006d1      0x15b STM32F103C6_Drivers/STM32F103C6_USART_driver.o
 .debug_macro   0x000000000000082c       0x16 STM32F103C6_Drivers/STM32F103C6_USART_driver.o
 .debug_macro   0x0000000000000842       0xe2 STM32F103C6_Drivers/STM32F103C6_USART_driver.o
 .debug_macro   0x0000000000000924      0x189 Src/main.o
 .debug_macro   0x0000000000000aad       0x46 Src/main.o

.debug_line     0x0000000000000000     0x20e5
 .debug_line    0x0000000000000000      0x73b STM32F103C6_Drivers/STM32F103C6_EXTI_driver.o
 .debug_line    0x000000000000073b      0x691 STM32F103C6_Drivers/STM32F103C6_GPIO_driver.o
 .debug_line    0x0000000000000dcc      0x5a6 STM32F103C6_Drivers/STM32F103C6_RCC_driver.o
 .debug_line    0x0000000000001372      0x6c8 STM32F103C6_Drivers/STM32F103C6_USART_driver.o
 .debug_line    0x0000000000001a3a      0x627 Src/main.o
 .debug_line    0x0000000000002061       0x84 Startup/startup_stm32f103c6tx.o

.debug_str      0x0000000000000000     0xa052
 .debug_str     0x0000000000000000     0x923f STM32F103C6_Drivers/STM32F103C6_EXTI_driver.o
                                       0x94a7 (size before relaxing)
 .debug_str     0x000000000000923f      0x162 STM32F103C6_Drivers/STM32F103C6_GPIO_driver.o
                                       0x80ce (size before relaxing)
 .debug_str     0x00000000000093a1      0x104 STM32F103C6_Drivers/STM32F103C6_RCC_driver.o
                                       0x7c40 (size before relaxing)
 .debug_str     0x00000000000094a5      0x82d STM32F103C6_Drivers/STM32F103C6_USART_driver.o
                                       0x8830 (size before relaxing)
 .debug_str     0x0000000000009cd2      0x34f Src/main.o
                                       0x9ca1 (size before relaxing)
 .debug_str     0x000000000000a021       0x31 Startup/startup_stm32f103c6tx.o
                                         0x6c (size before relaxing)

.comment        0x0000000000000000       0x7b
 .comment       0x0000000000000000       0x7b STM32F103C6_Drivers/STM32F103C6_EXTI_driver.o
                                         0x7c (size before relaxing)
 .comment       0x000000000000007b       0x7c STM32F103C6_Drivers/STM32F103C6_GPIO_driver.o
 .comment       0x000000000000007b       0x7c STM32F103C6_Drivers/STM32F103C6_RCC_driver.o
 .comment       0x000000000000007b       0x7c STM32F103C6_Drivers/STM32F103C6_USART_driver.o
 .comment       0x000000000000007b       0x7c Src/main.o

.debug_frame    0x0000000000000000      0x598
 .debug_frame   0x0000000000000000      0x1b0 STM32F103C6_Drivers/STM32F103C6_EXTI_driver.o
 .debug_frame   0x00000000000001b0      0x174 STM32F103C6_Drivers/STM32F103C6_GPIO_driver.o
 .debug_frame   0x0000000000000324       0x84 STM32F103C6_Drivers/STM32F103C6_RCC_driver.o
 .debug_frame   0x00000000000003a8      0x158 STM32F103C6_Drivers/STM32F103C6_USART_driver.o
 .debug_frame   0x0000000000000500       0x6c Src/main.o
 .debug_frame   0x000000000000056c       0x2c c:/st/stm32cubeide_1.4.0/stm32cubeide/plugins/com.st.stm32cube.ide.mcu.externaltools.gnu-tools-for-stm32.7-2018-q2-update.win32_1.4.0.202007081208/tools/bin/../lib/gcc/arm-none-eabi/7.3.1/../../../../arm-none-eabi/lib/thumb/v7-m\libc_nano.a(lib_a-init.o)
