STM32F103C6_EXTI_driver.c:12:6:EXTI_UPDATE	24	static
STM32F103C6_EXTI_driver.c:75:6:MCAL_EXTI_GPIO_Init	16	static
STM32F103C6_EXTI_driver.c:81:6:MCAL_EXTI_GPIO_Update	16	static
STM32F103C6_EXTI_driver.c:85:6:MCAL_EXTI_GPIO_DeInit	4	static
STM32F103C6_EXTI_driver.c:108:6:enable_NVIC	16	static
STM32F103C6_EXTI_driver.c:151:6:disable_NVIC	16	static
STM32F103C6_EXTI_driver.c:197:6:EXTI0_IRQHandler	8	static
STM32F103C6_EXTI_driver.c:203:6:EXTI1_IRQHandler	8	static
STM32F103C6_EXTI_driver.c:209:6:EXTI2_IRQHandler	8	static
STM32F103C6_EXTI_driver.c:215:6:EXTI3_IRQHandler	8	static
STM32F103C6_EXTI_driver.c:221:6:EXTI4_IRQHandler	8	static
STM32F103C6_EXTI_driver.c:228:6:EXTI9_5_IRQHandler	8	static
STM32F103C6_EXTI_driver.c:236:6:EXTI15_10_IRQHandler	8	static
