STM32F103C6_USART_driver.c:21:6:MCAL_USART_Init	24	static
STM32F103C6_USART_driver.c:106:6:MCAL_USART_DeInit	16	static
STM32F103C6_USART_driver.c:124:6:MCAL_USART_Send_Data	32	static
STM32F103C6_USART_driver.c:149:6:MCAL_USART_Receive_Data	32	static
STM32F103C6_USART_driver.c:195:6:MCAL_USART_Wait_TC	16	static
STM32F103C6_USART_driver.c:201:6:MCAL_USART_GPIO_Set_Pins	24	static
STM32F103C6_USART_driver.c:335:6:USART1_IRQHandler	8	static
STM32F103C6_USART_driver.c:341:6:USART2_IRQHandler	8	static
STM32F103C6_USART_driver.c:347:6:USART3_IRQHandler	8	static
